Archive member included to satisfy reference by file (symbol)

/n64_toolchain/lib/gcc/mips64-elf/14.2.0/../../../../mips64-elf/lib/libdragon.a(n64sys.o)
                              build/draw.o (data_cache_hit_writeback)
/n64_toolchain/lib/gcc/mips64-elf/14.2.0/../../../../mips64-elf/lib/libdragon.a(interrupt.o)
                              /n64_toolchain/lib/gcc/mips64-elf/14.2.0/../../../../mips64-elf/lib/libdragon.a(n64sys.o) (disable_interrupts)
/n64_toolchain/lib/gcc/mips64-elf/14.2.0/../../../../mips64-elf/lib/libdragon.a(entrypoint.o)
                              (_start)
/n64_toolchain/lib/gcc/mips64-elf/14.2.0/../../../../mips64-elf/lib/libdragon.a(debug.o)
                              build/draw.o (debug_assert_func_f)
/n64_toolchain/lib/gcc/mips64-elf/14.2.0/../../../../mips64-elf/lib/libdragon.a(usb.o)
                              /n64_toolchain/lib/gcc/mips64-elf/14.2.0/../../../../mips64-elf/lib/libdragon.a(debug.o) (usb_write)
/n64_toolchain/lib/gcc/mips64-elf/14.2.0/../../../../mips64-elf/lib/libdragon.a(cart.o)
                              /n64_toolchain/lib/gcc/mips64-elf/14.2.0/../../../../mips64-elf/lib/libdragon.a(debug.o) (cart_init)
/n64_toolchain/lib/gcc/mips64-elf/14.2.0/../../../../mips64-elf/lib/libdragon.a(ff.o)
                              /n64_toolchain/lib/gcc/mips64-elf/14.2.0/../../../../mips64-elf/lib/libdragon.a(debug.o) (f_mount)
/n64_toolchain/lib/gcc/mips64-elf/14.2.0/../../../../mips64-elf/lib/libdragon.a(ffunicode.o)
                              /n64_toolchain/lib/gcc/mips64-elf/14.2.0/../../../../mips64-elf/lib/libdragon.a(ff.o) (ff_uni2oem)
/n64_toolchain/lib/gcc/mips64-elf/14.2.0/../../../../mips64-elf/lib/libdragon.a(dragonfs.o)
                              build/main.o (dfs_init)
/n64_toolchain/lib/gcc/mips64-elf/14.2.0/../../../../mips64-elf/lib/libdragon.a(audio.o)
                              build/main.o (audio_init)
/n64_toolchain/lib/gcc/mips64-elf/14.2.0/../../../../mips64-elf/lib/libdragon.a(display.o)
                              build/main.o (display_init)
/n64_toolchain/lib/gcc/mips64-elf/14.2.0/../../../../mips64-elf/lib/libdragon.a(surface.o)
                              /n64_toolchain/lib/gcc/mips64-elf/14.2.0/../../../../mips64-elf/lib/libdragon.a(display.o) (surface_alloc)
/n64_toolchain/lib/gcc/mips64-elf/14.2.0/../../../../mips64-elf/lib/libdragon.a(graphics.o)
                              build/main.o (graphics_make_color)
/n64_toolchain/lib/gcc/mips64-elf/14.2.0/../../../../mips64-elf/lib/libdragon.a(rsp.o)
                              /n64_toolchain/lib/gcc/mips64-elf/14.2.0/../../../../mips64-elf/lib/libdragon.a(display.o) (__rsp_crash)
/n64_toolchain/lib/gcc/mips64-elf/14.2.0/../../../../mips64-elf/lib/libdragon.a(rsp_crash.o)
                              /n64_toolchain/lib/gcc/mips64-elf/14.2.0/../../../../mips64-elf/lib/libdragon.a(rsp.o) (rsp_crash_data_start)
/n64_toolchain/lib/gcc/mips64-elf/14.2.0/../../../../mips64-elf/lib/libdragon.a(inspector.o)
                              /n64_toolchain/lib/gcc/mips64-elf/14.2.0/../../../../mips64-elf/lib/libdragon.a(debug.o) (__inspector_assertion)
/n64_toolchain/lib/gcc/mips64-elf/14.2.0/../../../../mips64-elf/lib/libdragon.a(sprite.o)
                              /n64_toolchain/lib/gcc/mips64-elf/14.2.0/../../../../mips64-elf/lib/libdragon.a(graphics.o) (__sprite_upgrade)
/n64_toolchain/lib/gcc/mips64-elf/14.2.0/../../../../mips64-elf/lib/libdragon.a(dma.o)
                              /n64_toolchain/lib/gcc/mips64-elf/14.2.0/../../../../mips64-elf/lib/libdragon.a(debug.o) (io_accessible)
/n64_toolchain/lib/gcc/mips64-elf/14.2.0/../../../../mips64-elf/lib/libdragon.a(exception.o)
                              /n64_toolchain/lib/gcc/mips64-elf/14.2.0/../../../../mips64-elf/lib/libdragon.a(inspector.o) (__exception_dump_header)
/n64_toolchain/lib/gcc/mips64-elf/14.2.0/../../../../mips64-elf/lib/libdragon.a(do_ctors.o)
                              /n64_toolchain/lib/gcc/mips64-elf/14.2.0/../../../../mips64-elf/lib/libdragon.a(entrypoint.o) (__wrap___do_global_ctors)
/n64_toolchain/lib/gcc/mips64-elf/14.2.0/../../../../mips64-elf/lib/libdragon.a(dlfcn.o)
                              /n64_toolchain/lib/gcc/mips64-elf/14.2.0/../../../../mips64-elf/lib/libdragon.a(inspector.o) (__dl_list_head)
/n64_toolchain/lib/gcc/mips64-elf/14.2.0/../../../../mips64-elf/lib/libdragon.a(mixer.o)
                              build/main.o (mixer_ch_set_vol)
/n64_toolchain/lib/gcc/mips64-elf/14.2.0/../../../../mips64-elf/lib/libdragon.a(samplebuffer.o)
                              /n64_toolchain/lib/gcc/mips64-elf/14.2.0/../../../../mips64-elf/lib/libdragon.a(mixer.o) (samplebuffer_init)
/n64_toolchain/lib/gcc/mips64-elf/14.2.0/../../../../mips64-elf/lib/libdragon.a(rsp_mixer.o)
                              /n64_toolchain/lib/gcc/mips64-elf/14.2.0/../../../../mips64-elf/lib/libdragon.a(mixer.o) (rsp_mixer_data_start)
[...]
Memory Configuration

Name             Origin             Length             Attributes
*default*        0x00000000         0xffffffff

Linker script and memory map

LOAD /n64_toolchain/lib/gcc/mips64-elf/14.2.0/crti.o
LOAD /n64_toolchain/lib/gcc/mips64-elf/14.2.0/crtbegin.o
LOAD build/main.o
LOAD build/game.o
LOAD build/draw.o
LOAD build/maps.o
LOAD /n64_toolchain/lib/gcc/mips64-elf/14.2.0/../../../../mips64-elf/lib/libdragon.a
LOAD /n64_toolchain/lib/gcc/mips64-elf/14.2.0/../../../../mips64-elf/lib/libm.a
LOAD /n64_toolchain/lib/gcc/mips64-elf/14.2.0/../../../../mips64-elf/lib/libdragonsys.a

.intvectors     0x80000000      0x188
                0x80000000                        . = ALIGN (0x20)
 *(.intvectors)
 .intvectors    0x80000000      0x188 /n64_toolchain/lib/gcc/mips64-elf/14.2.0/../../../../mips64-elf/lib/libdragon.a(inthandler.o)
                0x80000188                        __intvectors_end = .

.text           0x80000400    0x2f7d0
                0x80000400                        __text_start = .
 *(.boot)
 .boot          0x80000400       0x68 /n64_toolchain/lib/gcc/mips64-elf/14.2.0/../../../../mips64-elf/lib/libdragon.a(entrypoint.o)
                0x80000400                _start
                0x80000470                        . = ALIGN (0x10)
 *fill*         0x80000468        0x8 
 *(.text)
 *fill*         0x80000470       0x10 
 .text          0x80000480      0x380 /n64_toolchain/lib/gcc/mips64-elf/14.2.0/../../../../mips64-elf/lib/libdragon.a(inthandler.o)
                0x80000480                inthandler
                0x80000800                inthandler_end
 .text          0x80000800      0x110 /n64_toolchain/lib/gcc/mips64-elf/14.2.0/../../../../mips64-elf/lib/libm.a(libm_a-sf_ceil.o)
                0x80000800                ceilf
 .text          0x80000910      0x110 /n64_toolchain/lib/gcc/mips64-elf/14.2.0/../../../../mips64-elf/lib/libm.a(libm_a-sf_floor.o)
                0x80000910                floorf
 .text          0x80000a20       0xe8 /n64_toolchain/lib/gcc/mips64-elf/14.2.0/../../../../mips64-elf/lib/libm.a(libm_a-sf_cos.o)
                0x80000a20                cosf
 .text          0x80000b08        0x8 /n64_toolchain/lib/gcc/mips64-elf/14.2.0/../../../../mips64-elf/lib/libm.a(libm_a-wf_atan2.o)
                0x80000b08                atan2f
 .text          0x80000b10      0x190 /n64_toolchain/lib/gcc/mips64-elf/14.2.0/../../../../mips64-elf/lib/libm.a(libm_a-kf_cos.o)
                0x80000b10                __kernel_cosf
 .text          0x80000ca0       0xe8 /n64_toolchain/lib/gcc/mips64-elf/14.2.0/../../../../mips64-elf/lib/libm.a(libm_a-sf_sin.o)
                0x80000ca0                sinf
 .text          0x80000d88      0x1c0 /n64_toolchain/lib/gcc/mips64-elf/14.2.0/../../../../mips64-elf/lib/libm.a(libm_a-s_floor.o)
                0x80000d88                floor
 .text          0x80000f48      0x218 /n64_toolchain/lib/gcc/mips64-elf/14.2.0/../../../../mips64-elf/lib/libm.a(libm_a-ef_atan2.o)
                0x80000f48                __ieee754_atan2f
 .text          0x80001160      0x2b8 /n64_toolchain/lib/gcc/mips64-elf/14.2.0/../../../../mips64-elf/lib/libm.a(libm_a-sf_atan.o)
                0x80001160                atanf
 .text          0x80001418       0xd0 /n64_toolchain/lib/gcc/mips64-elf/14.2.0/../../../../mips64-elf/lib/libm.a(libm_a-kf_sin.o)
                0x80001418                __kernel_sinf
 .text          0x800014e8      0x370 /n64_toolchain/lib/gcc/mips64-elf/14.2.0/../../../../mips64-elf/lib/libm.a(libm_a-ef_rem_pio2.o)
                0x800014e8                __ieee754_rem_pio2f
 .text          0x80001858       0x20 /n64_toolchain/lib/gcc/mips64-elf/14.2.0/../../../../mips64-elf/lib/libm.a(libm_a-sf_fabs.o)
                0x80001858                fabsf
 .text          0x80001878      0x9a0 /n64_toolchain/lib/gcc/mips64-elf/14.2.0/../../../../mips64-elf/lib/libm.a(libm_a-kf_rem_pio2.o)
                0x80001878                __kernel_rem_pio2f
 .text          0x80002218      0x188 /n64_toolchain/lib/gcc/mips64-elf/14.2.0/../../../../mips64-elf/lib/libm.a(libm_a-sf_scalbn.o)
                0x80002218                scalbnf
 .text          0x800023a0       0x58 /n64_toolchain/lib/gcc/mips64-elf/14.2.0/../../../../mips64-elf/lib/libc.a(libc_a-rand.o)
                0x800023a0                srand
                0x800023b8                rand
 .text          0x800023f8     0x2a08 /n64_toolchain/lib/gcc/mips64-elf/14.2.0/../../../../mips64-elf/lib/libc.a(libc_a-vfprintf.o)
                0x800023f8                _vfprintf_r
                0x80004ce8                vfprintf
 .text          0x80004e00      0x11c /n64_toolchain/lib/gcc/mips64-elf/14.2.0/../../../../mips64-elf/lib/libc.a(libc_a-memset.o)
                0x80004e00                memset
 *fill*         0x80004f1c        0x4 
 .text          0x80004f20      0x188 /n64_toolchain/lib/gcc/mips64-elf/14.2.0/../../../../mips64-elf/lib/libc.a(libc_a-strchr.o)
                0x80004f20                strchr
 .text          0x800050a8     0x2718 /n64_toolchain/lib/gcc/mips64-elf/14.2.0/../../../../mips64-elf/lib/libc.a(libc_a-svfprintf.o)
                0x800050a8                _svfprintf_r
 .text          0x800077c0      0xbb8 /n64_toolchain/lib/gcc/mips64-elf/14.2.0/../../../../mips64-elf/lib/libc.a(libc_a-strstr.o)
                0x80008078                strstr
 .text          0x80008378       0x30 /n64_toolchain/lib/gcc/mips64-elf/14.2.0/../../../../mips64-elf/lib/libc.a(libc_a-vprintf.o)
                0x80008378                vprintf
                0x80008390                _vprintf_r
 .text          0x800083a8       0x50 /n64_toolchain/lib/gcc/mips64-elf/14.2.0/../../../../mips64-elf/lib/libc.a(libc_a-lock.o)
                0x800083a8                __retarget_lock_init
                0x800083b0                __retarget_lock_init_recursive
                0x800083b8                __retarget_lock_close
                0x800083c0                __retarget_lock_close_recursive
                0x800083c8                __retarget_lock_acquire
                0x800083d0                __retarget_lock_acquire_recursive
                0x800083d8                __retarget_lock_try_acquire
                0x800083e0                __retarget_lock_try_acquire_recursive
                0x800083e8                __retarget_lock_release
                0x800083f0                __retarget_lock_release_recursive
 .text          0x800083f8      0x458 /n64_toolchain/lib/gcc/mips64-elf/14.2.0/../../../../mips64-elf/lib/libc.a(libc_a-fflush.o)
                0x800083f8                __sflush_r
                0x80008650                _fflush_r
                0x80008758                fflush
 .text          0x80008850       0xc8 /n64_toolchain/lib/gcc/mips64-elf/14.2.0/../../../../mips64-elf/lib/libc.a(libc_a-strncmp.o)
                0x80008850                strncmp
 .text          0x80008918      0x168 /n64_toolchain/lib/gcc/mips64-elf/14.2.0/../../../../mips64-elf/lib/libc.a(libc_a-memmove.o)
                0x80008918                memmove
 .text          0x80008a80       0x18 /n64_toolchain/lib/gcc/mips64-elf/14.2.0/../../../../mips64-elf/lib/libc.a(libc_a-calloc.o)
                0x80008a80                calloc
 .text          0x80008a98        0x8 /n64_toolchain/lib/gcc/mips64-elf/14.2.0/../../../../mips64-elf/lib/libc.a(libc_a-errno.o)
                0x80008a98                __errno
 .text          0x80008aa0      0x240 /n64_toolchain/lib/gcc/mips64-elf/14.2.0/../../../../mips64-elf/lib/libc.a(libc_a-strcmp.o)
                0x80008aa0                strcmp
 .text          0x80008ce0       0x18 /n64_toolchain/lib/gcc/mips64-elf/14.2.0/../../../../mips64-elf/lib/libc.a(libc_a-abort.o)
                0x80008ce0                abort
 .text          0x80008cf8      0x120 /n64_toolchain/lib/gcc/mips64-elf/14.2.0/../../../../mips64-elf/lib/libc.a(libc_a-callocr.o)
                0x80008cf8                _calloc_r
 .text          0x80008e18      0x190 /n64_toolchain/lib/gcc/mips64-elf/14.2.0/../../../../mips64-elf/lib/libc.a(libc_a-fputc.o)
                0x80008e18                _fputc_r
                0x80008ee0                fputc
 .text          0x80008fa8       0x18 /n64_toolchain/lib/gcc/mips64-elf/14.2.0/../../../../mips64-elf/lib/libc.a(libc_a-realloc.o)
                0x80008fa8                realloc
 .text          0x80008fc0      0x8c8 /n64_toolchain/lib/gcc/mips64-elf/14.2.0/../../../../mips64-elf/lib/libc.a(libc_a-mallocr.o)
                0x80008fc0                _malloc_r
 .text          0x80009888       0x20 /n64_toolchain/lib/gcc/mips64-elf/14.2.0/../../../../mips64-elf/lib/libc.a(libc_a-putchar.o)
                0x80009888                _putchar_r
                0x80009890                putchar
 .text          0x800098a8       0x98 /n64_toolchain/lib/gcc/mips64-elf/14.2.0/../../../../mips64-elf/lib/libc.a(libc_a-strcat.o)
                0x800098a8                strcat
 .text          0x80009940     0x1810 /n64_toolchain/lib/gcc/mips64-elf/14.2.0/../../../../mips64-elf/lib/libc.a(libc_a-dtoa.o)
                0x80009b90                _dtoa_r
 .text          0x8000b150      0x1e0 /n64_toolchain/lib/gcc/mips64-elf/14.2.0/../../../../mips64-elf/lib/libc.a(libc_a-wsetup.o)
                0x8000b150                __swsetup_r
 .text          0x8000b330      0x470 /n64_toolchain/lib/gcc/mips64-elf/14.2.0/../../../../mips64-elf/lib/libc.a(libc_a-freer.o)
                0x8000b330                _malloc_trim_r
                0x8000b470                _free_r
 .text          0x8000b7a0       0x80 /n64_toolchain/lib/gcc/mips64-elf/14.2.0/../../../../mips64-elf/lib/libc.a(libc_a-memcmp.o)
                0x8000b7a0                memcmp
 .text          0x8000b820       0x70 /n64_toolchain/lib/gcc/mips64-elf/14.2.0/../../../../mips64-elf/lib/libc.a(libc_a-strrchr.o)
                0x8000b820                strrchr
 .text          0x8000b890      0x1c8 /n64_toolchain/lib/gcc/mips64-elf/14.2.0/../../../../mips64-elf/lib/libc.a(libc_a-snprintf.o)
                0x8000b890                _snprintf_r
                0x8000b970                snprintf
 .text          0x8000ba58       0xa8 /n64_toolchain/lib/gcc/mips64-elf/14.2.0/../../../../mips64-elf/lib/libc.a(libc_a-strcpy.o)
                0x8000ba58                strcpy
 .text          0x8000bb00       0x20 /n64_toolchain/lib/gcc/mips64-elf/14.2.0/../../../../mips64-elf/lib/libc.a(libc_a-malloc.o)
                0x8000bb00                malloc
                0x8000bb10                free
 .text          0x8000bb20      0x240 /n64_toolchain/lib/gcc/mips64-elf/14.2.0/../../../../mips64-elf/lib/libc.a(libc_a-putc.o)
                0x8000bb20                _putc_r
                0x8000bc30                putc
 .text          0x8000bd60      0x190 /n64_toolchain/lib/gcc/mips64-elf/14.2.0/../../../../mips64-elf/lib/libc.a(libc_a-stdio.o)
                0x8000bd60                __sread
                0x8000bdb8                __seofread
                0x8000bdc0                __swrite
                0x8000be80                __sseek
                0x8000bee8                __sclose
 .text          0x8000bef0       0x68 /n64_toolchain/lib/gcc/mips64-elf/14.2.0/../../../../mips64-elf/lib/libc.a(libc_a-fprintf.o)
                0x8000bef0                _fprintf_r
                0x8000bf18                fprintf
 .text          0x8000bf58       0x18 /n64_toolchain/lib/gcc/mips64-elf/14.2.0/../../../../mips64-elf/lib/libc.a(libc_a-strlen.o)
                0x8000bf58                strlen
 .text          0x8000bf70      0x1d0 /n64_toolchain/lib/gcc/mips64-elf/14.2.0/../../../../mips64-elf/lib/libc.a(libc_a-wbuf.o)
                0x8000bf70                __swbuf_r
                0x8000c128                __swbuf
 .text          0x8000c140      0x600 /n64_toolchain/lib/gcc/mips64-elf/14.2.0/../../../../mips64-elf/lib/libc.a(libc_a-reallocr.o)
                0x8000c140                _realloc_r
 .text          0x8000c740       0x60 /n64_toolchain/lib/gcc/mips64-elf/14.2.0/../../../../mips64-elf/lib/libc.a(libc_a-writer.o)
                0x8000c740                _write_r
 .text          0x8000c7a0      0x460 /n64_toolchain/lib/gcc/mips64-elf/14.2.0/../../../../mips64-elf/lib/libc.a(libc_a-strerror.o)
                0x8000c7a0                _strerror_r
                0x8000cbd0                strerror
                0x8000cbe8                strerror_l
 .text          0x8000cc00      0x250 /n64_toolchain/lib/gcc/mips64-elf/14.2.0/../../../../mips64-elf/lib/libc.a(libc_a-fwrite.o)
                0x8000cc00                _fwrite_r
                0x8000ce20                fwrite
 .text          0x8000ce50       0x20 /n64_toolchain/lib/gcc/mips64-elf/14.2.0/../../../../mips64-elf/lib/libc.a(libc_a-mlock.o)
                0x8000ce50                __malloc_lock
                0x8000ce60                __malloc_unlock
 .text          0x8000ce70      0x510 /n64_toolchain/lib/gcc/mips64-elf/14.2.0/../../../../mips64-elf/lib/libc.a(libc_a-findfp.o)
                0x8000d108                __sfp
                0x8000d278                __sinit
                0x8000d2f0                __sfp_lock_acquire
                0x8000d300                __sfp_lock_release
                0x8000d310                __fp_lock_all
                0x8000d348                __fp_unlock_all
 .text          0x8000d380      0x1a8 /n64_toolchain/lib/gcc/mips64-elf/14.2.0/../../../../mips64-elf/lib/libc.a(libc_a-puts.o)
                0x8000d380                _puts_r
                0x8000d518                puts
 .text          0x8000d528      0x508 /n64_toolchain/lib/gcc/mips64-elf/14.2.0/../../../../mips64-elf/lib/libc.a(libc_a-fvwrite.o)
                0x8000d528                __sfvwrite_r
 .text          0x8000da30       0xf0 /n64_toolchain/lib/gcc/mips64-elf/14.2.0/../../../../mips64-elf/lib/libc.a(libc_a-memchr.o)
                0x8000da30                memchr
 .text          0x8000db20       0xc8 /n64_toolchain/lib/gcc/mips64-elf/14.2.0/../../../../mips64-elf/lib/libc.a(libc_a-ssprint_r.o)
                0x8000db20                __ssprint_r
 .text          0x8000dbe8      0x370 /n64_toolchain/lib/gcc/mips64-elf/14.2.0/../../../../mips64-elf/lib/libc.a(libc_a-memcpy.o)
                0x8000dbe8                memcpy
 .text          0x8000df58       0xe0 /n64_toolchain/lib/gcc/mips64-elf/14.2.0/../../../../mips64-elf/lib/libc.a(libc_a-sprintf.o)
                0x8000df58                _sprintf_r
                0x8000dfc0                sprintf
 .text          0x8000e038       0x40 /n64_toolchain/lib/gcc/mips64-elf/14.2.0/../../../../mips64-elf/lib/libc.a(libc_a-strnlen.o)
                0x8000e038                strnlen
 .text          0x8000e078       0x78 /n64_toolchain/lib/gcc/mips64-elf/14.2.0/../../../../mips64-elf/lib/libc.a(libc_a-printf.o)
                0x8000e078                _printf_r
                0x8000e0b0                printf
 .text          0x8000e0f0       0x50 /n64_toolchain/lib/gcc/mips64-elf/14.2.0/../../../../mips64-elf/lib/libc.a(libc_a-sbrkr.o)
                0x8000e0f0                _sbrk_r
 .text          0x8000e140       0x50 /n64_toolchain/lib/gcc/mips64-elf/14.2.0/../../../../mips64-elf/lib/libc.a(libc_a-closer.o)
                0x8000e140                _close_r
 .text          0x8000e190       0x18 /n64_toolchain/lib/gcc/mips64-elf/14.2.0/../../../../mips64-elf/lib/libc.a(libc_a-malign.o)
                0x8000e190                memalign
 .text          0x8000e1a8      0x598 /n64_toolchain/lib/gcc/mips64-elf/14.2.0/../../../../mips64-elf/lib/libc.a(libc_a-signal.o)
                0x8000e1a8                _init_signal_r
                0x8000e210                _signal_r
                0x8000e2c0                _raise_r
                0x8000e378                __sigtramp_r
                0x8000e468                raise
                0x8000e530                signal
                0x8000e5e8                _init_signal
                0x8000e658                __sigtramp
 .text          0x8000e740       0x40 /n64_toolchain/lib/gcc/mips64-elf/14.2.0/../../../../mips64-elf/lib/libc.a(libc_a-sprint_r.o)
                0x8000e740                __sprint_r
 .text          0x8000e780     0x1480 /n64_toolchain/lib/gcc/mips64-elf/14.2.0/../../../../mips64-elf/lib/libc.a(libc_a-mprec.o)
                0x8000e780                _Balloc
                0x8000e830                _Bfree
                0x8000e860                __multadd
                0x8000e9b8                __s2b
                0x8000eb38                __hi0bits
                0x8000ebe0                __lo0bits
                0x8000ecf8                __i2b
                0x8000edd0                __multiply
                0x8000f058                __pow5mult
                0x8000f1c0                __lshift
                0x8000f378                __mcmp
                0x8000f3e0                __mdiff
                0x8000f658                __ulp
                0x8000f708                __b2d
                0x8000f8a0                __d2b
                0x8000f9f8                __ratio
                0x8000fab8                _mprec_log10
                0x8000faf8                __copybits
                0x8000fb80                __any_on
 .text          0x8000fc00       0xc0 /n64_toolchain/lib/gcc/mips64-elf/14.2.0/../../../../mips64-elf/lib/libc.a(libc_a-fwalk.o)
                0x8000fc00                _fwalk_sglue
 .text          0x8000fcc0       0x28 /n64_toolchain/lib/gcc/mips64-elf/14.2.0/../../../../mips64-elf/lib/libc.a(libc_a-localeconv.o)
                0x8000fcc0                __localeconv_l
                0x8000fcc8                _localeconv_r
                0x8000fcd8                localeconv
 .text          0x8000fce8      0x230 /n64_toolchain/lib/gcc/mips64-elf/14.2.0/../../../../mips64-elf/lib/libc.a(libc_a-makebuf.o)
                0x8000fce8                __smakebuf_r
                0x8000fe68                __swhatbuf_r
 .text          0x8000ff18       0x60 /n64_toolchain/lib/gcc/mips64-elf/14.2.0/../../../../mips64-elf/lib/libc.a(libc_a-signalr.o)
                0x8000ff18                _kill_r
                0x8000ff70                _getpid_r
 .text          0x8000ff78       0x70 /n64_toolchain/lib/gcc/mips64-elf/14.2.0/../../../../mips64-elf/lib/libc.a(libc_a-mbtowc_r.o)
                0x8000ff78                _mbtowc_r
                0x8000ff88                __ascii_mbtowc
 .text          0x8000ffe8        0x8 /n64_toolchain/lib/gcc/mips64-elf/14.2.0/../../../../mips64-elf/lib/libc.a(libc_a-u_strerr.o)
                0x8000ffe8                _user_strerror
 .text          0x8000fff0      0x188 /n64_toolchain/lib/gcc/mips64-elf/14.2.0/../../../../mips64-elf/lib/libc.a(libc_a-ssputs_r.o)
                0x8000fff0                __ssputs_r
 .text          0x80010178       0x60 /n64_toolchain/lib/gcc/mips64-elf/14.2.0/../../../../mips64-elf/lib/libc.a(libc_a-readr.o)
                0x80010178                _read_r
 .text          0x800101d8      0x200 /n64_toolchain/lib/gcc/mips64-elf/14.2.0/../../../../mips64-elf/lib/libc.a(libc_a-malignr.o)
                0x800101d8                _memalign_r
 .text          0x800103d8      0x1b0 /n64_toolchain/lib/gcc/mips64-elf/14.2.0/../../../../mips64-elf/lib/libc.a(libc_a-fclose.o)
                0x800103d8                _fclose_r
                0x80010578                fclose
 .text          0x80010588       0x48 /n64_toolchain/lib/gcc/mips64-elf/14.2.0/../../../../mips64-elf/lib/libc.a(libc_a-wctomb_r.o)
                0x80010588                _wctomb_r
                0x80010598                __ascii_wctomb
 .text          0x800105d0       0x60 /n64_toolchain/lib/gcc/mips64-elf/14.2.0/../../../../mips64-elf/lib/libc.a(libc_a-lseekr.o)
                0x800105d0                _lseek_r
 .text          0x80010630       0x58 /n64_toolchain/lib/gcc/mips64-elf/14.2.0/../../../../mips64-elf/lib/libc.a(libc_a-fstatr.o)
                0x80010630                _fstat_r
 .text          0x80010688       0x50 /n64_toolchain/lib/gcc/mips64-elf/14.2.0/../../../../mips64-elf/lib/libc.a(libc_a-isattyr.o)
                0x80010688                _isatty_r
 *(.text.*)
 *fill*         0x800106d8        0x8 
 .text.get_vp   0x800106e0      0x100 build/main.o
 .text.startup.main
                0x800107e0     0x1c40 build/main.o
                0x800107e0                main
 .text.spawn_one_powerup
                0x80012420      0x240 build/game.o
 .text.move_at_angle
                0x80012660      0x1e0 build/game.o
 .text.fire_one_bullet
                0x80012840       0xe0 build/game.o
 .text.init_players
                0x80012920      0x140 build/game.o
                0x80012920                init_players
 .text.fire_bullet
                0x80012a60       0xc0 build/game.o
                0x80012a60                fire_bullet
 .text.update_bullets
                0x80012b20      0x4a0 build/game.o
                0x80012b20                update_bullets
 .text.update_player
                0x80012fc0      0x600 build/game.o
                0x80012fc0                update_player
 .text.respawn_player
                0x800135c0       0x60 build/game.o
                0x800135c0                respawn_player
 .text.update_powerups
                0x80013620      0x180 build/game.o
                0x80013620                update_powerups
 .text.update_deer
                0x800137a0      0x1a0 build/game.o
                0x800137a0                update_deer
 .text.fix_sprite_colorkey
                0x80013940       0xe0 build/draw.o
                0x80013940                fix_sprite_colorkey
 .text.billboard_create
                0x80013a20      0x120 build/draw.o
                0x80013a20                billboard_create
 .text.castRays
                0x80013b40      0x7a0 build/draw.o
                0x80013b40                castRays
 .text.drawDeerBillboard
                0x800142e0      0x500 build/draw.o
                0x800142e0                drawDeerBillboard
 .text.drawGunHUD
                0x800147e0      0x2c0 build/draw.o
                0x800147e0                drawGunHUD
 .text.drawMiniMap
                0x80014aa0      0x260 build/draw.o
                0x80014aa0                drawMiniMap
 .text.drawBullets
                0x80014d00      0x500 build/draw.o
                0x80014d00                drawBullets
 .text.drawPowerups
                0x80015200      0x900 build/draw.o
                0x80015200                drawPowerups
 .text.drawViewportBorders
                0x80015b00      0x100 build/draw.o
                0x80015b00                drawViewportBorders
 .text.set_map  0x80015c00       0x40 build/maps.o
                0x80015c00                set_map
 .text.data_cache_hit_writeback
                0x80015c40       0x60 /n64_toolchain/lib/gcc/mips64-elf/14.2.0/../../../../mips64-elf/lib/libdragon.a(n64sys.o)
                0x80015c40                data_cache_hit_writeback
 .text.data_cache_hit_invalidate
                0x80015ca0       0x80 /n64_toolchain/lib/gcc/mips64-elf/14.2.0/../../../../mips64-elf/lib/libdragon.a(n64sys.o)
                0x80015ca0                data_cache_hit_invalidate
 .text.data_cache_hit_writeback_invalidate
                0x80015d20       0x60 /n64_toolchain/lib/gcc/mips64-elf/14.2.0/../../../../mips64-elf/lib/libdragon.a(n64sys.o)
                0x80015d20                data_cache_hit_writeback_invalidate
 .text.inst_cache_hit_invalidate
                0x80015d80       0x60 /n64_toolchain/lib/gcc/mips64-elf/14.2.0/../../../../mips64-elf/lib/libdragon.a(n64sys.o)
                0x80015d80                inst_cache_hit_invalidate
 .text.malloc_uncached
                0x80015de0       0x60 /n64_toolchain/lib/gcc/mips64-elf/14.2.0/../../../../mips64-elf/lib/libdragon.a(n64sys.o)
                0x80015de0                malloc_uncached
 .text.malloc_uncached_aligned
                0x80015e40       0x80 /n64_toolchain/lib/gcc/mips64-elf/14.2.0/../../../../mips64-elf/lib/libdragon.a(n64sys.o)
                0x80015e40                malloc_uncached_aligned
 .text.free_uncached
                0x80015ec0       0x20 /n64_toolchain/lib/gcc/mips64-elf/14.2.0/../../../../mips64-elf/lib/libdragon.a(n64sys.o)
                0x80015ec0                free_uncached
 .text.get_ticks
                0x80015ee0       0x40 /n64_toolchain/lib/gcc/mips64-elf/14.2.0/../../../../mips64-elf/lib/libdragon.a(n64sys.o)
                0x80015ee0                get_ticks
 .text.wait_ms  0x80015f20       0x40 /n64_toolchain/lib/gcc/mips64-elf/14.2.0/../../../../mips64-elf/lib/libdragon.a(n64sys.o)
                0x80015f20                wait_ms
 .text.startup.__init_cop1
                0x80015f60       0x40 /n64_toolchain/lib/gcc/mips64-elf/14.2.0/../../../../mips64-elf/lib/libdragon.a(n64sys.o)
                0x80015f60                __init_cop1
 .text.__MI_handler
                0x80015fa0      0x220 /n64_toolchain/lib/gcc/mips64-elf/14.2.0/../../../../mips64-elf/lib/libdragon.a(interrupt.o)
                0x80015fa0                __MI_handler
 .text.__MI_BB_handler
                0x800161c0      0x2c0 /n64_toolchain/lib/gcc/mips64-elf/14.2.0/../../../../mips64-elf/lib/libdragon.a(interrupt.o)
                0x800161c0                __MI_BB_handler
 .text.__TI_handler
                0x80016480       0x60 /n64_toolchain/lib/gcc/mips64-elf/14.2.0/../../../../mips64-elf/lib/libdragon.a(interrupt.o)
                0x80016480                __TI_handler
 .text.__CART_handler
                0x800164e0       0xe0 /n64_toolchain/lib/gcc/mips64-elf/14.2.0/../../../../mips64-elf/lib/libdragon.a(interrupt.o)
                0x800164e0                __CART_handler
 .text.__RESET_handler
                0x800165c0       0x60 /n64_toolchain/lib/gcc/mips64-elf/14.2.0/../../../../mips64-elf/lib/libdragon.a(interrupt.o)
                0x800165c0                __RESET_handler
 .text.register_AI_handler
                0x80016620       0x60 /n64_toolchain/lib/gcc/mips64-elf/14.2.0/../../../../mips64-elf/lib/libdragon.a(interrupt.o)
                0x80016620                register_AI_handler
 .text.register_VI_handler
                0x80016680       0x60 /n64_toolchain/lib/gcc/mips64-elf/14.2.0/../../../../mips64-elf/lib/libdragon.a(interrupt.o)
                0x80016680                register_VI_handler
 .text.unregister_VI_handler
                0x800166e0       0x60 /n64_toolchain/lib/gcc/mips64-elf/14.2.0/../../../../mips64-elf/lib/libdragon.a(interrupt.o)
                0x800166e0                unregister_VI_handler
 .text.register_DP_handler
                0x80016740       0x60 /n64_toolchain/lib/gcc/mips64-elf/14.2.0/../../../../mips64-elf/lib/libdragon.a(interrupt.o)
                0x80016740                register_DP_handler
 .text.register_SI_handler
                0x800167a0       0x60 /n64_toolchain/lib/gcc/mips64-elf/14.2.0/../../../../mips64-elf/lib/libdragon.a(interrupt.o)
                0x800167a0                register_SI_handler
 .text.register_SP_handler
                0x80016800       0x60 /n64_toolchain/lib/gcc/mips64-elf/14.2.0/../../../../mips64-elf/lib/libdragon.a(interrupt.o)
                0x80016800                register_SP_handler
 .text.register_TI_handler
                0x80016860       0x60 /n64_toolchain/lib/gcc/mips64-elf/14.2.0/../../../../mips64-elf/lib/libdragon.a(interrupt.o)
                0x80016860                register_TI_handler
 .text.register_RESET_handler
                0x800168c0       0x80 /n64_toolchain/lib/gcc/mips64-elf/14.2.0/../../../../mips64-elf/lib/libdragon.a(interrupt.o)
                0x800168c0                register_RESET_handler
 .text.set_AI_interrupt
                0x80016940       0x20 /n64_toolchain/lib/gcc/mips64-elf/14.2.0/../../../../mips64-elf/lib/libdragon.a(interrupt.o)
                0x80016940                set_AI_interrupt
 .text.set_VI_interrupt
                0x80016960       0x40 /n64_toolchain/lib/gcc/mips64-elf/14.2.0/../../../../mips64-elf/lib/libdragon.a(interrupt.o)
                0x80016960                set_VI_interrupt
 .text.set_DP_interrupt
                0x800169a0       0x20 /n64_toolchain/lib/gcc/mips64-elf/14.2.0/../../../../mips64-elf/lib/libdragon.a(interrupt.o)
                0x800169a0                set_DP_interrupt
 .text.set_SI_interrupt
                0x800169c0       0x20 /n64_toolchain/lib/gcc/mips64-elf/14.2.0/../../../../mips64-elf/lib/libdragon.a(interrupt.o)
                0x800169c0                set_SI_interrupt
 .text.set_SP_interrupt
                0x800169e0       0x20 /n64_toolchain/lib/gcc/mips64-elf/14.2.0/../../../../mips64-elf/lib/libdragon.a(interrupt.o)
                0x800169e0                set_SP_interrupt
 .text.set_TI_interrupt
                0x80016a00       0x40 /n64_toolchain/lib/gcc/mips64-elf/14.2.0/../../../../mips64-elf/lib/libdragon.a(interrupt.o)
                0x80016a00                set_TI_interrupt
 .text.startup.__init_interrupts
                0x80016a40       0x60 /n64_toolchain/lib/gcc/mips64-elf/14.2.0/../../../../mips64-elf/lib/libdragon.a(interrupt.o)
                0x80016a40                __init_interrupts
 .text.disable_interrupts
                0x80016aa0       0x40 /n64_toolchain/lib/gcc/mips64-elf/14.2.0/../../../../mips64-elf/lib/libdragon.a(interrupt.o)
                0x80016aa0                disable_interrupts
 .text.enable_interrupts
                0x80016ae0       0x80 /n64_toolchain/lib/gcc/mips64-elf/14.2.0/../../../../mips64-elf/lib/libdragon.a(interrupt.o)
                0x80016ae0                enable_interrupts
 .text.get_interrupts_state
                0x80016b60       0x20 /n64_toolchain/lib/gcc/mips64-elf/14.2.0/../../../../mips64-elf/lib/libdragon.a(interrupt.o)
                0x80016b60                get_interrupts_state
 .text.exception_reset_time
                0x80016b80       0x20 /n64_toolchain/lib/gcc/mips64-elf/14.2.0/../../../../mips64-elf/lib/libdragon.a(interrupt.o)
                0x80016b80                exception_reset_time
 .text.cb.0     0x80016ba0       0xa0 /n64_toolchain/lib/gcc/mips64-elf/14.2.0/../../../../mips64-elf/lib/libdragon.a(debug.o)
 .text.debug_assert_func_f
                0x80016c40       0xe0 /n64_toolchain/lib/gcc/mips64-elf/14.2.0/../../../../mips64-elf/lib/libdragon.a(debug.o)
                0x80016c40                debug_assert_func_f
 .text.debug_assert_func
                0x80016d20       0x20 /n64_toolchain/lib/gcc/mips64-elf/14.2.0/../../../../mips64-elf/lib/libdragon.a(debug.o)
                0x80016d20                debug_assert_func
 .text.debug_hexdump
                0x80016d40      0x280 /n64_toolchain/lib/gcc/mips64-elf/14.2.0/../../../../mips64-elf/lib/libdragon.a(debug.o)
                0x80016d40                debug_hexdump
 .text.__debug_backtrace
                0x80016fc0      0x120 /n64_toolchain/lib/gcc/mips64-elf/14.2.0/../../../../mips64-elf/lib/libdragon.a(debug.o)
                0x80016fc0                __debug_backtrace
 .text.debug_backtrace
                0x800170e0       0x20 /n64_toolchain/lib/gcc/mips64-elf/14.2.0/../../../../mips64-elf/lib/libdragon.a(debug.o)
                0x800170e0                debug_backtrace
 .text.get_next_token
                0x80017100       0xc0 /n64_toolchain/lib/gcc/mips64-elf/14.2.0/../../../../mips64-elf/lib/libdragon.a(dragonfs.o)
 .text.__fstat  0x800171c0       0x40 /n64_toolchain/lib/gcc/mips64-elf/14.2.0/../../../../mips64-elf/lib/libdragon.a(dragonfs.o)
 .text.lookup_file
                0x80017200      0x260 /n64_toolchain/lib/gcc/mips64-elf/14.2.0/../../../../mips64-elf/lib/libdragon.a(dragonfs.o)
 .text.__close  0x80017460       0x40 /n64_toolchain/lib/gcc/mips64-elf/14.2.0/../../../../mips64-elf/lib/libdragon.a(dragonfs.o)
 .text.__ioctl  0x800174a0       0x60 /n64_toolchain/lib/gcc/mips64-elf/14.2.0/../../../../mips64-elf/lib/libdragon.a(dragonfs.o)
 .text.recurse_path
                0x80017500      0x3e0 /n64_toolchain/lib/gcc/mips64-elf/14.2.0/../../../../mips64-elf/lib/libdragon.a(dragonfs.o)
 .text.__findnext
                0x800178e0      0x100 /n64_toolchain/lib/gcc/mips64-elf/14.2.0/../../../../mips64-elf/lib/libdragon.a(dragonfs.o)
 .text.__dfs_findfirst
                0x800179e0       0xe0 /n64_toolchain/lib/gcc/mips64-elf/14.2.0/../../../../mips64-elf/lib/libdragon.a(dragonfs.o)
 .text.__findfirst
                0x80017ac0       0x60 /n64_toolchain/lib/gcc/mips64-elf/14.2.0/../../../../mips64-elf/lib/libdragon.a(dragonfs.o)
 .text.__lseek  0x80017b20       0xa0 /n64_toolchain/lib/gcc/mips64-elf/14.2.0/../../../../mips64-elf/lib/libdragon.a(dragonfs.o)
 .text.dfs_open
                0x80017bc0      0x1a0 /n64_toolchain/lib/gcc/mips64-elf/14.2.0/../../../../mips64-elf/lib/libdragon.a(dragonfs.o)
                0x80017bc0                dfs_open
 .text.__open   0x80017d60       0xc0 /n64_toolchain/lib/gcc/mips64-elf/14.2.0/../../../../mips64-elf/lib/libdragon.a(dragonfs.o)
 .text.dfs_read
                0x80017e20      0x1a0 /n64_toolchain/lib/gcc/mips64-elf/14.2.0/../../../../mips64-elf/lib/libdragon.a(dragonfs.o)
                0x80017e20                dfs_read
 .text.__read   0x80017fc0       0x20 /n64_toolchain/lib/gcc/mips64-elf/14.2.0/../../../../mips64-elf/lib/libdragon.a(dragonfs.o)
 .text.dfs_rom_addr
                0x80017fe0      0x140 /n64_toolchain/lib/gcc/mips64-elf/14.2.0/../../../../mips64-elf/lib/libdragon.a(dragonfs.o)
                0x80017fe0                dfs_rom_addr
 .text.dfs_init
                0x80018120      0x220 /n64_toolchain/lib/gcc/mips64-elf/14.2.0/../../../../mips64-elf/lib/libdragon.a(dragonfs.o)
                0x80018120                dfs_init
 .text.audio_callback.part.0
                0x80018340      0x1e0 /n64_toolchain/lib/gcc/mips64-elf/14.2.0/../../../../mips64-elf/lib/libdragon.a(audio.o)
 .text.audio_callback
                0x80018520       0x60 /n64_toolchain/lib/gcc/mips64-elf/14.2.0/../../../../mips64-elf/lib/libdragon.a(audio.o)
 .text.audio_init
                0x80018580      0x200 /n64_toolchain/lib/gcc/mips64-elf/14.2.0/../../../../mips64-elf/lib/libdragon.a(audio.o)
                0x80018580                audio_init
 .text.audio_write_begin
                0x80018780      0x100 /n64_toolchain/lib/gcc/mips64-elf/14.2.0/../../../../mips64-elf/lib/libdragon.a(audio.o)
                0x80018780                audio_write_begin
 .text.audio_write_end
                0x80018880       0x80 /n64_toolchain/lib/gcc/mips64-elf/14.2.0/../../../../mips64-elf/lib/libdragon.a(audio.o)
                0x80018880                audio_write_end
 .text.audio_can_write
                0x80018900       0x40 /n64_toolchain/lib/gcc/mips64-elf/14.2.0/../../../../mips64-elf/lib/libdragon.a(audio.o)
                0x80018900                audio_can_write
 .text.audio_get_frequency
                0x80018940       0x20 /n64_toolchain/lib/gcc/mips64-elf/14.2.0/../../../../mips64-elf/lib/libdragon.a(audio.o)
                0x80018940                audio_get_frequency
 .text.audio_get_buffer_length
                0x80018960       0x20 /n64_toolchain/lib/gcc/mips64-elf/14.2.0/../../../../mips64-elf/lib/libdragon.a(audio.o)
                0x80018960                audio_get_buffer_length
 .text.__display_callback
                0x80018980      0x140 /n64_toolchain/lib/gcc/mips64-elf/14.2.0/../../../../mips64-elf/lib/libdragon.a(display.o)
 .text.display_show.part.0
                0x80018ac0      0x1a0 /n64_toolchain/lib/gcc/mips64-elf/14.2.0/../../../../mips64-elf/lib/libdragon.a(display.o)
 .text.display_init
                0x80018c60      0x5c0 /n64_toolchain/lib/gcc/mips64-elf/14.2.0/../../../../mips64-elf/lib/libdragon.a(display.o)
                0x80018c60                display_init
 .text.display_close
                0x80019220      0x100 /n64_toolchain/lib/gcc/mips64-elf/14.2.0/../../../../mips64-elf/lib/libdragon.a(display.o)
                0x80019220                display_close
 .text.display_try_get
                0x80019320       0xc0 /n64_toolchain/lib/gcc/mips64-elf/14.2.0/../../../../mips64-elf/lib/libdragon.a(display.o)
                0x80019320                display_try_get
 .text.display_get
                0x800193e0      0x100 /n64_toolchain/lib/gcc/mips64-elf/14.2.0/../../../../mips64-elf/lib/libdragon.a(display.o)
                0x800193e0                display_get
 .text.display_show
                0x800194e0       0x20 /n64_toolchain/lib/gcc/mips64-elf/14.2.0/../../../../mips64-elf/lib/libdragon.a(display.o)
                0x800194e0                display_show
 .text.display_show_force
                0x80019500       0x40 /n64_toolchain/lib/gcc/mips64-elf/14.2.0/../../../../mips64-elf/lib/libdragon.a(display.o)
                0x80019500                display_show_force
 .text.display_get_bitdepth
                0x80019540       0x20 /n64_toolchain/lib/gcc/mips64-elf/14.2.0/../../../../mips64-elf/lib/libdragon.a(display.o)
                0x80019540                display_get_bitdepth
 .text.tex_format_name
                0x80019560       0x40 /n64_toolchain/lib/gcc/mips64-elf/14.2.0/../../../../mips64-elf/lib/libdragon.a(surface.o)
                0x80019560                tex_format_name
 .text.surface_alloc
                0x800195a0       0xe0 /n64_toolchain/lib/gcc/mips64-elf/14.2.0/../../../../mips64-elf/lib/libdragon.a(surface.o)
                0x800195a0                surface_alloc
 .text.surface_free
                0x80019680       0x80 /n64_toolchain/lib/gcc/mips64-elf/14.2.0/../../../../mips64-elf/lib/libdragon.a(surface.o)
                0x80019680                surface_free
 .text.graphics_draw_character.part.0
                0x80019700      0x4e0 /n64_toolchain/lib/gcc/mips64-elf/14.2.0/../../../../mips64-elf/lib/libdragon.a(graphics.o)
 .text.graphics_make_color
                0x80019be0       0xc0 /n64_toolchain/lib/gcc/mips64-elf/14.2.0/../../../../mips64-elf/lib/libdragon.a(graphics.o)
                0x80019be0                graphics_make_color
 .text.graphics_set_color
                0x80019ca0       0x20 /n64_toolchain/lib/gcc/mips64-elf/14.2.0/../../../../mips64-elf/lib/libdragon.a(graphics.o)
                0x80019ca0                graphics_set_color
 .text.graphics_draw_box
                0x80019cc0      0x120 /n64_toolchain/lib/gcc/mips64-elf/14.2.0/../../../../mips64-elf/lib/libdragon.a(graphics.o)
                0x80019cc0                graphics_draw_box
 .text.graphics_fill_screen
                0x80019de0       0x80 /n64_toolchain/lib/gcc/mips64-elf/14.2.0/../../../../mips64-elf/lib/libdragon.a(graphics.o)
                0x80019de0                graphics_fill_screen
 .text.graphics_set_default_font
                0x80019e60       0x20 /n64_toolchain/lib/gcc/mips64-elf/14.2.0/../../../../mips64-elf/lib/libdragon.a(graphics.o)
                0x80019e60                graphics_set_default_font
 .text.graphics_draw_character
                0x80019e80       0x20 /n64_toolchain/lib/gcc/mips64-elf/14.2.0/../../../../mips64-elf/lib/libdragon.a(graphics.o)
                0x80019e80                graphics_draw_character
 .text.graphics_draw_text
                0x80019ea0      0x120 /n64_toolchain/lib/gcc/mips64-elf/14.2.0/../../../../mips64-elf/lib/libdragon.a(graphics.o)
                0x80019ea0                graphics_draw_text
 .text.rsp_load_code
                0x80019fc0      0x100 /n64_toolchain/lib/gcc/mips64-elf/14.2.0/../../../../mips64-elf/lib/libdragon.a(rsp.o)
                0x80019fc0                rsp_load_code
 .text.rsp_load_data
                0x8001a0c0       0xe0 /n64_toolchain/lib/gcc/mips64-elf/14.2.0/../../../../mips64-elf/lib/libdragon.a(rsp.o)
                0x8001a0c0                rsp_load_data
 .text.rsp_load
                0x8001a1a0       0x60 /n64_toolchain/lib/gcc/mips64-elf/14.2.0/../../../../mips64-elf/lib/libdragon.a(rsp.o)
                0x8001a1a0                rsp_load
 .text.rsp_read_code
                0x8001a200       0xe0 /n64_toolchain/lib/gcc/mips64-elf/14.2.0/../../../../mips64-elf/lib/libdragon.a(rsp.o)
                0x8001a200                rsp_read_code
 .text.rsp_read_data
                0x8001a2e0       0xe0 /n64_toolchain/lib/gcc/mips64-elf/14.2.0/../../../../mips64-elf/lib/libdragon.a(rsp.o)
                0x8001a2e0                rsp_read_data
 .text.__rsp_run_async
                0x8001a3c0       0x40 /n64_toolchain/lib/gcc/mips64-elf/14.2.0/../../../../mips64-elf/lib/libdragon.a(rsp.o)
                0x8001a3c0                __rsp_run_async
 .text.__rsp_crash
                0x8001a400      0xc40 /n64_toolchain/lib/gcc/mips64-elf/14.2.0/../../../../mips64-elf/lib/libdragon.a(rsp.o)
                0x8001a400                __rsp_crash
 .text.__rsp_check_assert
                0x8001b040       0x80 /n64_toolchain/lib/gcc/mips64-elf/14.2.0/../../../../mips64-elf/lib/libdragon.a(rsp.o)
                0x8001b040                __rsp_check_assert
 .text.rsp_wait
                0x8001b0c0      0x100 /n64_toolchain/lib/gcc/mips64-elf/14.2.0/../../../../mips64-elf/lib/libdragon.a(rsp.o)
                0x8001b0c0                rsp_wait
 .text.rsp_run  0x8001b1c0       0x60 /n64_toolchain/lib/gcc/mips64-elf/14.2.0/../../../../mips64-elf/lib/libdragon.a(rsp.o)
                0x8001b1c0                rsp_run
 .text.cb.2     0x8001b220       0x60 /n64_toolchain/lib/gcc/mips64-elf/14.2.0/../../../../mips64-elf/lib/libdragon.a(inspector.o)
 .text.cb.1     0x8001b280       0x60 /n64_toolchain/lib/gcc/mips64-elf/14.2.0/../../../../mips64-elf/lib/libdragon.a(inspector.o)
 .text.cb.0     0x8001b2e0      0x120 /n64_toolchain/lib/gcc/mips64-elf/14.2.0/../../../../mips64-elf/lib/libdragon.a(inspector.o)
 .text.cb.3     0x8001b400      0x120 /n64_toolchain/lib/gcc/mips64-elf/14.2.0/../../../../mips64-elf/lib/libdragon.a(inspector.o)
 .text.inspector_stdout
                0x8001b520      0x300 /n64_toolchain/lib/gcc/mips64-elf/14.2.0/../../../../mips64-elf/lib/libdragon.a(inspector.o)
 .text.title    0x8001b820       0xa0 /n64_toolchain/lib/gcc/mips64-elf/14.2.0/../../../../mips64-elf/lib/libdragon.a(inspector.o)
 .text.mips_disasm
                0x8001b8c0      0x820 /n64_toolchain/lib/gcc/mips64-elf/14.2.0/../../../../mips64-elf/lib/libdragon.a(inspector.o)
 .text.inspector
                0x8001c0e0      0xcc0 /n64_toolchain/lib/gcc/mips64-elf/14.2.0/../../../../mips64-elf/lib/libdragon.a(inspector.o)
 .text.handler.4
                0x8001cda0       0x40 /n64_toolchain/lib/gcc/mips64-elf/14.2.0/../../../../mips64-elf/lib/libdragon.a(inspector.o)
 .text.__inspector_exception
                0x8001cde0       0x20 /n64_toolchain/lib/gcc/mips64-elf/14.2.0/../../../../mips64-elf/lib/libdragon.a(inspector.o)
                0x8001cde0                __inspector_exception
 .text.__inspector_assertion
                0x8001ce00       0x20 /n64_toolchain/lib/gcc/mips64-elf/14.2.0/../../../../mips64-elf/lib/libdragon.a(inspector.o)
                0x8001ce00                __inspector_assertion
 .text.startup.__inspector_init
                0x8001ce20       0x20 /n64_toolchain/lib/gcc/mips64-elf/14.2.0/../../../../mips64-elf/lib/libdragon.a(inspector.o)
                0x8001ce20                __inspector_init
 .text.__sprite_upgrade.part.0
                0x8001ce40       0x40 /n64_toolchain/lib/gcc/mips64-elf/14.2.0/../../../../mips64-elf/lib/libdragon.a(sprite.o)
 .text.sprite_load_buf.part.0
                0x8001ce80       0x40 /n64_toolchain/lib/gcc/mips64-elf/14.2.0/../../../../mips64-elf/lib/libdragon.a(sprite.o)
 .text.__sprite_ext
                0x8001cec0       0xa0 /n64_toolchain/lib/gcc/mips64-elf/14.2.0/../../../../mips64-elf/lib/libdragon.a(sprite.o)
                0x8001cec0                __sprite_ext
 .text.sprite_load
                0x8001cf60       0xe0 /n64_toolchain/lib/gcc/mips64-elf/14.2.0/../../../../mips64-elf/lib/libdragon.a(sprite.o)
                0x8001cf60                sprite_load
 .text.sprite_get_pixels
                0x8001d040       0x60 /n64_toolchain/lib/gcc/mips64-elf/14.2.0/../../../../mips64-elf/lib/libdragon.a(sprite.o)
                0x8001d040                sprite_get_pixels
 .text.sprite_get_palette
                0x8001d0a0       0x60 /n64_toolchain/lib/gcc/mips64-elf/14.2.0/../../../../mips64-elf/lib/libdragon.a(sprite.o)
                0x8001d0a0                sprite_get_palette
 .text.dma_read_async
                0x8001d100      0x4e0 /n64_toolchain/lib/gcc/mips64-elf/14.2.0/../../../../mips64-elf/lib/libdragon.a(dma.o)
                0x8001d100                dma_read_async
 .text.dma_read
                0x8001d5e0       0x40 /n64_toolchain/lib/gcc/mips64-elf/14.2.0/../../../../mips64-elf/lib/libdragon.a(dma.o)
                0x8001d5e0                dma_read
 .text.io_read  0x8001d620       0x60 /n64_toolchain/lib/gcc/mips64-elf/14.2.0/../../../../mips64-elf/lib/libdragon.a(dma.o)
                0x8001d620                io_read
 .text.cb.0     0x8001d680       0x40 /n64_toolchain/lib/gcc/mips64-elf/14.2.0/../../../../mips64-elf/lib/libdragon.a(exception.o)
 .text.cb.1     0x8001d6c0       0x80 /n64_toolchain/lib/gcc/mips64-elf/14.2.0/../../../../mips64-elf/lib/libdragon.a(exception.o)
 .text.is_unmapped_kx64
                0x8001d740      0x1e0 /n64_toolchain/lib/gcc/mips64-elf/14.2.0/../../../../mips64-elf/lib/libdragon.a(exception.o)
 .text.__get_exception_name.isra.0
                0x8001d920      0x440 /n64_toolchain/lib/gcc/mips64-elf/14.2.0/../../../../mips64-elf/lib/libdragon.a(exception.o)
 .text.__exception_dump_header
                0x8001dd60      0x340 /n64_toolchain/lib/gcc/mips64-elf/14.2.0/../../../../mips64-elf/lib/libdragon.a(exception.o)
                0x8001dd60                __exception_dump_header
 .text.__exception_dump_gpr
                0x8001e0a0      0x180 /n64_toolchain/lib/gcc/mips64-elf/14.2.0/../../../../mips64-elf/lib/libdragon.a(exception.o)
                0x8001e0a0                __exception_dump_gpr
 .text.__exception_dump_fpr
                0x8001e220      0x2e0 /n64_toolchain/lib/gcc/mips64-elf/14.2.0/../../../../mips64-elf/lib/libdragon.a(exception.o)
                0x8001e220                __exception_dump_fpr
 .text.exception_default_handler
                0x8001e500      0x1a0 /n64_toolchain/lib/gcc/mips64-elf/14.2.0/../../../../mips64-elf/lib/libdragon.a(exception.o)
                0x8001e500                exception_default_handler
 .text.__onCriticalException
                0x8001e6a0       0x80 /n64_toolchain/lib/gcc/mips64-elf/14.2.0/../../../../mips64-elf/lib/libdragon.a(exception.o)
                0x8001e6a0                __onCriticalException
 .text.register_syscall_handler
                0x8001e720      0x1a0 /n64_toolchain/lib/gcc/mips64-elf/14.2.0/../../../../mips64-elf/lib/libdragon.a(exception.o)
                0x8001e720                register_syscall_handler
 .text.__onSyscallException
                0x8001e8c0      0x180 /n64_toolchain/lib/gcc/mips64-elf/14.2.0/../../../../mips64-elf/lib/libdragon.a(exception.o)
                0x8001e8c0                __onSyscallException
 .text.__register_frame_info
                0x8001ea40       0x20 /n64_toolchain/lib/gcc/mips64-elf/14.2.0/../../../../mips64-elf/lib/libdragon.a(do_ctors.o)
                0x8001ea40                __register_frame_info
 .text.__wrap___do_global_ctors
                0x8001ea60       0xe0 /n64_toolchain/lib/gcc/mips64-elf/14.2.0/../../../../mips64-elf/lib/libdragon.a(do_ctors.o)
                0x8001ea60                __wrap___do_global_ctors
 .text.waveform_wrap_wpos.part.0
                0x8001eb40       0x40 /n64_toolchain/lib/gcc/mips64-elf/14.2.0/../../../../mips64-elf/lib/libdragon.a(mixer.o)
 .text.mixer_ch_playing.part.0
                0x8001eb80       0x40 /n64_toolchain/lib/gcc/mips64-elf/14.2.0/../../../../mips64-elf/lib/libdragon.a(mixer.o)
 .text.waveform_read
                0x8001ebc0      0x280 /n64_toolchain/lib/gcc/mips64-elf/14.2.0/../../../../mips64-elf/lib/libdragon.a(mixer.o)
 .text.mixer_ch_set_freq
                0x8001ee40      0x160 /n64_toolchain/lib/gcc/mips64-elf/14.2.0/../../../../mips64-elf/lib/libdragon.a(mixer.o)
                0x8001ee40                mixer_ch_set_freq
 .text.mixer_ch_set_vol
                0x8001efa0       0xc0 /n64_toolchain/lib/gcc/mips64-elf/14.2.0/../../../../mips64-elf/lib/libdragon.a(mixer.o)
                0x8001efa0                mixer_ch_set_vol
 .text.mixer_ch_play
                0x8001f060      0x4c0 /n64_toolchain/lib/gcc/mips64-elf/14.2.0/../../../../mips64-elf/lib/libdragon.a(mixer.o)
                0x8001f060                mixer_ch_play
 .text.mixer_ch_set_limits
                0x8001f520      0x260 /n64_toolchain/lib/gcc/mips64-elf/14.2.0/../../../../mips64-elf/lib/libdragon.a(mixer.o)
                0x8001f520                mixer_ch_set_limits
 .text.mixer_init
                0x8001f780      0x180 /n64_toolchain/lib/gcc/mips64-elf/14.2.0/../../../../mips64-elf/lib/libdragon.a(mixer.o)
                0x8001f780                mixer_init
 .text.mixer_remove_event
                0x8001f900       0xa0 /n64_toolchain/lib/gcc/mips64-elf/14.2.0/../../../../mips64-elf/lib/libdragon.a(mixer.o)
                0x8001f900                mixer_remove_event
 .text.mixer_poll
                0x8001f9a0      0x920 /n64_toolchain/lib/gcc/mips64-elf/14.2.0/../../../../mips64-elf/lib/libdragon.a(mixer.o)
                0x8001f9a0                mixer_poll
 .text.samplebuffer_init
                0x800202c0       0xc0 /n64_toolchain/lib/gcc/mips64-elf/14.2.0/../../../../mips64-elf/lib/libdragon.a(samplebuffer.o)
                0x800202c0                samplebuffer_init
 .text.samplebuffer_set_bps
                0x80020380      0x140 /n64_toolchain/lib/gcc/mips64-elf/14.2.0/../../../../mips64-elf/lib/libdragon.a(samplebuffer.o)
                0x80020380                samplebuffer_set_bps
 .text.samplebuffer_set_waveform
                0x800204c0       0x20 /n64_toolchain/lib/gcc/mips64-elf/14.2.0/../../../../mips64-elf/lib/libdragon.a(samplebuffer.o)
                0x800204c0                samplebuffer_set_waveform
 .text.samplebuffer_is_inited
                0x800204e0       0x20 /n64_toolchain/lib/gcc/mips64-elf/14.2.0/../../../../mips64-elf/lib/libdragon.a(samplebuffer.o)
                0x800204e0                samplebuffer_is_inited
 .text.samplebuffer_close
                0x80020500       0x60 /n64_toolchain/lib/gcc/mips64-elf/14.2.0/../../../../mips64-elf/lib/libdragon.a(samplebuffer.o)
                0x80020500                samplebuffer_close
 .text.samplebuffer_get
                0x80020560      0x200 /n64_toolchain/lib/gcc/mips64-elf/14.2.0/../../../../mips64-elf/lib/libdragon.a(samplebuffer.o)
                0x80020560                samplebuffer_get
 .text.samplebuffer_undo
                0x80020760       0x60 /n64_toolchain/lib/gcc/mips64-elf/14.2.0/../../../../mips64-elf/lib/libdragon.a(samplebuffer.o)
                0x80020760                samplebuffer_undo
 .text.samplebuffer_discard
                0x800207c0      0x120 /n64_toolchain/lib/gcc/mips64-elf/14.2.0/../../../../mips64-elf/lib/libdragon.a(samplebuffer.o)
                0x800207c0                samplebuffer_discard
 .text.samplebuffer_append
                0x800208e0      0x1a0 /n64_toolchain/lib/gcc/mips64-elf/14.2.0/../../../../mips64-elf/lib/libdragon.a(samplebuffer.o)
                0x800208e0                samplebuffer_append
 .text.samplebuffer_flush
                0x80020a80       0x20 /n64_toolchain/lib/gcc/mips64-elf/14.2.0/../../../../mips64-elf/lib/libdragon.a(samplebuffer.o)
                0x80020a80                samplebuffer_flush
 .text.wav64_none_init
                0x80020aa0       0x20 /n64_toolchain/lib/gcc/mips64-elf/14.2.0/../../../../mips64-elf/lib/libdragon.a(wav64.o)
 .text.wav64_none_get_bitrate
                0x80020ac0       0x40 /n64_toolchain/lib/gcc/mips64-elf/14.2.0/../../../../mips64-elf/lib/libdragon.a(wav64.o)
 .text.waveform_read
                0x80020b00       0xe0 /n64_toolchain/lib/gcc/mips64-elf/14.2.0/../../../../mips64-elf/lib/libdragon.a(wav64.o)
 .text.wav64_open
                0x80020be0      0x2c0 /n64_toolchain/lib/gcc/mips64-elf/14.2.0/../../../../mips64-elf/lib/libdragon.a(wav64.o)
                0x80020be0                wav64_open
 .text.wav64_play
                0x80020ea0       0x20 /n64_toolchain/lib/gcc/mips64-elf/14.2.0/../../../../mips64-elf/lib/libdragon.a(wav64.o)
                0x80020ea0                wav64_play
 .text.wav64_set_loop
                0x80020ec0       0x40 /n64_toolchain/lib/gcc/mips64-elf/14.2.0/../../../../mips64-elf/lib/libdragon.a(wav64.o)
                0x80020ec0                wav64_set_loop
 .text.waveform_vadpcm_read
                0x80020f00      0x3c0 /n64_toolchain/lib/gcc/mips64-elf/14.2.0/../../../../mips64-elf/lib/libdragon.a(wav64_vadpcm.o)
 .text.wav64_vadpcm_init
                0x800212c0      0x160 /n64_toolchain/lib/gcc/mips64-elf/14.2.0/../../../../mips64-elf/lib/libdragon.a(wav64_vadpcm.o)
                0x800212c0                wav64_vadpcm_init
 .text.wav64_vadpcm_close
                0x80021420       0x40 /n64_toolchain/lib/gcc/mips64-elf/14.2.0/../../../../mips64-elf/lib/libdragon.a(wav64_vadpcm.o)
                0x80021420                wav64_vadpcm_close
 .text.wav64_vadpcm_get_bitrate
                0x80021460       0x40 /n64_toolchain/lib/gcc/mips64-elf/14.2.0/../../../../mips64-elf/lib/libdragon.a(wav64_vadpcm.o)
                0x80021460                wav64_vadpcm_get_bitrate
 .text.controller_read
                0x800214a0       0x20 /n64_toolchain/lib/gcc/mips64-elf/14.2.0/../../../../mips64-elf/lib/libdragon.a(controller.o)
                0x800214a0                controller_read
 .text.joybus_accessory_calculate_addr_checksum
                0x800214c0       0x60 /n64_toolchain/lib/gcc/mips64-elf/14.2.0/../../../../mips64-elf/lib/libdragon.a(joybus_accessory.o)
                0x800214c0                joybus_accessory_calculate_addr_checksum
 .text.joybus_accessory_calculate_data_crc
                0x80021520       0xa0 /n64_toolchain/lib/gcc/mips64-elf/14.2.0/../../../../mips64-elf/lib/libdragon.a(joybus_accessory.o)
                0x80021520                joybus_accessory_calculate_data_crc
 .text.joybus_accessory_compare_data_crc
                0x800215c0       0x60 /n64_toolchain/lib/gcc/mips64-elf/14.2.0/../../../../mips64-elf/lib/libdragon.a(joybus_accessory.o)
                0x800215c0                joybus_accessory_compare_data_crc
 .text.joybus_accessory_read_async
                0x80021620       0xe0 /n64_toolchain/lib/gcc/mips64-elf/14.2.0/../../../../mips64-elf/lib/libdragon.a(joybus_accessory.o)
                0x80021620                joybus_accessory_read_async
 .text.joybus_accessory_write_async
                0x80021700      0x120 /n64_toolchain/lib/gcc/mips64-elf/14.2.0/../../../../mips64-elf/lib/libdragon.a(joybus_accessory.o)
                0x80021700                joybus_accessory_write_async
 .text.joybus_msg_send
                0x80021820       0x80 /n64_toolchain/lib/gcc/mips64-elf/14.2.0/../../../../mips64-elf/lib/libdragon.a(joybus.o)
 .text.callback.0
                0x800218a0       0x80 /n64_toolchain/lib/gcc/mips64-elf/14.2.0/../../../../mips64-elf/lib/libdragon.a(joybus.o)
 .text.si_interrupt
                0x80021920      0x1a0 /n64_toolchain/lib/gcc/mips64-elf/14.2.0/../../../../mips64-elf/lib/libdragon.a(joybus.o)
 .text.startup.__joybus_init
                0x80021ac0       0x60 /n64_toolchain/lib/gcc/mips64-elf/14.2.0/../../../../mips64-elf/lib/libdragon.a(joybus.o)
                0x80021ac0                __joybus_init
 .text.joybus_exec_async
                0x80021b20      0x1a0 /n64_toolchain/lib/gcc/mips64-elf/14.2.0/../../../../mips64-elf/lib/libdragon.a(joybus.o)
                0x80021b20                joybus_exec_async
 .text.joybus_exec
                0x80021cc0      0x140 /n64_toolchain/lib/gcc/mips64-elf/14.2.0/../../../../mips64-elf/lib/libdragon.a(joybus.o)
                0x80021cc0                joybus_exec
 .text.joypad_inputs_from_n64_controller_read
                0x80021e00       0xc0 /n64_toolchain/lib/gcc/mips64-elf/14.2.0/../../../../mips64-elf/lib/libdragon.a(joypad.o)
 .text.joypad_gcn_origin_callback
                0x80021ec0       0xe0 /n64_toolchain/lib/gcc/mips64-elf/14.2.0/../../../../mips64-elf/lib/libdragon.a(joypad.o)
 .text.joypad_read_callback
                0x80021fa0       0x60 /n64_toolchain/lib/gcc/mips64-elf/14.2.0/../../../../mips64-elf/lib/libdragon.a(joypad.o)
 .text.joybus_input_read_n64_controllers
                0x80022000       0xe0 /n64_toolchain/lib/gcc/mips64-elf/14.2.0/../../../../mips64-elf/lib/libdragon.a(joypad.o)
 .text.joypad_device_changed
                0x800220e0       0x80 /n64_toolchain/lib/gcc/mips64-elf/14.2.0/../../../../mips64-elf/lib/libdragon.a(joypad.o)
 .text.joypad_identify_callback
                0x80022160      0x2a0 /n64_toolchain/lib/gcc/mips64-elf/14.2.0/../../../../mips64-elf/lib/libdragon.a(joypad.o)
 .text.joypad_read_async.part.0
                0x80022400      0x220 /n64_toolchain/lib/gcc/mips64-elf/14.2.0/../../../../mips64-elf/lib/libdragon.a(joypad.o)
 .text.joypad_identify_async.part.0
                0x80022620      0x140 /n64_toolchain/lib/gcc/mips64-elf/14.2.0/../../../../mips64-elf/lib/libdragon.a(joypad.o)
 .text.joypad_poll.part.0
                0x80022760      0x520 /n64_toolchain/lib/gcc/mips64-elf/14.2.0/../../../../mips64-elf/lib/libdragon.a(joypad.o)
 .text.joypad_vi_interrupt_callback
                0x80022c80       0xa0 /n64_toolchain/lib/gcc/mips64-elf/14.2.0/../../../../mips64-elf/lib/libdragon.a(joypad.o)
 .text.joypad_reset_interrupt_callback
                0x80022d20      0x2c0 /n64_toolchain/lib/gcc/mips64-elf/14.2.0/../../../../mips64-elf/lib/libdragon.a(joypad.o)
 .text.joypad_init
                0x80022fe0      0x1e0 /n64_toolchain/lib/gcc/mips64-elf/14.2.0/../../../../mips64-elf/lib/libdragon.a(joypad.o)
                0x80022fe0                joypad_init
 .text.joypad_poll
                0x800231c0       0x60 /n64_toolchain/lib/gcc/mips64-elf/14.2.0/../../../../mips64-elf/lib/libdragon.a(joypad.o)
                0x800231c0                joypad_poll
 .text.joypad_is_connected
                0x80023220       0xa0 /n64_toolchain/lib/gcc/mips64-elf/14.2.0/../../../../mips64-elf/lib/libdragon.a(joypad.o)
                0x80023220                joypad_is_connected
 .text.joypad_get_inputs
                0x800232c0       0xa0 /n64_toolchain/lib/gcc/mips64-elf/14.2.0/../../../../mips64-elf/lib/libdragon.a(joypad.o)
                0x800232c0                joypad_get_inputs
 .text.joypad_get_buttons_pressed
                0x80023360       0xa0 /n64_toolchain/lib/gcc/mips64-elf/14.2.0/../../../../mips64-elf/lib/libdragon.a(joypad.o)
                0x80023360                joypad_get_buttons_pressed
 .text.rspq_switch_context
                0x80023400       0x60 /n64_toolchain/lib/gcc/mips64-elf/14.2.0/../../../../mips64-elf/lib/libdragon.a(rspq.o)
 .text.rspq_flush_internal
                0x80023460       0x40 /n64_toolchain/lib/gcc/mips64-elf/14.2.0/../../../../mips64-elf/lib/libdragon.a(rspq.o)
 .text.rspq_sp_interrupt
                0x800234a0       0xa0 /n64_toolchain/lib/gcc/mips64-elf/14.2.0/../../../../mips64-elf/lib/libdragon.a(rspq.o)
 .text.rspq_init_context
                0x80023540       0xa0 /n64_toolchain/lib/gcc/mips64-elf/14.2.0/../../../../mips64-elf/lib/libdragon.a(rspq.o)
 .text.rspq_switch_buffer.part.0
                0x800235e0       0x40 /n64_toolchain/lib/gcc/mips64-elf/14.2.0/../../../../mips64-elf/lib/libdragon.a(rspq.o)
 .text.rspq_crash_handler
                0x80023620      0x320 /n64_toolchain/lib/gcc/mips64-elf/14.2.0/../../../../mips64-elf/lib/libdragon.a(rspq.o)
 .text.rspq_assert_handler
                0x80023940      0x100 /n64_toolchain/lib/gcc/mips64-elf/14.2.0/../../../../mips64-elf/lib/libdragon.a(rspq.o)
 .text.rspq_init
                0x80023a40      0x3c0 /n64_toolchain/lib/gcc/mips64-elf/14.2.0/../../../../mips64-elf/lib/libdragon.a(rspq.o)
                0x80023a40                rspq_init
 .text.rspq_next_buffer
                0x80023e00      0x2e0 /n64_toolchain/lib/gcc/mips64-elf/14.2.0/../../../../mips64-elf/lib/libdragon.a(rspq.o)
                0x80023e00                rspq_next_buffer
 .text.rspq_flush
                0x800240e0       0x40 /n64_toolchain/lib/gcc/mips64-elf/14.2.0/../../../../mips64-elf/lib/libdragon.a(rspq.o)
                0x800240e0                rspq_flush
 .text.rspq_highpri_begin
                0x80024120      0x120 /n64_toolchain/lib/gcc/mips64-elf/14.2.0/../../../../mips64-elf/lib/libdragon.a(rspq.o)
                0x80024120                rspq_highpri_begin
 .text.rspq_highpri_end
                0x80024240       0xa0 /n64_toolchain/lib/gcc/mips64-elf/14.2.0/../../../../mips64-elf/lib/libdragon.a(rspq.o)
                0x80024240                rspq_highpri_end
 .text.rspq_overlay_register_internal
                0x800242e0      0x540 /n64_toolchain/lib/gcc/mips64-elf/14.2.0/../../../../mips64-elf/lib/libdragon.a(rspq.o)
 .text.rspq_overlay_register
                0x80024820       0x20 /n64_toolchain/lib/gcc/mips64-elf/14.2.0/../../../../mips64-elf/lib/libdragon.a(rspq.o)
                0x80024820                rspq_overlay_register
 .text.rspq_overlay_register_static
                0x80024840       0x60 /n64_toolchain/lib/gcc/mips64-elf/14.2.0/../../../../mips64-elf/lib/libdragon.a(rspq.o)
                0x80024840                rspq_overlay_register_static
 .text.rspq_highpri_sync
                0x800248a0      0x140 /n64_toolchain/lib/gcc/mips64-elf/14.2.0/../../../../mips64-elf/lib/libdragon.a(rspq.o)
                0x800248a0                rspq_highpri_sync
 .text.rspq_syncpoint_new
                0x800249e0       0xe0 /n64_toolchain/lib/gcc/mips64-elf/14.2.0/../../../../mips64-elf/lib/libdragon.a(rspq.o)
                0x800249e0                rspq_syncpoint_new
 .text.rspq_syncpoint_wait
                0x80024ac0      0x160 /n64_toolchain/lib/gcc/mips64-elf/14.2.0/../../../../mips64-elf/lib/libdragon.a(rspq.o)
                0x80024ac0                rspq_syncpoint_wait
 .text.rspq_wait
                0x80024c20       0x80 /n64_toolchain/lib/gcc/mips64-elf/14.2.0/../../../../mips64-elf/lib/libdragon.a(rspq.o)
                0x80024c20                rspq_wait
 .text.rspq_overlay_get_state
                0x80024ca0      0x160 /n64_toolchain/lib/gcc/mips64-elf/14.2.0/../../../../mips64-elf/lib/libdragon.a(rspq.o)
                0x80024ca0                rspq_overlay_get_state
 .text.__rdpq_interrupt
                0x80024e00       0xa0 /n64_toolchain/lib/gcc/mips64-elf/14.2.0/../../../../mips64-elf/lib/libdragon.a(rdpq.o)
 .text.rdpq_assert_handler
                0x80024ea0       0xa0 /n64_toolchain/lib/gcc/mips64-elf/14.2.0/../../../../mips64-elf/lib/libdragon.a(rdpq.o)
 .text.rdpq_set_tile
                0x80024f40      0x2a0 /n64_toolchain/lib/gcc/mips64-elf/14.2.0/../../../../mips64-elf/lib/libdragon.a(rdpq.o)
                0x80024f40                rdpq_set_tile
 .text.__rdpq_block_next_buffer
                0x800251e0      0x1e0 /n64_toolchain/lib/gcc/mips64-elf/14.2.0/../../../../mips64-elf/lib/libdragon.a(rdpq.o)
                0x800251e0                __rdpq_block_next_buffer
 .text.rdpq_fence
                0x800253c0      0x140 /n64_toolchain/lib/gcc/mips64-elf/14.2.0/../../../../mips64-elf/lib/libdragon.a(rdpq.o)
                0x800253c0                rdpq_fence
 .text.__rdpq_block_reserve
                0x80025500      0x120 /n64_toolchain/lib/gcc/mips64-elf/14.2.0/../../../../mips64-elf/lib/libdragon.a(rdpq.o)
                0x80025500                __rdpq_block_reserve
 .text.__rdpq_block_update
                0x80025620      0x120 /n64_toolchain/lib/gcc/mips64-elf/14.2.0/../../../../mips64-elf/lib/libdragon.a(rdpq.o)
                0x80025620                __rdpq_block_update
 .text.__rdpq_write8
                0x80025740       0xe0 /n64_toolchain/lib/gcc/mips64-elf/14.2.0/../../../../mips64-elf/lib/libdragon.a(rdpq.o)
                0x80025740                __rdpq_write8
 .text.__rdpq_autosync_change
                0x80025820      0x140 /n64_toolchain/lib/gcc/mips64-elf/14.2.0/../../../../mips64-elf/lib/libdragon.a(rdpq.o)
                0x80025820                __rdpq_autosync_change
 .text.__rdpq_write8_syncchange
                0x80025960       0x60 /n64_toolchain/lib/gcc/mips64-elf/14.2.0/../../../../mips64-elf/lib/libdragon.a(rdpq.o)
                0x80025960                __rdpq_write8_syncchange
 .text.__rdpq_fixup_write8_syncchange
                0x800259c0      0x140 /n64_toolchain/lib/gcc/mips64-elf/14.2.0/../../../../mips64-elf/lib/libdragon.a(rdpq.o)
                0x800259c0                __rdpq_fixup_write8_syncchange
 .text.__rdpq_write8_syncchangeuse
                0x80025b00       0x80 /n64_toolchain/lib/gcc/mips64-elf/14.2.0/../../../../mips64-elf/lib/libdragon.a(rdpq.o)
                0x80025b00                __rdpq_write8_syncchangeuse
 .text.__rdpq_set_scissor
                0x80025b80      0x100 /n64_toolchain/lib/gcc/mips64-elf/14.2.0/../../../../mips64-elf/lib/libdragon.a(rdpq.o)
                0x80025b80                __rdpq_set_scissor
 .text.__rdpq_set_fill_color
                0x80025c80      0x100 /n64_toolchain/lib/gcc/mips64-elf/14.2.0/../../../../mips64-elf/lib/libdragon.a(rdpq.o)
                0x80025c80                __rdpq_set_fill_color
 .text.__rdpq_set_color_image
                0x80025d80      0x140 /n64_toolchain/lib/gcc/mips64-elf/14.2.0/../../../../mips64-elf/lib/libdragon.a(rdpq.o)
                0x80025d80                __rdpq_set_color_image
 .text.rdpq_set_color_image
                0x80025ec0      0x200 /n64_toolchain/lib/gcc/mips64-elf/14.2.0/../../../../mips64-elf/lib/libdragon.a(rdpq.o)
                0x80025ec0                rdpq_set_color_image
 .text.rdpq_set_z_image
                0x800260c0       0xc0 /n64_toolchain/lib/gcc/mips64-elf/14.2.0/../../../../mips64-elf/lib/libdragon.a(rdpq.o)
                0x800260c0                rdpq_set_z_image
 .text.rdpq_set_texture_image
                0x80026180      0x160 /n64_toolchain/lib/gcc/mips64-elf/14.2.0/../../../../mips64-elf/lib/libdragon.a(rdpq.o)
                0x80026180                rdpq_set_texture_image
 .text.__rdpq_set_other_modes
                0x800262e0      0x140 /n64_toolchain/lib/gcc/mips64-elf/14.2.0/../../../../mips64-elf/lib/libdragon.a(rdpq.o)
                0x800262e0                __rdpq_set_other_modes
 .text.rdpq_init
                0x80026420      0x1c0 /n64_toolchain/lib/gcc/mips64-elf/14.2.0/../../../../mips64-elf/lib/libdragon.a(rdpq.o)
                0x80026420                rdpq_init
 .text.rdpq_set_tile_autotmem
                0x800265e0       0xa0 /n64_toolchain/lib/gcc/mips64-elf/14.2.0/../../../../mips64-elf/lib/libdragon.a(rdpq.o)
                0x800265e0                rdpq_set_tile_autotmem
 .text.rdpq_sync_full
                0x80026680      0x120 /n64_toolchain/lib/gcc/mips64-elf/14.2.0/../../../../mips64-elf/lib/libdragon.a(rdpq.o)
                0x80026680                rdpq_sync_full
 .text.__rdpq_fill_rectangle
                0x800267a0      0x120 /n64_toolchain/lib/gcc/mips64-elf/14.2.0/../../../../mips64-elf/lib/libdragon.a(rdpq_rect.o)
                0x800267a0                __rdpq_fill_rectangle
 .text.__rdpq_fill_rectangle_offline
                0x800268c0       0x80 /n64_toolchain/lib/gcc/mips64-elf/14.2.0/../../../../mips64-elf/lib/libdragon.a(rdpq_rect.o)
                0x800268c0                __rdpq_fill_rectangle_offline
 .text.__rdpq_texture_rectangle
                0x80026940      0x1a0 /n64_toolchain/lib/gcc/mips64-elf/14.2.0/../../../../mips64-elf/lib/libdragon.a(rdpq_rect.o)
                0x80026940                __rdpq_texture_rectangle
 .text.__rdpq_texture_rectangle_offline
                0x80026ae0      0x240 /n64_toolchain/lib/gcc/mips64-elf/14.2.0/../../../../mips64-elf/lib/libdragon.a(rdpq_rect.o)
                0x80026ae0                __rdpq_texture_rectangle_offline
 .text.__rdpq_texture_rectangle_scaled_offline
                0x80026d20      0x280 /n64_toolchain/lib/gcc/mips64-elf/14.2.0/../../../../mips64-elf/lib/libdragon.a(rdpq_rect.o)
                0x80026d20                __rdpq_texture_rectangle_scaled_offline
 .text.__rdpq_fixup_mode3
                0x80026fa0       0xe0 /n64_toolchain/lib/gcc/mips64-elf/14.2.0/../../../../mips64-elf/lib/libdragon.a(rdpq_mode.o)
                0x80026fa0                __rdpq_fixup_mode3
 .text.__rdpq_fixup_mode4
                0x80027080       0xe0 /n64_toolchain/lib/gcc/mips64-elf/14.2.0/../../../../mips64-elf/lib/libdragon.a(rdpq_mode.o)
                0x80027080                __rdpq_fixup_mode4
 .text.__rdpq_reset_render_mode
                0x80027160      0x100 /n64_toolchain/lib/gcc/mips64-elf/14.2.0/../../../../mips64-elf/lib/libdragon.a(rdpq_mode.o)
                0x80027160                __rdpq_reset_render_mode
 .text.rdpq_mode_push
                0x80027260       0x40 /n64_toolchain/lib/gcc/mips64-elf/14.2.0/../../../../mips64-elf/lib/libdragon.a(rdpq_mode.o)
                0x80027260                rdpq_mode_push
 .text.rdpq_mode_pop
                0x800272a0       0xc0 /n64_toolchain/lib/gcc/mips64-elf/14.2.0/../../../../mips64-elf/lib/libdragon.a(rdpq_mode.o)
                0x800272a0                rdpq_mode_pop
 .text.__rdpq_set_mode_fill
                0x80027360       0x80 /n64_toolchain/lib/gcc/mips64-elf/14.2.0/../../../../mips64-elf/lib/libdragon.a(rdpq_mode.o)
                0x80027360                __rdpq_set_mode_fill
 .text.rdpq_set_mode_standard
                0x800273e0       0xc0 /n64_toolchain/lib/gcc/mips64-elf/14.2.0/../../../../mips64-elf/lib/libdragon.a(rdpq_mode.o)
                0x800273e0                rdpq_set_mode_standard
 .text.sprite_upload_palette
                0x800274a0       0xe0 /n64_toolchain/lib/gcc/mips64-elf/14.2.0/../../../../mips64-elf/lib/libdragon.a(rdpq_sprite.o)
 .text.rdpq_sprite_blit
                0x80027580       0x80 /n64_toolchain/lib/gcc/mips64-elf/14.2.0/../../../../mips64-elf/lib/libdragon.a(rdpq_sprite.o)
                0x80027580                rdpq_sprite_blit
 .text.texload_recalc_tileparms
                0x80027600      0x400 /n64_toolchain/lib/gcc/mips64-elf/14.2.0/../../../../mips64-elf/lib/libdragon.a(rdpq_tex.o)
 .text.texload_set_rect
                0x80027a00      0x240 /n64_toolchain/lib/gcc/mips64-elf/14.2.0/../../../../mips64-elf/lib/libdragon.a(rdpq_tex.o)
 .text.tex_xblit_norotate_noscale
                0x80027c40      0x1a0 /n64_toolchain/lib/gcc/mips64-elf/14.2.0/../../../../mips64-elf/lib/libdragon.a(rdpq_tex.o)
 .text.tex_xblit_norotate
                0x80027de0      0x1c0 /n64_toolchain/lib/gcc/mips64-elf/14.2.0/../../../../mips64-elf/lib/libdragon.a(rdpq_tex.o)
 .text.draw_cb.0
                0x80027fa0      0x100 /n64_toolchain/lib/gcc/mips64-elf/14.2.0/../../../../mips64-elf/lib/libdragon.a(rdpq_tex.o)
 .text.draw_cb.1
                0x800280a0      0x160 /n64_toolchain/lib/gcc/mips64-elf/14.2.0/../../../../mips64-elf/lib/libdragon.a(rdpq_tex.o)
 .text.tex_xblit
                0x80028200      0x300 /n64_toolchain/lib/gcc/mips64-elf/14.2.0/../../../../mips64-elf/lib/libdragon.a(rdpq_tex.o)
 .text.draw_cb.2
                0x80028500      0x1c0 /n64_toolchain/lib/gcc/mips64-elf/14.2.0/../../../../mips64-elf/lib/libdragon.a(rdpq_tex.o)
 .text.rdpq_load_block.part.0
                0x800286c0       0x40 /n64_toolchain/lib/gcc/mips64-elf/14.2.0/../../../../mips64-elf/lib/libdragon.a(rdpq_tex.o)
 .text.texload_tile
                0x80028700      0x260 /n64_toolchain/lib/gcc/mips64-elf/14.2.0/../../../../mips64-elf/lib/libdragon.a(rdpq_tex.o)
 .text.texload_tile_4bpp
                0x80028960      0x380 /n64_toolchain/lib/gcc/mips64-elf/14.2.0/../../../../mips64-elf/lib/libdragon.a(rdpq_tex.o)
 .text.texload_block_4bpp
                0x80028ce0      0x460 /n64_toolchain/lib/gcc/mips64-elf/14.2.0/../../../../mips64-elf/lib/libdragon.a(rdpq_tex.o)
 .text.texload_block_8bpp
                0x80029140      0x400 /n64_toolchain/lib/gcc/mips64-elf/14.2.0/../../../../mips64-elf/lib/libdragon.a(rdpq_tex.o)
 .text.texload_block
                0x80029540      0x400 /n64_toolchain/lib/gcc/mips64-elf/14.2.0/../../../../mips64-elf/lib/libdragon.a(rdpq_tex.o)
 .text.tex_loader_load
                0x80029940      0x120 /n64_toolchain/lib/gcc/mips64-elf/14.2.0/../../../../mips64-elf/lib/libdragon.a(rdpq_tex.o)
                0x80029940                tex_loader_load
 .text.ltd_texloader
                0x80029a60      0x220 /n64_toolchain/lib/gcc/mips64-elf/14.2.0/../../../../mips64-elf/lib/libdragon.a(rdpq_tex.o)
 .text.rdpq_tex_upload_sub
                0x80029c80      0x240 /n64_toolchain/lib/gcc/mips64-elf/14.2.0/../../../../mips64-elf/lib/libdragon.a(rdpq_tex.o)
                0x80029c80                rdpq_tex_upload_sub
 .text.rdpq_tex_upload
                0x80029ec0       0x40 /n64_toolchain/lib/gcc/mips64-elf/14.2.0/../../../../mips64-elf/lib/libdragon.a(rdpq_tex.o)
                0x80029ec0                rdpq_tex_upload
 .text.__rdpq_tex_blit
                0x80029f00       0xc0 /n64_toolchain/lib/gcc/mips64-elf/14.2.0/../../../../mips64-elf/lib/libdragon.a(rdpq_tex.o)
                0x80029f00                __rdpq_tex_blit
 .text.rdpq_tex_blit
                0x80029fc0       0x40 /n64_toolchain/lib/gcc/mips64-elf/14.2.0/../../../../mips64-elf/lib/libdragon.a(rdpq_tex.o)
                0x80029fc0                rdpq_tex_blit
 .text.rdpq_tex_upload_tlut
                0x8002a000      0x140 /n64_toolchain/lib/gcc/mips64-elf/14.2.0/../../../../mips64-elf/lib/libdragon.a(rdpq_tex.o)
                0x8002a000                rdpq_tex_upload_tlut
 .text.rdpq_attach.part.0
                0x8002a140       0x40 /n64_toolchain/lib/gcc/mips64-elf/14.2.0/../../../../mips64-elf/lib/libdragon.a(rdpq_attach.o)
 .text.attach   0x8002a180      0x220 /n64_toolchain/lib/gcc/mips64-elf/14.2.0/../../../../mips64-elf/lib/libdragon.a(rdpq_attach.o)
 .text.rdpq_attach
                0x8002a3a0       0x40 /n64_toolchain/lib/gcc/mips64-elf/14.2.0/../../../../mips64-elf/lib/libdragon.a(rdpq_attach.o)
                0x8002a3a0                rdpq_attach
 .text.rdpq_detach_cb
                0x8002a3e0       0xc0 /n64_toolchain/lib/gcc/mips64-elf/14.2.0/../../../../mips64-elf/lib/libdragon.a(rdpq_attach.o)
                0x8002a3e0                rdpq_detach_cb
 .text.cb.0     0x8002a4a0       0x40 /n64_toolchain/lib/gcc/mips64-elf/14.2.0/../../../../mips64-elf/lib/libdragon.a(backtrace.o)
 .text.symt_open
                0x8002a4e0      0x200 /n64_toolchain/lib/gcc/mips64-elf/14.2.0/../../../../mips64-elf/lib/libdragon.a(backtrace.o)
 .text.symt_addrtab_entry.isra.0
                0x8002a6e0       0x60 /n64_toolchain/lib/gcc/mips64-elf/14.2.0/../../../../mips64-elf/lib/libdragon.a(backtrace.o)
 .text.format_entry
                0x8002a740      0x2a0 /n64_toolchain/lib/gcc/mips64-elf/14.2.0/../../../../mips64-elf/lib/libdragon.a(backtrace.o)
 .text.symt_addrtab_search
                0x8002a9e0      0x160 /n64_toolchain/lib/gcc/mips64-elf/14.2.0/../../../../mips64-elf/lib/libdragon.a(backtrace.o)
 .text.__symbolize
                0x8002ab40      0x280 /n64_toolchain/lib/gcc/mips64-elf/14.2.0/../../../../mips64-elf/lib/libdragon.a(backtrace.o)
                0x8002ab40                __symbolize
 .text.__bt_analyze_func
                0x8002adc0      0x1c0 /n64_toolchain/lib/gcc/mips64-elf/14.2.0/../../../../mips64-elf/lib/libdragon.a(backtrace.o)
                0x8002adc0                __bt_analyze_func
 .text.backtrace_foreach.constprop.0
                0x8002af80      0x360 /n64_toolchain/lib/gcc/mips64-elf/14.2.0/../../../../mips64-elf/lib/libdragon.a(backtrace.o)
 .text.backtrace
                0x8002b2e0       0xe0 /n64_toolchain/lib/gcc/mips64-elf/14.2.0/../../../../mips64-elf/lib/libdragon.a(backtrace.o)
                0x8002b2e0                backtrace
 .text.backtrace_symbols_cb
                0x8002b3c0      0x320 /n64_toolchain/lib/gcc/mips64-elf/14.2.0/../../../../mips64-elf/lib/libdragon.a(backtrace.o)
                0x8002b3c0                backtrace_symbols_cb
 .text.backtrace_frame_print
                0x8002b6e0       0xa0 /n64_toolchain/lib/gcc/mips64-elf/14.2.0/../../../../mips64-elf/lib/libdragon.a(backtrace.o)
                0x8002b6e0                backtrace_frame_print
 .text.backtrace_frame_print_compact
                0x8002b780      0x140 /n64_toolchain/lib/gcc/mips64-elf/14.2.0/../../../../mips64-elf/lib/libdragon.a(backtrace.o)
                0x8002b780                backtrace_frame_print_compact
 .text.sinf_approx
                0x8002b8c0      0x120 /n64_toolchain/lib/gcc/mips64-elf/14.2.0/../../../../mips64-elf/lib/libdragon.a(fmath.o)
 .text.fm_sincosf
                0x8002b9e0       0xc0 /n64_toolchain/lib/gcc/mips64-elf/14.2.0/../../../../mips64-elf/lib/libdragon.a(fmath.o)
                0x8002b9e0                fm_sincosf
 .text.rompak_search_ext
                0x8002baa0      0x220 /n64_toolchain/lib/gcc/mips64-elf/14.2.0/../../../../mips64-elf/lib/libdragon.a(rompak.o)
                0x8002baa0                rompak_search_ext
 .text.__console_render.part.0
                0x8002bcc0      0x100 /n64_toolchain/lib/gcc/mips64-elf/14.2.0/../../../../mips64-elf/lib/libdragon.a(console.o)
 .text.__console_write
                0x8002bdc0      0x320 /n64_toolchain/lib/gcc/mips64-elf/14.2.0/../../../../mips64-elf/lib/libdragon.a(console.o)
 .text.console_set_render_mode
                0x8002c0e0       0x20 /n64_toolchain/lib/gcc/mips64-elf/14.2.0/../../../../mips64-elf/lib/libdragon.a(console.o)
                0x8002c0e0                console_set_render_mode
 .text.console_init
                0x8002c100       0xe0 /n64_toolchain/lib/gcc/mips64-elf/14.2.0/../../../../mips64-elf/lib/libdragon.a(console.o)
                0x8002c100                console_init
 .text.console_render
                0x8002c1e0       0x40 /n64_toolchain/lib/gcc/mips64-elf/14.2.0/../../../../mips64-elf/lib/libdragon.a(console.o)
                0x8002c1e0                console_render
 .text.console_set_debug
                0x8002c220       0x20 /n64_toolchain/lib/gcc/mips64-elf/14.2.0/../../../../mips64-elf/lib/libdragon.a(console.o)
                0x8002c220                console_set_debug
 .text.must_open.part.0
                0x8002c240      0x100 /n64_toolchain/lib/gcc/mips64-elf/14.2.0/../../../../mips64-elf/lib/libdragon.a(asset.o)
 .text.must_open
                0x8002c340       0x40 /n64_toolchain/lib/gcc/mips64-elf/14.2.0/../../../../mips64-elf/lib/libdragon.a(asset.o)
                0x8002c340                must_open
 .text.asset_load
                0x8002c380      0x440 /n64_toolchain/lib/gcc/mips64-elf/14.2.0/../../../../mips64-elf/lib/libdragon.a(asset.o)
                0x8002c380                asset_load
 .text.timer_update_compare
                0x8002c7c0       0x40 /n64_toolchain/lib/gcc/mips64-elf/14.2.0/../../../../mips64-elf/lib/libdragon.a(timer.o)
 .text.timer_poll
                0x8002c800      0x1a0 /n64_toolchain/lib/gcc/mips64-elf/14.2.0/../../../../mips64-elf/lib/libdragon.a(timer.o)
 .text.timer_init
                0x8002c9a0       0x60 /n64_toolchain/lib/gcc/mips64-elf/14.2.0/../../../../mips64-elf/lib/libdragon.a(timer.o)
                0x8002c9a0                timer_init
 .text.new_timer_context
                0x8002ca00      0x100 /n64_toolchain/lib/gcc/mips64-elf/14.2.0/../../../../mips64-elf/lib/libdragon.a(timer.o)
                0x8002ca00                new_timer_context
 .text.restart_timer
                0x8002cb00       0x80 /n64_toolchain/lib/gcc/mips64-elf/14.2.0/../../../../mips64-elf/lib/libdragon.a(timer.o)
                0x8002cb00                restart_timer
 .text.stop_timer
                0x8002cb80       0xe0 /n64_toolchain/lib/gcc/mips64-elf/14.2.0/../../../../mips64-elf/lib/libdragon.a(timer.o)
                0x8002cb80                stop_timer
 .text.joypad_transfer_pak_wait_timer_callback
                0x8002cc60      0x140 /n64_toolchain/lib/gcc/mips64-elf/14.2.0/../../../../mips64-elf/lib/libdragon.a(joypad_accessory.o)
 .text.joypad_accessory_check_read_crc_error
                0x8002cda0      0x1c0 /n64_toolchain/lib/gcc/mips64-elf/14.2.0/../../../../mips64-elf/lib/libdragon.a(joypad_accessory.o)
 .text.joypad_transfer_pak_enable_read_callback
                0x8002cf60       0xc0 /n64_toolchain/lib/gcc/mips64-elf/14.2.0/../../../../mips64-elf/lib/libdragon.a(joypad_accessory.o)
 .text.joypad_accessory_check_write_crc_error
                0x8002d020      0x1c0 /n64_toolchain/lib/gcc/mips64-elf/14.2.0/../../../../mips64-elf/lib/libdragon.a(joypad_accessory.o)
 .text.joypad_accessory_detect_write_callback
                0x8002d1e0      0x360 /n64_toolchain/lib/gcc/mips64-elf/14.2.0/../../../../mips64-elf/lib/libdragon.a(joypad_accessory.o)
 .text.joypad_transfer_pak_enable_write_callback
                0x8002d540      0x180 /n64_toolchain/lib/gcc/mips64-elf/14.2.0/../../../../mips64-elf/lib/libdragon.a(joypad_accessory.o)
 .text.joypad_accessory_detect_read_callback
                0x8002d6c0      0x4e0 /n64_toolchain/lib/gcc/mips64-elf/14.2.0/../../../../mips64-elf/lib/libdragon.a(joypad_accessory.o)
 .text.joypad_accessory_reset
                0x8002dba0      0x140 /n64_toolchain/lib/gcc/mips64-elf/14.2.0/../../../../mips64-elf/lib/libdragon.a(joypad_accessory.o)
                0x8002dba0                joypad_accessory_reset
 .text.joypad_transfer_pak_wait_timer_init
                0x8002dce0       0xe0 /n64_toolchain/lib/gcc/mips64-elf/14.2.0/../../../../mips64-elf/lib/libdragon.a(joypad_accessory.o)
                0x8002dce0                joypad_transfer_pak_wait_timer_init
 .text.joypad_accessory_detect_async
                0x8002ddc0      0x140 /n64_toolchain/lib/gcc/mips64-elf/14.2.0/../../../../mips64-elf/lib/libdragon.a(joypad_accessory.o)
                0x8002ddc0                joypad_accessory_detect_async
 .text.rdpq_triangle_rsp
                0x8002df00      0x580 /n64_toolchain/lib/gcc/mips64-elf/14.2.0/../../../../mips64-elf/lib/libdragon.a(rdpq_tri.o)
                0x8002df00                rdpq_triangle_rsp
 .text.rdpq_triangle
                0x8002e480       0x20 /n64_toolchain/lib/gcc/mips64-elf/14.2.0/../../../../mips64-elf/lib/libdragon.a(rdpq_tri.o)
                0x8002e480                rdpq_triangle
 .text.decompress_lz4_full_inplace
                0x8002e4a0       0x20 /n64_toolchain/lib/gcc/mips64-elf/14.2.0/../../../../mips64-elf/lib/libdragon.a(lz4_dec.o)
                0x8002e4a0                decompress_lz4_full_inplace
 .text.decompress_lz4_init
                0x8002e4c0       0x60 /n64_toolchain/lib/gcc/mips64-elf/14.2.0/../../../../mips64-elf/lib/libdragon.a(lz4_dec.o)
                0x8002e4c0                decompress_lz4_init
 .text.decompress_lz4_reset
                0x8002e520       0x40 /n64_toolchain/lib/gcc/mips64-elf/14.2.0/../../../../mips64-elf/lib/libdragon.a(lz4_dec.o)
                0x8002e520                decompress_lz4_reset
 .text.decompress_lz4_read
                0x8002e560      0x400 /n64_toolchain/lib/gcc/mips64-elf/14.2.0/../../../../mips64-elf/lib/libdragon.a(lz4_dec.o)
                0x8002e560                decompress_lz4_read
 .text.decompress_lz4_full_fast
                0x8002e960      0x1c0 /n64_toolchain/lib/gcc/mips64-elf/14.2.0/../../../../mips64-elf/lib/libdragon.a(lz4_dec_fast.o)
                0x8002e960                decompress_lz4_full_fast
 .text.__ringbuf_init
                0x8002eb20       0x80 /n64_toolchain/lib/gcc/mips64-elf/14.2.0/../../../../mips64-elf/lib/libdragon.a(ringbuf.o)
                0x8002eb20                __ringbuf_init
 .text.__ringbuf_write
                0x8002eba0       0xc0 /n64_toolchain/lib/gcc/mips64-elf/14.2.0/../../../../mips64-elf/lib/libdragon.a(ringbuf.o)
                0x8002eba0                __ringbuf_write
 .text.__ringbuf_copy
                0x8002ec60      0x1a0 /n64_toolchain/lib/gcc/mips64-elf/14.2.0/../../../../mips64-elf/lib/libdragon.a(ringbuf.o)
                0x8002ec60                __ringbuf_copy
 .text.__get_fs_link_by_name
                0x8002ee00       0xe0 /n64_toolchain/lib/gcc/mips64-elf/14.2.0/../../../../mips64-elf/lib/libdragonsys.a(system.o)
 .text.attach_filesystem
                0x8002eee0      0x200 /n64_toolchain/lib/gcc/mips64-elf/14.2.0/../../../../mips64-elf/lib/libdragonsys.a(system.o)
                0x8002eee0                attach_filesystem
 .text.close    0x8002f0e0       0xe0 /n64_toolchain/lib/gcc/mips64-elf/14.2.0/../../../../mips64-elf/lib/libdragonsys.a(system.o)
                0x8002f0e0                close
 .text._exit    0x8002f1c0       0x20 /n64_toolchain/lib/gcc/mips64-elf/14.2.0/../../../../mips64-elf/lib/libdragonsys.a(system.o)
                0x8002f1c0                _exit
 .text.fstat    0x8002f1e0      0x100 /n64_toolchain/lib/gcc/mips64-elf/14.2.0/../../../../mips64-elf/lib/libdragonsys.a(system.o)
                0x8002f1e0                fstat
 .text.getpid   0x8002f2e0       0x40 /n64_toolchain/lib/gcc/mips64-elf/14.2.0/../../../../mips64-elf/lib/libdragonsys.a(system.o)
                0x8002f2e0                getpid
 .text.isatty   0x8002f320       0x40 /n64_toolchain/lib/gcc/mips64-elf/14.2.0/../../../../mips64-elf/lib/libdragonsys.a(system.o)
                0x8002f320                isatty
 .text.kill     0x8002f360       0x40 /n64_toolchain/lib/gcc/mips64-elf/14.2.0/../../../../mips64-elf/lib/libdragonsys.a(system.o)
                0x8002f360                kill
 .text.lseek    0x8002f3a0      0x100 /n64_toolchain/lib/gcc/mips64-elf/14.2.0/../../../../mips64-elf/lib/libdragonsys.a(system.o)
                0x8002f3a0                lseek
 .text.open     0x8002f4a0      0x2c0 /n64_toolchain/lib/gcc/mips64-elf/14.2.0/../../../../mips64-elf/lib/libdragonsys.a(system.o)
                0x8002f4a0                open
 .text.read     0x8002f760      0x140 /n64_toolchain/lib/gcc/mips64-elf/14.2.0/../../../../mips64-elf/lib/libdragonsys.a(system.o)
                0x8002f760                read
 .text.sbrk     0x8002f8a0      0x120 /n64_toolchain/lib/gcc/mips64-elf/14.2.0/../../../../mips64-elf/lib/libdragonsys.a(system.o)
                0x8002f8a0                sbrk
 .text.write    0x8002f9c0      0x140 /n64_toolchain/lib/gcc/mips64-elf/14.2.0/../../../../mips64-elf/lib/libdragonsys.a(system.o)
                0x8002f9c0                write
 .text.hook_stdio_calls
                0x8002fb00       0x60 /n64_toolchain/lib/gcc/mips64-elf/14.2.0/../../../../mips64-elf/lib/libdragonsys.a(system.o)
                0x8002fb00                hook_stdio_calls
 .text._flush_cache
                0x8002fb60       0x40 /n64_toolchain/lib/gcc/mips64-elf/14.2.0/../../../../mips64-elf/lib/libdragonsys.a(system.o)
                0x8002fb60                _flush_cache
 .text.__assert_func
                0x8002fba0       0x20 /n64_toolchain/lib/gcc/mips64-elf/14.2.0/../../../../mips64-elf/lib/libdragonsys.a(system.o)
                0x8002fba0                __assert_func
 *(keep.text.*)
 *(.init)
 .init          0x8002fbc0        0x8 /n64_toolchain/lib/gcc/mips64-elf/14.2.0/crti.o
                0x8002fbc0                _init
 *(.fini)
 .fini          0x8002fbc8        0x8 /n64_toolchain/lib/gcc/mips64-elf/14.2.0/crti.o
                0x8002fbc8                _fini
 *(.gnu.linkonce.t.*)
                0x8002fbd0                        . = ALIGN (0x10)
                0x8002fbd0                        __text_end = .

.eh_frame_hdr
 *(.eh_frame_hdr)

.eh_frame       0x8002fbd0        0x4
                0x8002fbd0                        __EH_FRAME_BEGIN__ = .
 *(.eh_frame)
 .eh_frame      0x8002fbd0        0x0 /n64_toolchain/lib/gcc/mips64-elf/14.2.0/crtbegin.o
 .eh_frame      0x8002fbd0        0x4 /n64_toolchain/lib/gcc/mips64-elf/14.2.0/crtend.o

.gcc_except_table
 *(.gcc_except_table*)

.jcr
 *(.jcr)

.rodata         0x8002fbd8     0xac30
 *(.rdata)
 *(.rodata)
 .rodata        0x8002fbd8       0x40 build/main.o
 .rodata        0x8002fc18       0x1c /n64_toolchain/lib/gcc/mips64-elf/14.2.0/../../../../mips64-elf/lib/libm.a(libm_a-ef_atan2.o)
 *fill*         0x8002fc34        0x4 
 .rodata        0x8002fc38       0x20 /n64_toolchain/lib/gcc/mips64-elf/14.2.0/../../../../mips64-elf/lib/libm.a(libm_a-sf_atan.o)
 .rodata        0x8002fc58      0x398 /n64_toolchain/lib/gcc/mips64-elf/14.2.0/../../../../mips64-elf/lib/libm.a(libm_a-ef_rem_pio2.o)
 .rodata        0x8002fff0       0x3c /n64_toolchain/lib/gcc/mips64-elf/14.2.0/../../../../mips64-elf/lib/libm.a(libm_a-kf_rem_pio2.o)
 *fill*         0x8003002c        0x4 
 .rodata        0x80030030      0x188 /n64_toolchain/lib/gcc/mips64-elf/14.2.0/../../../../mips64-elf/lib/libc.a(libc_a-vfprintf.o)
 .rodata        0x800301b8      0x188 /n64_toolchain/lib/gcc/mips64-elf/14.2.0/../../../../mips64-elf/lib/libc.a(libc_a-svfprintf.o)
 .rodata        0x80030340      0x23c /n64_toolchain/lib/gcc/mips64-elf/14.2.0/../../../../mips64-elf/lib/libc.a(libc_a-strerror.o)
 *fill*         0x8003057c        0x4 
 .rodata        0x80030580      0x128 /n64_toolchain/lib/gcc/mips64-elf/14.2.0/../../../../mips64-elf/lib/libc.a(libc_a-mprec.o)
                0x80030590                __mprec_tinytens
                0x800305b8                __mprec_bigtens
                0x800305e0                __mprec_tens
 .rodata        0x800306a8      0x288 /n64_toolchain/lib/gcc/mips64-elf/14.2.0/../../../../mips64-elf/lib/libc.a(libc_a-ctype_.o)
                0x800306a8                _ctype_
                0x800307b0                _ctype_b
 *(.rodata.*)
 .rodata.main.str1.8
                0x80030930     0x68a6 build/main.o
                                0x23a (size before relaxing)
 .rodata.str1.8
                0x800371d6       0xfb build/main.o
 *fill*         0x800371d6        0x2 
 .rodata.labels.4
                0x800371d8       0x10 build/main.o
 .rodata.pu_labels.5
                0x800371e8       0x14 build/main.o
 *fill*         0x800371fc        0x4 
 .rodata.PLAYER_TINT.9
                0x80037200       0x10 build/main.o
 .rodata.map_descs
                0x80037210       0x10 build/main.o
 .rodata.map_labels
                0x80037220       0x10 build/main.o
 .rodata.RESOLUTION_320x240
                0x80037230        0xc build/main.o
 *fill*         0x8003723c        0x4 
 .rodata.rsp_y  0x80037240       0x30 build/game.o
 .rodata.rsp_x  0x80037270       0x30 build/game.o
 .rodata.spawn_y
                0x800372a0       0x10 build/game.o
 .rodata.spawn_x
                0x800372b0       0x10 build/game.o
 .rodata.pu_y   0x800372c0       0x20 build/game.o
 .rodata.pu_x   0x800372e0       0x20 build/game.o
 .rodata.castRays.str1.8
                0x80037300      0x12a build/draw.o
 .rodata.__func__.4
                0x80037300        0xd build/draw.o
 *fill*         0x8003730d        0x3 
 .rodata.__func__.5
                0x80037310        0xc build/draw.o
 *fill*         0x8003731c        0x4 
 .rodata.__func__.6
                0x80037320        0xc build/draw.o
 *fill*         0x8003732c        0x4 
 .rodata.__func__.7
                0x80037330        0xb build/draw.o
 *fill*         0x8003733b        0x5 
 .rodata.__func__.8
                0x80037340       0x12 build/draw.o
 *fill*         0x80037352        0x6 
 .rodata.__func__.9
                0x80037358        0x9 build/draw.o
 *fill*         0x80037361        0x7 
 .rodata.all_maps
                0x80037368       0x10 build/maps.o
 .rodata.map_arena
                0x80037378      0x640 build/maps.o
                0x80037378                map_arena
 .rodata.map_maze
                0x800379b8      0x640 build/maps.o
                0x800379b8                map_maze
 .rodata.map_corridor
                0x80037ff8      0x640 build/maps.o
                0x80037ff8                map_corridor
 .rodata.map    0x80038638      0x640 build/maps.o
                0x80038638                map
 .rodata.data_cache_hit_invalidate.str1.8
                0x80038c78       0x45 /n64_toolchain/lib/gcc/mips64-elf/14.2.0/../../../../mips64-elf/lib/libdragon.a(n64sys.o)
 .rodata.__func__.1
                0x80038c78       0x1a /n64_toolchain/lib/gcc/mips64-elf/14.2.0/../../../../mips64-elf/lib/libdragon.a(n64sys.o)
 .rodata.__MI_BB_handler.str1.8
                0x80038c92      0x18e /n64_toolchain/lib/gcc/mips64-elf/14.2.0/../../../../mips64-elf/lib/libdragon.a(interrupt.o)
 .rodata.__CART_handler.str1.8
                0x80038c92       0x7a /n64_toolchain/lib/gcc/mips64-elf/14.2.0/../../../../mips64-elf/lib/libdragon.a(interrupt.o)
 .rodata.register_RESET_handler.str1.8
                0x80038c92       0x1b /n64_toolchain/lib/gcc/mips64-elf/14.2.0/../../../../mips64-elf/lib/libdragon.a(interrupt.o)
 .rodata.enable_interrupts.str1.8
                0x80038c92       0x3c /n64_toolchain/lib/gcc/mips64-elf/14.2.0/../../../../mips64-elf/lib/libdragon.a(interrupt.o)
 *fill*         0x80038c92        0x6 
 .rodata.__func__.0
                0x80038c98       0x12 /n64_toolchain/lib/gcc/mips64-elf/14.2.0/../../../../mips64-elf/lib/libdragon.a(interrupt.o)
 *fill*         0x80038caa        0x6 
 .rodata.__func__.2
                0x80038cb0       0x17 /n64_toolchain/lib/gcc/mips64-elf/14.2.0/../../../../mips64-elf/lib/libdragon.a(interrupt.o)
 *fill*         0x80038cc7        0x1 
 .rodata.__func__.3
                0x80038cc8        0xf /n64_toolchain/lib/gcc/mips64-elf/14.2.0/../../../../mips64-elf/lib/libdragon.a(interrupt.o)
 *fill*         0x80038cd7        0x1 
 .rodata.__func__.5
                0x80038cd8       0x10 /n64_toolchain/lib/gcc/mips64-elf/14.2.0/../../../../mips64-elf/lib/libdragon.a(interrupt.o)
 .rodata.cb.0.str1.8
                0x80038ce8       0x1d /n64_toolchain/lib/gcc/mips64-elf/14.2.0/../../../../mips64-elf/lib/libdragon.a(debug.o)
 .rodata.debug_assert_func_f.str1.8
                0x80038ce8       0x45 /n64_toolchain/lib/gcc/mips64-elf/14.2.0/../../../../mips64-elf/lib/libdragon.a(debug.o)
 .rodata.debug_hexdump.str1.8