Archive member included to satisfy reference by file (symbol)

/n64_toolchain/lib/gcc/mips64-elf/14.2.0/../../../../mips64-elf/lib/libdragon.a(entrypoint.o)
                              (_start)
/n64_toolchain/lib/gcc/mips64-elf/14.2.0/../../../../mips64-elf/lib/libdragon.a(debug.o)
                              /n64_toolchain/lib/gcc/mips64-elf/14.2.0/../../../../mips64-elf/lib/libdragon.a(entrypoint.o) (debug_assert_func)
/n64_toolchain/lib/gcc/mips64-elf/14.2.0/../../../../mips64-elf/lib/libdragon.a(usb.o)
                              /n64_toolchain/lib/gcc/mips64-elf/14.2.0/../../../../mips64-elf/lib/libdragon.a(debug.o) (usb_write)
/n64_toolchain/lib/gcc/mips64-elf/14.2.0/../../../../mips64-elf/lib/libdragon.a(cart.o)
                              /n64_toolchain/lib/gcc/mips64-elf/14.2.0/../../../../mips64-elf/lib/libdragon.a(debug.o) (cart_init)
/n64_toolchain/lib/gcc/mips64-elf/14.2.0/../../../../mips64-elf/lib/libdragon.a(ff.o)
                              /n64_toolchain/lib/gcc/mips64-elf/14.2.0/../../../../mips64-elf/lib/libdragon.a(debug.o) (f_mount)
/n64_toolchain/lib/gcc/mips64-elf/14.2.0/../../../../mips64-elf/lib/libdragon.a(ffunicode.o)
                              /n64_toolchain/lib/gcc/mips64-elf/14.2.0/../../../../mips64-elf/lib/libdragon.a(ff.o) (ff_uni2oem)
/n64_toolchain/lib/gcc/mips64-elf/14.2.0/../../../../mips64-elf/lib/libdragon.a(display.o)
                              build/main.o (display_init)
/n64_toolchain/lib/gcc/mips64-elf/14.2.0/../../../../mips64-elf/lib/libdragon.a(surface.o)
                              /n64_toolchain/lib/gcc/mips64-elf/14.2.0/../../../../mips64-elf/lib/libdragon.a(display.o) (surface_alloc)
/n64_toolchain/lib/gcc/mips64-elf/14.2.0/../../../../mips64-elf/lib/libdragon.a(graphics.o)
                              build/main.o (graphics_make_color)
/n64_toolchain/lib/gcc/mips64-elf/14.2.0/../../../../mips64-elf/lib/libdragon.a(rsp.o)
                              /n64_toolchain/lib/gcc/mips64-elf/14.2.0/../../../../mips64-elf/lib/libdragon.a(display.o) (__rsp_crash)
/n64_toolchain/lib/gcc/mips64-elf/14.2.0/../../../../mips64-elf/lib/libdragon.a(rsp_crash.o)
                              /n64_toolchain/lib/gcc/mips64-elf/14.2.0/../../../../mips64-elf/lib/libdragon.a(rsp.o) (rsp_crash_data_start)
/n64_toolchain/lib/gcc/mips64-elf/14.2.0/../../../../mips64-elf/lib/libdragon.a(inspector.o)
                              /n64_toolchain/lib/gcc/mips64-elf/14.2.0/../../../../mips64-elf/lib/libdragon.a(debug.o) (__inspector_assertion)
/n64_toolchain/lib/gcc/mips64-elf/14.2.0/../../../../mips64-elf/lib/libdragon.a(sprite.o)
                              /n64_toolchain/lib/gcc/mips64-elf/14.2.0/../../../../mips64-elf/lib/libdragon.a(graphics.o) (__sprite_upgrade)
/n64_toolchain/lib/gcc/mips64-elf/14.2.0/../../../../mips64-elf/lib/libdragon.a(dma.o)
                              /n64_toolchain/lib/gcc/mips64-elf/14.2.0/../../../../mips64-elf/lib/libdragon.a(debug.o) (io_accessible)
/n64_toolchain/lib/gcc/mips64-elf/14.2.0/../../../../mips64-elf/lib/libdragon.a(exception.o)
                              /n64_toolchain/lib/gcc/mips64-elf/14.2.0/../../../../mips64-elf/lib/libdragon.a(inspector.o) (__exception_dump_header)
/n64_toolchain/lib/gcc/mips64-elf/14.2.0/../../../../mips64-elf/lib/libdragon.a(do_ctors.o)
                              /n64_toolchain/lib/gcc/mips64-elf/14.2.0/../../../../mips64-elf/lib/libdragon.a(entrypoint.o) (__wrap___do_global_ctors)
/n64_toolchain/lib/gcc/mips64-elf/14.2.0/../../../../mips64-elf/lib/libdragon.a(dlfcn.o)
                              /n64_toolchain/lib/gcc/mips64-elf/14.2.0/../../../../mips64-elf/lib/libdragon.a(inspector.o) (__dl_list_head)
/n64_toolchain/lib/gcc/mips64-elf/14.2.0/../../../../mips64-elf/lib/libdragon.a(controller.o)
                              /n64_toolchain/lib/gcc/mips64-elf/14.2.0/../../../../mips64-elf/lib/libdragon.a(inspector.o) (controller_read)
/n64_toolchain/lib/gcc/mips64-elf/14.2.0/../../../../mips64-elf/lib/libdragon.a(joybus_accessory.o)
                              /n64_toolchain/lib/gcc/mips64-elf/14.2.0/../../../../mips64-elf/lib/libdragon.a(controller.o) (joybus_accessory_read)
/n64_toolchain/lib/gcc/mips64-elf/14.2.0/../../../../mips64-elf/lib/libdragon.a(joybus.o)
                              /n64_toolchain/lib/gcc/mips64-elf/14.2.0/../../../../mips64-elf/lib/libdragon.a(joybus_accessory.o) (joybus_exec_async)
/n64_toolchain/lib/gcc/mips64-elf/14.2.0/../../../../mips64-elf/lib/libdragon.a(joypad.o)
                              build/main.o (joypad_init)
/n64_toolchain/lib/gcc/mips64-elf/14.2.0/../../../../mips64-elf/lib/libdragon.a(rdpq_debug.o)
                              /n64_toolchain/lib/gcc/mips64-elf/14.2.0/../../../../mips64-elf/lib/libdragon.a(rsp.o) (rdpq_trace)
/n64_toolchain/lib/gcc/mips64-elf/14.2.0/../../../../mips64-elf/lib/libdragon.a(rdpq_rect.o)
[...]
Memory Configuration

Name             Origin             Length             Attributes
*default*        0x00000000         0xffffffff

Linker script and memory map

LOAD /n64_toolchain/lib/gcc/mips64-elf/14.2.0/crti.o
LOAD /n64_toolchain/lib/gcc/mips64-elf/14.2.0/crtbegin.o
LOAD build/main.o
LOAD build/game.o
LOAD build/draw.o
LOAD /n64_toolchain/lib/gcc/mips64-elf/14.2.0/../../../../mips64-elf/lib/libdragon.a
LOAD /n64_toolchain/lib/gcc/mips64-elf/14.2.0/../../../../mips64-elf/lib/libm.a
LOAD /n64_toolchain/lib/gcc/mips64-elf/14.2.0/../../../../mips64-elf/lib/libdragonsys.a

.intvectors     0x80000000      0x188
                0x80000000                        . = ALIGN (0x20)
 *(.intvectors)
 .intvectors    0x80000000      0x188 /n64_toolchain/lib/gcc/mips64-elf/14.2.0/../../../../mips64-elf/lib/libdragon.a(inthandler.o)
                0x80000188                        __intvectors_end = .

.text           0x80000400    0x1dc90
                0x80000400                        __text_start = .
 *(.boot)
 .boot          0x80000400       0x68 /n64_toolchain/lib/gcc/mips64-elf/14.2.0/../../../../mips64-elf/lib/libdragon.a(entrypoint.o)
                0x80000400                _start
                0x80000470                        . = ALIGN (0x10)
 *fill*         0x80000468        0x8 
 *(.text)
 *fill*         0x80000470       0x10 
 .text          0x80000480      0x380 /n64_toolchain/lib/gcc/mips64-elf/14.2.0/../../../../mips64-elf/lib/libdragon.a(inthandler.o)
                0x80000480                inthandler
                0x80000800                inthandler_end
 .text          0x80000800      0x110 /n64_toolchain/lib/gcc/mips64-elf/14.2.0/../../../../mips64-elf/lib/libm.a(libm_a-sf_floor.o)
                0x80000800                floorf
 .text          0x80000910       0xe8 /n64_toolchain/lib/gcc/mips64-elf/14.2.0/../../../../mips64-elf/lib/libm.a(libm_a-sf_cos.o)
                0x80000910                cosf
 .text          0x800009f8      0x190 /n64_toolchain/lib/gcc/mips64-elf/14.2.0/../../../../mips64-elf/lib/libm.a(libm_a-kf_cos.o)
                0x800009f8                __kernel_cosf
 .text          0x80000b88       0xe8 /n64_toolchain/lib/gcc/mips64-elf/14.2.0/../../../../mips64-elf/lib/libm.a(libm_a-sf_sin.o)
                0x80000b88                sinf
 .text          0x80000c70       0xd0 /n64_toolchain/lib/gcc/mips64-elf/14.2.0/../../../../mips64-elf/lib/libm.a(libm_a-kf_sin.o)
                0x80000c70                __kernel_sinf
 .text          0x80000d40      0x370 /n64_toolchain/lib/gcc/mips64-elf/14.2.0/../../../../mips64-elf/lib/libm.a(libm_a-ef_rem_pio2.o)
                0x80000d40                __ieee754_rem_pio2f
 .text          0x800010b0       0x20 /n64_toolchain/lib/gcc/mips64-elf/14.2.0/../../../../mips64-elf/lib/libm.a(libm_a-sf_fabs.o)
                0x800010b0                fabsf
 .text          0x800010d0      0x9a0 /n64_toolchain/lib/gcc/mips64-elf/14.2.0/../../../../mips64-elf/lib/libm.a(libm_a-kf_rem_pio2.o)
                0x800010d0                __kernel_rem_pio2f
 .text          0x80001a70      0x188 /n64_toolchain/lib/gcc/mips64-elf/14.2.0/../../../../mips64-elf/lib/libm.a(libm_a-sf_scalbn.o)
                0x80001a70                scalbnf
 .text          0x80001bf8     0x2a08 /n64_toolchain/lib/gcc/mips64-elf/14.2.0/../../../../mips64-elf/lib/libc.a(libc_a-vfprintf.o)
                0x80001bf8                _vfprintf_r
                0x800044e8                vfprintf
 .text          0x80004600      0x11c /n64_toolchain/lib/gcc/mips64-elf/14.2.0/../../../../mips64-elf/lib/libc.a(libc_a-memset.o)
                0x80004600                memset
 *fill*         0x8000471c        0x4 
 .text          0x80004720      0x188 /n64_toolchain/lib/gcc/mips64-elf/14.2.0/../../../../mips64-elf/lib/libc.a(libc_a-strchr.o)
                0x80004720                strchr
 .text          0x800048a8     0x2718 /n64_toolchain/lib/gcc/mips64-elf/14.2.0/../../../../mips64-elf/lib/libc.a(libc_a-svfprintf.o)
                0x800048a8                _svfprintf_r
 .text          0x80006fc0      0xbb8 /n64_toolchain/lib/gcc/mips64-elf/14.2.0/../../../../mips64-elf/lib/libc.a(libc_a-strstr.o)
                0x80007878                strstr
 .text          0x80007b78       0x30 /n64_toolchain/lib/gcc/mips64-elf/14.2.0/../../../../mips64-elf/lib/libc.a(libc_a-vprintf.o)
                0x80007b78                vprintf
                0x80007b90                _vprintf_r
 .text          0x80007ba8       0x50 /n64_toolchain/lib/gcc/mips64-elf/14.2.0/../../../../mips64-elf/lib/libc.a(libc_a-lock.o)
                0x80007ba8                __retarget_lock_init
                0x80007bb0                __retarget_lock_init_recursive
                0x80007bb8                __retarget_lock_close
                0x80007bc0                __retarget_lock_close_recursive
                0x80007bc8                __retarget_lock_acquire
                0x80007bd0                __retarget_lock_acquire_recursive
                0x80007bd8                __retarget_lock_try_acquire
                0x80007be0                __retarget_lock_try_acquire_recursive
                0x80007be8                __retarget_lock_release
                0x80007bf0                __retarget_lock_release_recursive
 .text          0x80007bf8      0x458 /n64_toolchain/lib/gcc/mips64-elf/14.2.0/../../../../mips64-elf/lib/libc.a(libc_a-fflush.o)
                0x80007bf8                __sflush_r
                0x80007e50                _fflush_r
                0x80007f58                fflush
 .text          0x80008050      0x168 /n64_toolchain/lib/gcc/mips64-elf/14.2.0/../../../../mips64-elf/lib/libc.a(libc_a-memmove.o)
                0x80008050                memmove
 .text          0x800081b8        0x8 /n64_toolchain/lib/gcc/mips64-elf/14.2.0/../../../../mips64-elf/lib/libc.a(libc_a-errno.o)
                0x800081b8                __errno
 .text          0x800081c0      0x240 /n64_toolchain/lib/gcc/mips64-elf/14.2.0/../../../../mips64-elf/lib/libc.a(libc_a-strcmp.o)
                0x800081c0                strcmp
 .text          0x80008400       0x18 /n64_toolchain/lib/gcc/mips64-elf/14.2.0/../../../../mips64-elf/lib/libc.a(libc_a-abort.o)
                0x80008400                abort
 .text          0x80008418      0x120 /n64_toolchain/lib/gcc/mips64-elf/14.2.0/../../../../mips64-elf/lib/libc.a(libc_a-callocr.o)
                0x80008418                _calloc_r
 .text          0x80008538      0x190 /n64_toolchain/lib/gcc/mips64-elf/14.2.0/../../../../mips64-elf/lib/libc.a(libc_a-fputc.o)
                0x80008538                _fputc_r
                0x80008600                fputc
 .text          0x800086c8      0x8c8 /n64_toolchain/lib/gcc/mips64-elf/14.2.0/../../../../mips64-elf/lib/libc.a(libc_a-mallocr.o)
                0x800086c8                _malloc_r
 .text          0x80008f90       0x20 /n64_toolchain/lib/gcc/mips64-elf/14.2.0/../../../../mips64-elf/lib/libc.a(libc_a-putchar.o)
                0x80008f90                _putchar_r
                0x80008f98                putchar
 .text          0x80008fb0       0x98 /n64_toolchain/lib/gcc/mips64-elf/14.2.0/../../../../mips64-elf/lib/libc.a(libc_a-strcat.o)
                0x80008fb0                strcat
 .text          0x80009048     0x1810 /n64_toolchain/lib/gcc/mips64-elf/14.2.0/../../../../mips64-elf/lib/libc.a(libc_a-dtoa.o)
                0x80009298                _dtoa_r
 .text          0x8000a858      0x1e0 /n64_toolchain/lib/gcc/mips64-elf/14.2.0/../../../../mips64-elf/lib/libc.a(libc_a-wsetup.o)
                0x8000a858                __swsetup_r
 .text          0x8000aa38      0x470 /n64_toolchain/lib/gcc/mips64-elf/14.2.0/../../../../mips64-elf/lib/libc.a(libc_a-freer.o)
                0x8000aa38                _malloc_trim_r
                0x8000ab78                _free_r
 .text          0x8000aea8       0x80 /n64_toolchain/lib/gcc/mips64-elf/14.2.0/../../../../mips64-elf/lib/libc.a(libc_a-memcmp.o)
                0x8000aea8                memcmp
 .text          0x8000af28       0x70 /n64_toolchain/lib/gcc/mips64-elf/14.2.0/../../../../mips64-elf/lib/libc.a(libc_a-strrchr.o)
                0x8000af28                strrchr
 .text          0x8000af98      0x1c8 /n64_toolchain/lib/gcc/mips64-elf/14.2.0/../../../../mips64-elf/lib/libc.a(libc_a-snprintf.o)
                0x8000af98                _snprintf_r
                0x8000b078                snprintf
 .text          0x8000b160       0xa8 /n64_toolchain/lib/gcc/mips64-elf/14.2.0/../../../../mips64-elf/lib/libc.a(libc_a-strcpy.o)
                0x8000b160                strcpy
 .text          0x8000b208       0x20 /n64_toolchain/lib/gcc/mips64-elf/14.2.0/../../../../mips64-elf/lib/libc.a(libc_a-malloc.o)
                0x8000b208                malloc
                0x8000b218                free
 .text          0x8000b228      0x240 /n64_toolchain/lib/gcc/mips64-elf/14.2.0/../../../../mips64-elf/lib/libc.a(libc_a-putc.o)
                0x8000b228                _putc_r
                0x8000b338                putc
 .text          0x8000b468      0x190 /n64_toolchain/lib/gcc/mips64-elf/14.2.0/../../../../mips64-elf/lib/libc.a(libc_a-stdio.o)
                0x8000b468                __sread
                0x8000b4c0                __seofread
                0x8000b4c8                __swrite
                0x8000b588                __sseek
                0x8000b5f0                __sclose
 .text          0x8000b5f8       0x68 /n64_toolchain/lib/gcc/mips64-elf/14.2.0/../../../../mips64-elf/lib/libc.a(libc_a-fprintf.o)
                0x8000b5f8                _fprintf_r
                0x8000b620                fprintf
 .text          0x8000b660       0x18 /n64_toolchain/lib/gcc/mips64-elf/14.2.0/../../../../mips64-elf/lib/libc.a(libc_a-strlen.o)
                0x8000b660                strlen
 .text          0x8000b678      0x1d0 /n64_toolchain/lib/gcc/mips64-elf/14.2.0/../../../../mips64-elf/lib/libc.a(libc_a-wbuf.o)
                0x8000b678                __swbuf_r
                0x8000b830                __swbuf
 .text          0x8000b848      0x600 /n64_toolchain/lib/gcc/mips64-elf/14.2.0/../../../../mips64-elf/lib/libc.a(libc_a-reallocr.o)
                0x8000b848                _realloc_r
 .text          0x8000be48       0x60 /n64_toolchain/lib/gcc/mips64-elf/14.2.0/../../../../mips64-elf/lib/libc.a(libc_a-writer.o)
                0x8000be48                _write_r
 .text          0x8000bea8      0x250 /n64_toolchain/lib/gcc/mips64-elf/14.2.0/../../../../mips64-elf/lib/libc.a(libc_a-fwrite.o)
                0x8000bea8                _fwrite_r
                0x8000c0c8                fwrite
 .text          0x8000c0f8       0x20 /n64_toolchain/lib/gcc/mips64-elf/14.2.0/../../../../mips64-elf/lib/libc.a(libc_a-mlock.o)
                0x8000c0f8                __malloc_lock
                0x8000c108                __malloc_unlock
 .text          0x8000c118      0x510 /n64_toolchain/lib/gcc/mips64-elf/14.2.0/../../../../mips64-elf/lib/libc.a(libc_a-findfp.o)
                0x8000c3b0                __sfp
                0x8000c520                __sinit
                0x8000c598                __sfp_lock_acquire
                0x8000c5a8                __sfp_lock_release
                0x8000c5b8                __fp_lock_all
                0x8000c5f0                __fp_unlock_all
 .text          0x8000c628      0x1a8 /n64_toolchain/lib/gcc/mips64-elf/14.2.0/../../../../mips64-elf/lib/libc.a(libc_a-puts.o)
                0x8000c628                _puts_r
                0x8000c7c0                puts
 .text          0x8000c7d0      0x508 /n64_toolchain/lib/gcc/mips64-elf/14.2.0/../../../../mips64-elf/lib/libc.a(libc_a-fvwrite.o)
                0x8000c7d0                __sfvwrite_r
 .text          0x8000ccd8       0xf0 /n64_toolchain/lib/gcc/mips64-elf/14.2.0/../../../../mips64-elf/lib/libc.a(libc_a-memchr.o)
                0x8000ccd8                memchr
 .text          0x8000cdc8       0xc8 /n64_toolchain/lib/gcc/mips64-elf/14.2.0/../../../../mips64-elf/lib/libc.a(libc_a-ssprint_r.o)
                0x8000cdc8                __ssprint_r
 .text          0x8000ce90      0x370 /n64_toolchain/lib/gcc/mips64-elf/14.2.0/../../../../mips64-elf/lib/libc.a(libc_a-memcpy.o)
                0x8000ce90                memcpy
 .text          0x8000d200       0xe0 /n64_toolchain/lib/gcc/mips64-elf/14.2.0/../../../../mips64-elf/lib/libc.a(libc_a-sprintf.o)
                0x8000d200                _sprintf_r
                0x8000d268                sprintf
 .text          0x8000d2e0       0x40 /n64_toolchain/lib/gcc/mips64-elf/14.2.0/../../../../mips64-elf/lib/libc.a(libc_a-strnlen.o)
                0x8000d2e0                strnlen
 .text          0x8000d320       0x78 /n64_toolchain/lib/gcc/mips64-elf/14.2.0/../../../../mips64-elf/lib/libc.a(libc_a-printf.o)
                0x8000d320                _printf_r
                0x8000d358                printf
 .text          0x8000d398       0x50 /n64_toolchain/lib/gcc/mips64-elf/14.2.0/../../../../mips64-elf/lib/libc.a(libc_a-sbrkr.o)
                0x8000d398                _sbrk_r
 .text          0x8000d3e8       0x50 /n64_toolchain/lib/gcc/mips64-elf/14.2.0/../../../../mips64-elf/lib/libc.a(libc_a-closer.o)
                0x8000d3e8                _close_r
 .text          0x8000d438       0x18 /n64_toolchain/lib/gcc/mips64-elf/14.2.0/../../../../mips64-elf/lib/libc.a(libc_a-malign.o)
                0x8000d438                memalign
 .text          0x8000d450      0x598 /n64_toolchain/lib/gcc/mips64-elf/14.2.0/../../../../mips64-elf/lib/libc.a(libc_a-signal.o)
                0x8000d450                _init_signal_r
                0x8000d4b8                _signal_r
                0x8000d568                _raise_r
                0x8000d620                __sigtramp_r
                0x8000d710                raise
                0x8000d7d8                signal
                0x8000d890                _init_signal
                0x8000d900                __sigtramp
 .text          0x8000d9e8       0x40 /n64_toolchain/lib/gcc/mips64-elf/14.2.0/../../../../mips64-elf/lib/libc.a(libc_a-sprint_r.o)
                0x8000d9e8                __sprint_r
 .text          0x8000da28     0x1480 /n64_toolchain/lib/gcc/mips64-elf/14.2.0/../../../../mips64-elf/lib/libc.a(libc_a-mprec.o)
                0x8000da28                _Balloc
                0x8000dad8                _Bfree
                0x8000db08                __multadd
                0x8000dc60                __s2b
                0x8000dde0                __hi0bits
                0x8000de88                __lo0bits
                0x8000dfa0                __i2b
                0x8000e078                __multiply
                0x8000e300                __pow5mult
                0x8000e468                __lshift
                0x8000e620                __mcmp
                0x8000e688                __mdiff
                0x8000e900                __ulp
                0x8000e9b0                __b2d
                0x8000eb48                __d2b
                0x8000eca0                __ratio
                0x8000ed60                _mprec_log10
                0x8000eda0                __copybits
                0x8000ee28                __any_on
 .text          0x8000eea8       0xc0 /n64_toolchain/lib/gcc/mips64-elf/14.2.0/../../../../mips64-elf/lib/libc.a(libc_a-fwalk.o)
                0x8000eea8                _fwalk_sglue
 .text          0x8000ef68       0x28 /n64_toolchain/lib/gcc/mips64-elf/14.2.0/../../../../mips64-elf/lib/libc.a(libc_a-localeconv.o)
                0x8000ef68                __localeconv_l
                0x8000ef70                _localeconv_r
                0x8000ef80                localeconv
 .text          0x8000ef90      0x230 /n64_toolchain/lib/gcc/mips64-elf/14.2.0/../../../../mips64-elf/lib/libc.a(libc_a-makebuf.o)
                0x8000ef90                __smakebuf_r
                0x8000f110                __swhatbuf_r
 .text          0x8000f1c0       0x60 /n64_toolchain/lib/gcc/mips64-elf/14.2.0/../../../../mips64-elf/lib/libc.a(libc_a-signalr.o)
                0x8000f1c0                _kill_r
                0x8000f218                _getpid_r
 .text          0x8000f220       0x70 /n64_toolchain/lib/gcc/mips64-elf/14.2.0/../../../../mips64-elf/lib/libc.a(libc_a-mbtowc_r.o)
                0x8000f220                _mbtowc_r
                0x8000f230                __ascii_mbtowc
 .text          0x8000f290      0x188 /n64_toolchain/lib/gcc/mips64-elf/14.2.0/../../../../mips64-elf/lib/libc.a(libc_a-ssputs_r.o)
                0x8000f290                __ssputs_r
 .text          0x8000f418       0x60 /n64_toolchain/lib/gcc/mips64-elf/14.2.0/../../../../mips64-elf/lib/libc.a(libc_a-readr.o)
                0x8000f418                _read_r
 .text          0x8000f478      0x200 /n64_toolchain/lib/gcc/mips64-elf/14.2.0/../../../../mips64-elf/lib/libc.a(libc_a-malignr.o)
                0x8000f478                _memalign_r
 .text          0x8000f678      0x1b0 /n64_toolchain/lib/gcc/mips64-elf/14.2.0/../../../../mips64-elf/lib/libc.a(libc_a-fclose.o)
                0x8000f678                _fclose_r
                0x8000f818                fclose
 .text          0x8000f828       0x48 /n64_toolchain/lib/gcc/mips64-elf/14.2.0/../../../../mips64-elf/lib/libc.a(libc_a-wctomb_r.o)
                0x8000f828                _wctomb_r
                0x8000f838                __ascii_wctomb
 .text          0x8000f870       0x60 /n64_toolchain/lib/gcc/mips64-elf/14.2.0/../../../../mips64-elf/lib/libc.a(libc_a-lseekr.o)
                0x8000f870                _lseek_r
 .text          0x8000f8d0       0x58 /n64_toolchain/lib/gcc/mips64-elf/14.2.0/../../../../mips64-elf/lib/libc.a(libc_a-fstatr.o)
                0x8000f8d0                _fstat_r
 .text          0x8000f928       0x50 /n64_toolchain/lib/gcc/mips64-elf/14.2.0/../../../../mips64-elf/lib/libc.a(libc_a-isattyr.o)
                0x8000f928                _isatty_r
 *(.text.*)
 *fill*         0x8000f978        0x8 
 .text.startup.main
                0x8000f980      0x780 build/main.o
                0x8000f980                main
 .text.move_at_angle
                0x80010100      0x220 build/game.o
 .text.init_players
                0x80010320       0x80 build/game.o
                0x80010320                init_players
 .text.update_player
                0x800103a0      0x3a0 build/game.o
                0x800103a0                update_player
 .text.drawColumn
                0x80010740      0x3e0 build/draw.o
                0x80010740                drawColumn
 .text.castRays
                0x80010b20      0x4c0 build/draw.o
                0x80010b20                castRays
 .text.drawMiniMap
                0x80010fe0      0x1c0 build/draw.o
                0x80010fe0                drawMiniMap
 .text.cb.0     0x800111a0       0xa0 /n64_toolchain/lib/gcc/mips64-elf/14.2.0/../../../../mips64-elf/lib/libdragon.a(debug.o)
 .text.debug_assert_func_f
                0x80011240       0xe0 /n64_toolchain/lib/gcc/mips64-elf/14.2.0/../../../../mips64-elf/lib/libdragon.a(debug.o)
                0x80011240                debug_assert_func_f
 .text.debug_assert_func
                0x80011320       0x20 /n64_toolchain/lib/gcc/mips64-elf/14.2.0/../../../../mips64-elf/lib/libdragon.a(debug.o)
                0x80011320                debug_assert_func
 .text.debug_hexdump
                0x80011340      0x280 /n64_toolchain/lib/gcc/mips64-elf/14.2.0/../../../../mips64-elf/lib/libdragon.a(debug.o)
                0x80011340                debug_hexdump
 .text.__debug_backtrace
                0x800115c0      0x120 /n64_toolchain/lib/gcc/mips64-elf/14.2.0/../../../../mips64-elf/lib/libdragon.a(debug.o)
                0x800115c0                __debug_backtrace
 .text.debug_backtrace
                0x800116e0       0x20 /n64_toolchain/lib/gcc/mips64-elf/14.2.0/../../../../mips64-elf/lib/libdragon.a(debug.o)
                0x800116e0                debug_backtrace
 .text.__display_callback
                0x80011700      0x140 /n64_toolchain/lib/gcc/mips64-elf/14.2.0/../../../../mips64-elf/lib/libdragon.a(display.o)
 .text.display_show.part.0
                0x80011840      0x1a0 /n64_toolchain/lib/gcc/mips64-elf/14.2.0/../../../../mips64-elf/lib/libdragon.a(display.o)
 .text.display_init
                0x800119e0      0x5c0 /n64_toolchain/lib/gcc/mips64-elf/14.2.0/../../../../mips64-elf/lib/libdragon.a(display.o)
                0x800119e0                display_init
 .text.display_close
                0x80011fa0      0x100 /n64_toolchain/lib/gcc/mips64-elf/14.2.0/../../../../mips64-elf/lib/libdragon.a(display.o)
                0x80011fa0                display_close
 .text.display_try_get
                0x800120a0       0xc0 /n64_toolchain/lib/gcc/mips64-elf/14.2.0/../../../../mips64-elf/lib/libdragon.a(display.o)
                0x800120a0                display_try_get
 .text.display_get
                0x80012160      0x100 /n64_toolchain/lib/gcc/mips64-elf/14.2.0/../../../../mips64-elf/lib/libdragon.a(display.o)
                0x80012160                display_get
 .text.display_show
                0x80012260       0x20 /n64_toolchain/lib/gcc/mips64-elf/14.2.0/../../../../mips64-elf/lib/libdragon.a(display.o)
                0x80012260                display_show
 .text.display_show_force
                0x80012280       0x40 /n64_toolchain/lib/gcc/mips64-elf/14.2.0/../../../../mips64-elf/lib/libdragon.a(display.o)
                0x80012280                display_show_force
 .text.display_get_bitdepth
                0x800122c0       0x20 /n64_toolchain/lib/gcc/mips64-elf/14.2.0/../../../../mips64-elf/lib/libdragon.a(display.o)
                0x800122c0                display_get_bitdepth
 .text.surface_alloc
                0x800122e0       0xe0 /n64_toolchain/lib/gcc/mips64-elf/14.2.0/../../../../mips64-elf/lib/libdragon.a(surface.o)
                0x800122e0                surface_alloc
 .text.surface_free
                0x800123c0       0x80 /n64_toolchain/lib/gcc/mips64-elf/14.2.0/../../../../mips64-elf/lib/libdragon.a(surface.o)
                0x800123c0                surface_free
 .text.graphics_draw_character.part.0
                0x80012440      0x4e0 /n64_toolchain/lib/gcc/mips64-elf/14.2.0/../../../../mips64-elf/lib/libdragon.a(graphics.o)
 .text.graphics_make_color
                0x80012920       0xc0 /n64_toolchain/lib/gcc/mips64-elf/14.2.0/../../../../mips64-elf/lib/libdragon.a(graphics.o)
                0x80012920                graphics_make_color
 .text.graphics_set_color
                0x800129e0       0x20 /n64_toolchain/lib/gcc/mips64-elf/14.2.0/../../../../mips64-elf/lib/libdragon.a(graphics.o)
                0x800129e0                graphics_set_color
 .text.graphics_draw_pixel
                0x80012a00       0x80 /n64_toolchain/lib/gcc/mips64-elf/14.2.0/../../../../mips64-elf/lib/libdragon.a(graphics.o)
                0x80012a00                graphics_draw_pixel
 .text.graphics_draw_line
                0x80012a80      0x260 /n64_toolchain/lib/gcc/mips64-elf/14.2.0/../../../../mips64-elf/lib/libdragon.a(graphics.o)
                0x80012a80                graphics_draw_line
 .text.graphics_draw_box
                0x80012ce0      0x120 /n64_toolchain/lib/gcc/mips64-elf/14.2.0/../../../../mips64-elf/lib/libdragon.a(graphics.o)
                0x80012ce0                graphics_draw_box
 .text.graphics_fill_screen
                0x80012e00       0x80 /n64_toolchain/lib/gcc/mips64-elf/14.2.0/../../../../mips64-elf/lib/libdragon.a(graphics.o)
                0x80012e00                graphics_fill_screen
 .text.graphics_set_default_font
                0x80012e80       0x20 /n64_toolchain/lib/gcc/mips64-elf/14.2.0/../../../../mips64-elf/lib/libdragon.a(graphics.o)
                0x80012e80                graphics_set_default_font
 .text.graphics_draw_character
                0x80012ea0       0x20 /n64_toolchain/lib/gcc/mips64-elf/14.2.0/../../../../mips64-elf/lib/libdragon.a(graphics.o)
                0x80012ea0                graphics_draw_character
 .text.graphics_draw_text
                0x80012ec0      0x120 /n64_toolchain/lib/gcc/mips64-elf/14.2.0/../../../../mips64-elf/lib/libdragon.a(graphics.o)
                0x80012ec0                graphics_draw_text
 .text.rsp_load_code
                0x80012fe0      0x100 /n64_toolchain/lib/gcc/mips64-elf/14.2.0/../../../../mips64-elf/lib/libdragon.a(rsp.o)
                0x80012fe0                rsp_load_code
 .text.rsp_load_data
                0x800130e0       0xe0 /n64_toolchain/lib/gcc/mips64-elf/14.2.0/../../../../mips64-elf/lib/libdragon.a(rsp.o)
                0x800130e0                rsp_load_data
 .text.rsp_read_code
                0x800131c0       0xe0 /n64_toolchain/lib/gcc/mips64-elf/14.2.0/../../../../mips64-elf/lib/libdragon.a(rsp.o)
                0x800131c0                rsp_read_code
 .text.rsp_read_data
                0x800132a0       0xe0 /n64_toolchain/lib/gcc/mips64-elf/14.2.0/../../../../mips64-elf/lib/libdragon.a(rsp.o)
                0x800132a0                rsp_read_data
 .text.__rsp_crash
                0x80013380      0xc40 /n64_toolchain/lib/gcc/mips64-elf/14.2.0/../../../../mips64-elf/lib/libdragon.a(rsp.o)
                0x80013380                __rsp_crash
 .text.__rsp_check_assert
                0x80013fc0       0x80 /n64_toolchain/lib/gcc/mips64-elf/14.2.0/../../../../mips64-elf/lib/libdragon.a(rsp.o)
                0x80013fc0                __rsp_check_assert
 .text.rsp_wait
                0x80014040      0x100 /n64_toolchain/lib/gcc/mips64-elf/14.2.0/../../../../mips64-elf/lib/libdragon.a(rsp.o)
                0x80014040                rsp_wait
 .text.rsp_run  0x80014140       0x60 /n64_toolchain/lib/gcc/mips64-elf/14.2.0/../../../../mips64-elf/lib/libdragon.a(rsp.o)
                0x80014140                rsp_run
 .text.cb.2     0x800141a0       0x60 /n64_toolchain/lib/gcc/mips64-elf/14.2.0/../../../../mips64-elf/lib/libdragon.a(inspector.o)
 .text.cb.1     0x80014200       0x60 /n64_toolchain/lib/gcc/mips64-elf/14.2.0/../../../../mips64-elf/lib/libdragon.a(inspector.o)
 .text.cb.0     0x80014260      0x120 /n64_toolchain/lib/gcc/mips64-elf/14.2.0/../../../../mips64-elf/lib/libdragon.a(inspector.o)
 .text.cb.3     0x80014380      0x120 /n64_toolchain/lib/gcc/mips64-elf/14.2.0/../../../../mips64-elf/lib/libdragon.a(inspector.o)
 .text.inspector_stdout
                0x800144a0      0x300 /n64_toolchain/lib/gcc/mips64-elf/14.2.0/../../../../mips64-elf/lib/libdragon.a(inspector.o)
 .text.title    0x800147a0       0xa0 /n64_toolchain/lib/gcc/mips64-elf/14.2.0/../../../../mips64-elf/lib/libdragon.a(inspector.o)
 .text.mips_disasm
                0x80014840      0x820 /n64_toolchain/lib/gcc/mips64-elf/14.2.0/../../../../mips64-elf/lib/libdragon.a(inspector.o)
 .text.inspector
                0x80015060      0xcc0 /n64_toolchain/lib/gcc/mips64-elf/14.2.0/../../../../mips64-elf/lib/libdragon.a(inspector.o)
 .text.handler.4
                0x80015d20       0x40 /n64_toolchain/lib/gcc/mips64-elf/14.2.0/../../../../mips64-elf/lib/libdragon.a(inspector.o)
 .text.__inspector_exception
                0x80015d60       0x20 /n64_toolchain/lib/gcc/mips64-elf/14.2.0/../../../../mips64-elf/lib/libdragon.a(inspector.o)
                0x80015d60                __inspector_exception
 .text.__inspector_assertion
                0x80015d80       0x20 /n64_toolchain/lib/gcc/mips64-elf/14.2.0/../../../../mips64-elf/lib/libdragon.a(inspector.o)
                0x80015d80                __inspector_assertion
 .text.startup.__inspector_init
                0x80015da0       0x20 /n64_toolchain/lib/gcc/mips64-elf/14.2.0/../../../../mips64-elf/lib/libdragon.a(inspector.o)
                0x80015da0                __inspector_init
 .text.dma_read_async
                0x80015dc0      0x4e0 /n64_toolchain/lib/gcc/mips64-elf/14.2.0/../../../../mips64-elf/lib/libdragon.a(dma.o)
                0x80015dc0                dma_read_async
 .text.dma_read
                0x800162a0       0x40 /n64_toolchain/lib/gcc/mips64-elf/14.2.0/../../../../mips64-elf/lib/libdragon.a(dma.o)
                0x800162a0                dma_read
 .text.io_read  0x800162e0       0x60 /n64_toolchain/lib/gcc/mips64-elf/14.2.0/../../../../mips64-elf/lib/libdragon.a(dma.o)
                0x800162e0                io_read
 .text.cb.0     0x80016340       0x40 /n64_toolchain/lib/gcc/mips64-elf/14.2.0/../../../../mips64-elf/lib/libdragon.a(exception.o)
 .text.cb.1     0x80016380       0x80 /n64_toolchain/lib/gcc/mips64-elf/14.2.0/../../../../mips64-elf/lib/libdragon.a(exception.o)
 .text.is_unmapped_kx64
                0x80016400      0x1e0 /n64_toolchain/lib/gcc/mips64-elf/14.2.0/../../../../mips64-elf/lib/libdragon.a(exception.o)
 .text.__get_exception_name.isra.0
                0x800165e0      0x440 /n64_toolchain/lib/gcc/mips64-elf/14.2.0/../../../../mips64-elf/lib/libdragon.a(exception.o)
 .text.__exception_dump_header
                0x80016a20      0x340 /n64_toolchain/lib/gcc/mips64-elf/14.2.0/../../../../mips64-elf/lib/libdragon.a(exception.o)
                0x80016a20                __exception_dump_header
 .text.__exception_dump_gpr
                0x80016d60      0x180 /n64_toolchain/lib/gcc/mips64-elf/14.2.0/../../../../mips64-elf/lib/libdragon.a(exception.o)
                0x80016d60                __exception_dump_gpr
 .text.__exception_dump_fpr
                0x80016ee0      0x2e0 /n64_toolchain/lib/gcc/mips64-elf/14.2.0/../../../../mips64-elf/lib/libdragon.a(exception.o)
                0x80016ee0                __exception_dump_fpr
 .text.exception_default_handler
                0x800171c0      0x1a0 /n64_toolchain/lib/gcc/mips64-elf/14.2.0/../../../../mips64-elf/lib/libdragon.a(exception.o)
                0x800171c0                exception_default_handler
 .text.__onCriticalException
                0x80017360       0x80 /n64_toolchain/lib/gcc/mips64-elf/14.2.0/../../../../mips64-elf/lib/libdragon.a(exception.o)
                0x80017360                __onCriticalException
 .text.register_syscall_handler
                0x800173e0      0x1a0 /n64_toolchain/lib/gcc/mips64-elf/14.2.0/../../../../mips64-elf/lib/libdragon.a(exception.o)
                0x800173e0                register_syscall_handler
 .text.__onSyscallException
                0x80017580      0x180 /n64_toolchain/lib/gcc/mips64-elf/14.2.0/../../../../mips64-elf/lib/libdragon.a(exception.o)
                0x80017580                __onSyscallException
 .text.__register_frame_info
                0x80017700       0x20 /n64_toolchain/lib/gcc/mips64-elf/14.2.0/../../../../mips64-elf/lib/libdragon.a(do_ctors.o)
                0x80017700                __register_frame_info
 .text.__wrap___do_global_ctors
                0x80017720       0xe0 /n64_toolchain/lib/gcc/mips64-elf/14.2.0/../../../../mips64-elf/lib/libdragon.a(do_ctors.o)
                0x80017720                __wrap___do_global_ctors
 .text.controller_read
                0x80017800       0x20 /n64_toolchain/lib/gcc/mips64-elf/14.2.0/../../../../mips64-elf/lib/libdragon.a(controller.o)
                0x80017800                controller_read
 .text.joybus_accessory_calculate_addr_checksum
                0x80017820       0x60 /n64_toolchain/lib/gcc/mips64-elf/14.2.0/../../../../mips64-elf/lib/libdragon.a(joybus_accessory.o)
                0x80017820                joybus_accessory_calculate_addr_checksum
 .text.joybus_accessory_calculate_data_crc
                0x80017880       0xa0 /n64_toolchain/lib/gcc/mips64-elf/14.2.0/../../../../mips64-elf/lib/libdragon.a(joybus_accessory.o)
                0x80017880                joybus_accessory_calculate_data_crc
 .text.joybus_accessory_compare_data_crc
                0x80017920       0x60 /n64_toolchain/lib/gcc/mips64-elf/14.2.0/../../../../mips64-elf/lib/libdragon.a(joybus_accessory.o)
                0x80017920                joybus_accessory_compare_data_crc
 .text.joybus_accessory_read_async
                0x80017980       0xe0 /n64_toolchain/lib/gcc/mips64-elf/14.2.0/../../../../mips64-elf/lib/libdragon.a(joybus_accessory.o)
                0x80017980                joybus_accessory_read_async
 .text.joybus_accessory_write_async
                0x80017a60      0x120 /n64_toolchain/lib/gcc/mips64-elf/14.2.0/../../../../mips64-elf/lib/libdragon.a(joybus_accessory.o)
                0x80017a60                joybus_accessory_write_async
 .text.joybus_msg_send
                0x80017b80       0x80 /n64_toolchain/lib/gcc/mips64-elf/14.2.0/../../../../mips64-elf/lib/libdragon.a(joybus.o)
 .text.callback.0
                0x80017c00       0x80 /n64_toolchain/lib/gcc/mips64-elf/14.2.0/../../../../mips64-elf/lib/libdragon.a(joybus.o)
 .text.si_interrupt
                0x80017c80      0x1a0 /n64_toolchain/lib/gcc/mips64-elf/14.2.0/../../../../mips64-elf/lib/libdragon.a(joybus.o)
 .text.startup.__joybus_init
                0x80017e20       0x60 /n64_toolchain/lib/gcc/mips64-elf/14.2.0/../../../../mips64-elf/lib/libdragon.a(joybus.o)
                0x80017e20                __joybus_init
 .text.joybus_exec_async
                0x80017e80      0x1a0 /n64_toolchain/lib/gcc/mips64-elf/14.2.0/../../../../mips64-elf/lib/libdragon.a(joybus.o)
                0x80017e80                joybus_exec_async
 .text.joybus_exec
                0x80018020      0x140 /n64_toolchain/lib/gcc/mips64-elf/14.2.0/../../../../mips64-elf/lib/libdragon.a(joybus.o)
                0x80018020                joybus_exec
 .text.joypad_inputs_from_n64_controller_read
                0x80018160       0xc0 /n64_toolchain/lib/gcc/mips64-elf/14.2.0/../../../../mips64-elf/lib/libdragon.a(joypad.o)
 .text.joypad_gcn_origin_callback
                0x80018220       0xe0 /n64_toolchain/lib/gcc/mips64-elf/14.2.0/../../../../mips64-elf/lib/libdragon.a(joypad.o)
 .text.joypad_read_callback
                0x80018300       0x60 /n64_toolchain/lib/gcc/mips64-elf/14.2.0/../../../../mips64-elf/lib/libdragon.a(joypad.o)
 .text.joybus_input_read_n64_controllers
                0x80018360       0xe0 /n64_toolchain/lib/gcc/mips64-elf/14.2.0/../../../../mips64-elf/lib/libdragon.a(joypad.o)
 .text.joypad_device_changed
                0x80018440       0x80 /n64_toolchain/lib/gcc/mips64-elf/14.2.0/../../../../mips64-elf/lib/libdragon.a(joypad.o)
 .text.joypad_identify_callback
                0x800184c0      0x2a0 /n64_toolchain/lib/gcc/mips64-elf/14.2.0/../../../../mips64-elf/lib/libdragon.a(joypad.o)
 .text.joypad_read_async.part.0
                0x80018760      0x220 /n64_toolchain/lib/gcc/mips64-elf/14.2.0/../../../../mips64-elf/lib/libdragon.a(joypad.o)
 .text.joypad_identify_async.part.0
                0x80018980      0x140 /n64_toolchain/lib/gcc/mips64-elf/14.2.0/../../../../mips64-elf/lib/libdragon.a(joypad.o)
 .text.joypad_poll.part.0
                0x80018ac0      0x520 /n64_toolchain/lib/gcc/mips64-elf/14.2.0/../../../../mips64-elf/lib/libdragon.a(joypad.o)
 .text.joypad_vi_interrupt_callback
                0x80018fe0       0xa0 /n64_toolchain/lib/gcc/mips64-elf/14.2.0/../../../../mips64-elf/lib/libdragon.a(joypad.o)
 .text.joypad_reset_interrupt_callback
                0x80019080      0x2c0 /n64_toolchain/lib/gcc/mips64-elf/14.2.0/../../../../mips64-elf/lib/libdragon.a(joypad.o)
 .text.joypad_init
                0x80019340      0x1e0 /n64_toolchain/lib/gcc/mips64-elf/14.2.0/../../../../mips64-elf/lib/libdragon.a(joypad.o)
                0x80019340                joypad_init
 .text.joypad_poll
                0x80019520       0x60 /n64_toolchain/lib/gcc/mips64-elf/14.2.0/../../../../mips64-elf/lib/libdragon.a(joypad.o)
                0x80019520                joypad_poll
 .text.joypad_is_connected
                0x80019580       0xa0 /n64_toolchain/lib/gcc/mips64-elf/14.2.0/../../../../mips64-elf/lib/libdragon.a(joypad.o)
                0x80019580                joypad_is_connected
 .text.joypad_get_inputs
                0x80019620       0xa0 /n64_toolchain/lib/gcc/mips64-elf/14.2.0/../../../../mips64-elf/lib/libdragon.a(joypad.o)
                0x80019620                joypad_get_inputs
 .text.joypad_get_buttons_pressed
                0x800196c0       0xa0 /n64_toolchain/lib/gcc/mips64-elf/14.2.0/../../../../mips64-elf/lib/libdragon.a(joypad.o)
                0x800196c0                joypad_get_buttons_pressed
 .text.joypad_get_buttons_held
                0x80019760       0xa0 /n64_toolchain/lib/gcc/mips64-elf/14.2.0/../../../../mips64-elf/lib/libdragon.a(joypad.o)
                0x80019760                joypad_get_buttons_held
 .text.data_cache_hit_writeback
                0x80019800       0x60 /n64_toolchain/lib/gcc/mips64-elf/14.2.0/../../../../mips64-elf/lib/libdragon.a(n64sys.o)
                0x80019800                data_cache_hit_writeback
 .text.data_cache_hit_invalidate
                0x80019860       0x80 /n64_toolchain/lib/gcc/mips64-elf/14.2.0/../../../../mips64-elf/lib/libdragon.a(n64sys.o)
                0x80019860                data_cache_hit_invalidate
 .text.data_cache_hit_writeback_invalidate
                0x800198e0       0x60 /n64_toolchain/lib/gcc/mips64-elf/14.2.0/../../../../mips64-elf/lib/libdragon.a(n64sys.o)
                0x800198e0                data_cache_hit_writeback_invalidate
 .text.inst_cache_hit_invalidate
                0x80019940       0x60 /n64_toolchain/lib/gcc/mips64-elf/14.2.0/../../../../mips64-elf/lib/libdragon.a(n64sys.o)
                0x80019940                inst_cache_hit_invalidate
 .text.malloc_uncached_aligned
                0x800199a0       0x80 /n64_toolchain/lib/gcc/mips64-elf/14.2.0/../../../../mips64-elf/lib/libdragon.a(n64sys.o)
                0x800199a0                malloc_uncached_aligned
 .text.free_uncached
                0x80019a20       0x20 /n64_toolchain/lib/gcc/mips64-elf/14.2.0/../../../../mips64-elf/lib/libdragon.a(n64sys.o)
                0x80019a20                free_uncached
 .text.get_ticks
                0x80019a40       0x40 /n64_toolchain/lib/gcc/mips64-elf/14.2.0/../../../../mips64-elf/lib/libdragon.a(n64sys.o)
                0x80019a40                get_ticks
 .text.wait_ms  0x80019a80       0x40 /n64_toolchain/lib/gcc/mips64-elf/14.2.0/../../../../mips64-elf/lib/libdragon.a(n64sys.o)
                0x80019a80                wait_ms
 .text.startup.__init_cop1
                0x80019ac0       0x40 /n64_toolchain/lib/gcc/mips64-elf/14.2.0/../../../../mips64-elf/lib/libdragon.a(n64sys.o)
                0x80019ac0                __init_cop1
 .text.__MI_handler
                0x80019b00      0x220 /n64_toolchain/lib/gcc/mips64-elf/14.2.0/../../../../mips64-elf/lib/libdragon.a(interrupt.o)
                0x80019b00                __MI_handler
 .text.__MI_BB_handler
                0x80019d20      0x2c0 /n64_toolchain/lib/gcc/mips64-elf/14.2.0/../../../../mips64-elf/lib/libdragon.a(interrupt.o)
                0x80019d20                __MI_BB_handler
 .text.__TI_handler
                0x80019fe0       0x60 /n64_toolchain/lib/gcc/mips64-elf/14.2.0/../../../../mips64-elf/lib/libdragon.a(interrupt.o)
                0x80019fe0                __TI_handler
 .text.__CART_handler
                0x8001a040       0xe0 /n64_toolchain/lib/gcc/mips64-elf/14.2.0/../../../../mips64-elf/lib/libdragon.a(interrupt.o)
                0x8001a040                __CART_handler
 .text.__RESET_handler
                0x8001a120       0x60 /n64_toolchain/lib/gcc/mips64-elf/14.2.0/../../../../mips64-elf/lib/libdragon.a(interrupt.o)
                0x8001a120                __RESET_handler
 .text.register_VI_handler
                0x8001a180       0x60 /n64_toolchain/lib/gcc/mips64-elf/14.2.0/../../../../mips64-elf/lib/libdragon.a(interrupt.o)
                0x8001a180                register_VI_handler
 .text.unregister_VI_handler
                0x8001a1e0       0x60 /n64_toolchain/lib/gcc/mips64-elf/14.2.0/../../../../mips64-elf/lib/libdragon.a(interrupt.o)
                0x8001a1e0                unregister_VI_handler
 .text.register_SI_handler
                0x8001a240       0x60 /n64_toolchain/lib/gcc/mips64-elf/14.2.0/../../../../mips64-elf/lib/libdragon.a(interrupt.o)
                0x8001a240                register_SI_handler
 .text.register_TI_handler
                0x8001a2a0       0x60 /n64_toolchain/lib/gcc/mips64-elf/14.2.0/../../../../mips64-elf/lib/libdragon.a(interrupt.o)
                0x8001a2a0                register_TI_handler
 .text.register_RESET_handler
                0x8001a300       0x80 /n64_toolchain/lib/gcc/mips64-elf/14.2.0/../../../../mips64-elf/lib/libdragon.a(interrupt.o)
                0x8001a300                register_RESET_handler
 .text.set_VI_interrupt
                0x8001a380       0x40 /n64_toolchain/lib/gcc/mips64-elf/14.2.0/../../../../mips64-elf/lib/libdragon.a(interrupt.o)
                0x8001a380                set_VI_interrupt
 .text.set_SI_interrupt
                0x8001a3c0       0x20 /n64_toolchain/lib/gcc/mips64-elf/14.2.0/../../../../mips64-elf/lib/libdragon.a(interrupt.o)
                0x8001a3c0                set_SI_interrupt
 .text.set_TI_interrupt
                0x8001a3e0       0x40 /n64_toolchain/lib/gcc/mips64-elf/14.2.0/../../../../mips64-elf/lib/libdragon.a(interrupt.o)
                0x8001a3e0                set_TI_interrupt
 .text.startup.__init_interrupts
                0x8001a420       0x60 /n64_toolchain/lib/gcc/mips64-elf/14.2.0/../../../../mips64-elf/lib/libdragon.a(interrupt.o)
                0x8001a420                __init_interrupts
 .text.disable_interrupts
                0x8001a480       0x40 /n64_toolchain/lib/gcc/mips64-elf/14.2.0/../../../../mips64-elf/lib/libdragon.a(interrupt.o)
                0x8001a480                disable_interrupts
 .text.enable_interrupts
                0x8001a4c0       0x80 /n64_toolchain/lib/gcc/mips64-elf/14.2.0/../../../../mips64-elf/lib/libdragon.a(interrupt.o)
                0x8001a4c0                enable_interrupts
 .text.exception_reset_time
                0x8001a540       0x20 /n64_toolchain/lib/gcc/mips64-elf/14.2.0/../../../../mips64-elf/lib/libdragon.a(interrupt.o)
                0x8001a540                exception_reset_time
 .text.cb.0     0x8001a560       0x40 /n64_toolchain/lib/gcc/mips64-elf/14.2.0/../../../../mips64-elf/lib/libdragon.a(backtrace.o)
 .text.symt_open
                0x8001a5a0      0x200 /n64_toolchain/lib/gcc/mips64-elf/14.2.0/../../../../mips64-elf/lib/libdragon.a(backtrace.o)
 .text.symt_addrtab_entry.isra.0
                0x8001a7a0       0x60 /n64_toolchain/lib/gcc/mips64-elf/14.2.0/../../../../mips64-elf/lib/libdragon.a(backtrace.o)
 .text.format_entry
                0x8001a800      0x2a0 /n64_toolchain/lib/gcc/mips64-elf/14.2.0/../../../../mips64-elf/lib/libdragon.a(backtrace.o)
 .text.symt_addrtab_search
                0x8001aaa0      0x160 /n64_toolchain/lib/gcc/mips64-elf/14.2.0/../../../../mips64-elf/lib/libdragon.a(backtrace.o)
 .text.__symbolize
                0x8001ac00      0x280 /n64_toolchain/lib/gcc/mips64-elf/14.2.0/../../../../mips64-elf/lib/libdragon.a(backtrace.o)
                0x8001ac00                __symbolize
 .text.__bt_analyze_func
                0x8001ae80      0x1c0 /n64_toolchain/lib/gcc/mips64-elf/14.2.0/../../../../mips64-elf/lib/libdragon.a(backtrace.o)
                0x8001ae80                __bt_analyze_func
 .text.backtrace_foreach.constprop.0
                0x8001b040      0x360 /n64_toolchain/lib/gcc/mips64-elf/14.2.0/../../../../mips64-elf/lib/libdragon.a(backtrace.o)
 .text.backtrace
                0x8001b3a0       0xe0 /n64_toolchain/lib/gcc/mips64-elf/14.2.0/../../../../mips64-elf/lib/libdragon.a(backtrace.o)
                0x8001b3a0                backtrace
 .text.backtrace_symbols_cb
                0x8001b480      0x320 /n64_toolchain/lib/gcc/mips64-elf/14.2.0/../../../../mips64-elf/lib/libdragon.a(backtrace.o)
                0x8001b480                backtrace_symbols_cb
 .text.backtrace_frame_print
                0x8001b7a0       0xa0 /n64_toolchain/lib/gcc/mips64-elf/14.2.0/../../../../mips64-elf/lib/libdragon.a(backtrace.o)
                0x8001b7a0                backtrace_frame_print
 .text.backtrace_frame_print_compact
                0x8001b840      0x140 /n64_toolchain/lib/gcc/mips64-elf/14.2.0/../../../../mips64-elf/lib/libdragon.a(backtrace.o)
                0x8001b840                backtrace_frame_print_compact
 .text.rompak_search_ext
                0x8001b980      0x220 /n64_toolchain/lib/gcc/mips64-elf/14.2.0/../../../../mips64-elf/lib/libdragon.a(rompak.o)
                0x8001b980                rompak_search_ext
 .text.__console_render.part.0
                0x8001bba0      0x100 /n64_toolchain/lib/gcc/mips64-elf/14.2.0/../../../../mips64-elf/lib/libdragon.a(console.o)
 .text.__console_write
                0x8001bca0      0x320 /n64_toolchain/lib/gcc/mips64-elf/14.2.0/../../../../mips64-elf/lib/libdragon.a(console.o)
 .text.console_set_render_mode
                0x8001bfc0       0x20 /n64_toolchain/lib/gcc/mips64-elf/14.2.0/../../../../mips64-elf/lib/libdragon.a(console.o)
                0x8001bfc0                console_set_render_mode
 .text.console_init
                0x8001bfe0       0xe0 /n64_toolchain/lib/gcc/mips64-elf/14.2.0/../../../../mips64-elf/lib/libdragon.a(console.o)
                0x8001bfe0                console_init
 .text.console_render
                0x8001c0c0       0x40 /n64_toolchain/lib/gcc/mips64-elf/14.2.0/../../../../mips64-elf/lib/libdragon.a(console.o)
                0x8001c0c0                console_render
 .text.console_set_debug
                0x8001c100       0x20 /n64_toolchain/lib/gcc/mips64-elf/14.2.0/../../../../mips64-elf/lib/libdragon.a(console.o)
                0x8001c100                console_set_debug
 .text.timer_update_compare
                0x8001c120       0x40 /n64_toolchain/lib/gcc/mips64-elf/14.2.0/../../../../mips64-elf/lib/libdragon.a(timer.o)
 .text.timer_poll
                0x8001c160      0x1a0 /n64_toolchain/lib/gcc/mips64-elf/14.2.0/../../../../mips64-elf/lib/libdragon.a(timer.o)
 .text.timer_init
                0x8001c300       0x60 /n64_toolchain/lib/gcc/mips64-elf/14.2.0/../../../../mips64-elf/lib/libdragon.a(timer.o)
                0x8001c300                timer_init
 .text.new_timer_context
                0x8001c360      0x100 /n64_toolchain/lib/gcc/mips64-elf/14.2.0/../../../../mips64-elf/lib/libdragon.a(timer.o)
                0x8001c360                new_timer_context
 .text.restart_timer
                0x8001c460       0x80 /n64_toolchain/lib/gcc/mips64-elf/14.2.0/../../../../mips64-elf/lib/libdragon.a(timer.o)
                0x8001c460                restart_timer
 .text.stop_timer
                0x8001c4e0       0xe0 /n64_toolchain/lib/gcc/mips64-elf/14.2.0/../../../../mips64-elf/lib/libdragon.a(timer.o)
                0x8001c4e0                stop_timer
 .text.joypad_transfer_pak_wait_timer_callback
                0x8001c5c0      0x140 /n64_toolchain/lib/gcc/mips64-elf/14.2.0/../../../../mips64-elf/lib/libdragon.a(joypad_accessory.o)
 .text.joypad_accessory_check_read_crc_error
                0x8001c700      0x1c0 /n64_toolchain/lib/gcc/mips64-elf/14.2.0/../../../../mips64-elf/lib/libdragon.a(joypad_accessory.o)
 .text.joypad_transfer_pak_enable_read_callback
                0x8001c8c0       0xc0 /n64_toolchain/lib/gcc/mips64-elf/14.2.0/../../../../mips64-elf/lib/libdragon.a(joypad_accessory.o)
 .text.joypad_accessory_check_write_crc_error
                0x8001c980      0x1c0 /n64_toolchain/lib/gcc/mips64-elf/14.2.0/../../../../mips64-elf/lib/libdragon.a(joypad_accessory.o)
 .text.joypad_accessory_detect_write_callback
                0x8001cb40      0x360 /n64_toolchain/lib/gcc/mips64-elf/14.2.0/../../../../mips64-elf/lib/libdragon.a(joypad_accessory.o)
 .text.joypad_transfer_pak_enable_write_callback
                0x8001cea0      0x180 /n64_toolchain/lib/gcc/mips64-elf/14.2.0/../../../../mips64-elf/lib/libdragon.a(joypad_accessory.o)
 .text.joypad_accessory_detect_read_callback
                0x8001d020      0x4e0 /n64_toolchain/lib/gcc/mips64-elf/14.2.0/../../../../mips64-elf/lib/libdragon.a(joypad_accessory.o)
 .text.joypad_accessory_reset
                0x8001d500      0x140 /n64_toolchain/lib/gcc/mips64-elf/14.2.0/../../../../mips64-elf/lib/libdragon.a(joypad_accessory.o)
                0x8001d500                joypad_accessory_reset
 .text.joypad_transfer_pak_wait_timer_init
                0x8001d640       0xe0 /n64_toolchain/lib/gcc/mips64-elf/14.2.0/../../../../mips64-elf/lib/libdragon.a(joypad_accessory.o)
                0x8001d640                joypad_transfer_pak_wait_timer_init
 .text.joypad_accessory_detect_async
                0x8001d720      0x140 /n64_toolchain/lib/gcc/mips64-elf/14.2.0/../../../../mips64-elf/lib/libdragon.a(joypad_accessory.o)
                0x8001d720                joypad_accessory_detect_async
 .text.close    0x8001d860       0xe0 /n64_toolchain/lib/gcc/mips64-elf/14.2.0/../../../../mips64-elf/lib/libdragonsys.a(system.o)
                0x8001d860                close
 .text._exit    0x8001d940       0x20 /n64_toolchain/lib/gcc/mips64-elf/14.2.0/../../../../mips64-elf/lib/libdragonsys.a(system.o)
                0x8001d940                _exit
 .text.fstat    0x8001d960      0x100 /n64_toolchain/lib/gcc/mips64-elf/14.2.0/../../../../mips64-elf/lib/libdragonsys.a(system.o)
                0x8001d960                fstat
 .text.getpid   0x8001da60       0x40 /n64_toolchain/lib/gcc/mips64-elf/14.2.0/../../../../mips64-elf/lib/libdragonsys.a(system.o)
                0x8001da60                getpid
 .text.isatty   0x8001daa0       0x40 /n64_toolchain/lib/gcc/mips64-elf/14.2.0/../../../../mips64-elf/lib/libdragonsys.a(system.o)
                0x8001daa0                isatty
 .text.kill     0x8001dae0       0x40 /n64_toolchain/lib/gcc/mips64-elf/14.2.0/../../../../mips64-elf/lib/libdragonsys.a(system.o)
                0x8001dae0                kill
 .text.lseek    0x8001db20      0x100 /n64_toolchain/lib/gcc/mips64-elf/14.2.0/../../../../mips64-elf/lib/libdragonsys.a(system.o)
                0x8001db20                lseek
 .text.read     0x8001dc20      0x140 /n64_toolchain/lib/gcc/mips64-elf/14.2.0/../../../../mips64-elf/lib/libdragonsys.a(system.o)
                0x8001dc20                read
 .text.sbrk     0x8001dd60      0x120 /n64_toolchain/lib/gcc/mips64-elf/14.2.0/../../../../mips64-elf/lib/libdragonsys.a(system.o)
                0x8001dd60                sbrk
 .text.write    0x8001de80      0x140 /n64_toolchain/lib/gcc/mips64-elf/14.2.0/../../../../mips64-elf/lib/libdragonsys.a(system.o)
                0x8001de80                write
 .text.hook_stdio_calls
                0x8001dfc0       0x60 /n64_toolchain/lib/gcc/mips64-elf/14.2.0/../../../../mips64-elf/lib/libdragonsys.a(system.o)
                0x8001dfc0                hook_stdio_calls
 .text._flush_cache
                0x8001e020       0x40 /n64_toolchain/lib/gcc/mips64-elf/14.2.0/../../../../mips64-elf/lib/libdragonsys.a(system.o)
                0x8001e020                _flush_cache
 .text.__assert_func
                0x8001e060       0x20 /n64_toolchain/lib/gcc/mips64-elf/14.2.0/../../../../mips64-elf/lib/libdragonsys.a(system.o)
                0x8001e060                __assert_func
 *(keep.text.*)
 *(.init)
 .init          0x8001e080        0x8 /n64_toolchain/lib/gcc/mips64-elf/14.2.0/crti.o
                0x8001e080                _init
 *(.fini)
 .fini          0x8001e088        0x8 /n64_toolchain/lib/gcc/mips64-elf/14.2.0/crti.o
                0x8001e088                _fini
 *(.gnu.linkonce.t.*)
                0x8001e090                        . = ALIGN (0x10)
                0x8001e090                        __text_end = .

.eh_frame_hdr
 *(.eh_frame_hdr)

.eh_frame       0x8001e090        0x4
                0x8001e090                        __EH_FRAME_BEGIN__ = .
 *(.eh_frame)
 .eh_frame      0x8001e090        0x0 /n64_toolchain/lib/gcc/mips64-elf/14.2.0/crtbegin.o
 .eh_frame      0x8001e090        0x4 /n64_toolchain/lib/gcc/mips64-elf/14.2.0/crtend.o

.gcc_except_table
 *(.gcc_except_table*)

.jcr
 *(.jcr)

.rodata         0x8001e098     0x53d8
 *(.rdata)
 *(.rodata)
 .rodata        0x8001e098      0x398 /n64_toolchain/lib/gcc/mips64-elf/14.2.0/../../../../mips64-elf/lib/libm.a(libm_a-ef_rem_pio2.o)
 .rodata        0x8001e430       0x3c /n64_toolchain/lib/gcc/mips64-elf/14.2.0/../../../../mips64-elf/lib/libm.a(libm_a-kf_rem_pio2.o)
 *fill*         0x8001e46c        0x4 
 .rodata        0x8001e470      0x188 /n64_toolchain/lib/gcc/mips64-elf/14.2.0/../../../../mips64-elf/lib/libc.a(libc_a-vfprintf.o)
 .rodata        0x8001e5f8      0x188 /n64_toolchain/lib/gcc/mips64-elf/14.2.0/../../../../mips64-elf/lib/libc.a(libc_a-svfprintf.o)
 .rodata        0x8001e780      0x128 /n64_toolchain/lib/gcc/mips64-elf/14.2.0/../../../../mips64-elf/lib/libc.a(libc_a-mprec.o)
                0x8001e790                __mprec_tinytens
                0x8001e7b8                __mprec_bigtens
                0x8001e7e0                __mprec_tens
 .rodata        0x8001e8a8      0x288 /n64_toolchain/lib/gcc/mips64-elf/14.2.0/../../../../mips64-elf/lib/libc.a(libc_a-ctype_.o)
                0x8001e8a8                _ctype_
                0x8001e9b0                _ctype_b
 *(.rodata.*)
 .rodata.main.str1.8
                0x8001eb30     0x2ea6 build/main.o
                                 0xb9 (size before relaxing)
 *fill*         0x800219d6        0x2 
 .rodata.RESOLUTION_320x240
                0x800219d8        0xc build/main.o
 *fill*         0x800219e4        0x4 
 .rodata.spawn_y
                0x800219e8       0x10 build/game.o
 .rodata.spawn_x
                0x800219f8       0x10 build/game.o
 .rodata.map    0x80021a08      0x640 build/game.o
                0x80021a08                map
 .rodata.cb.0.str1.8
                0x80022048       0x1d /n64_toolchain/lib/gcc/mips64-elf/14.2.0/../../../../mips64-elf/lib/libdragon.a(debug.o)
 .rodata.debug_assert_func_f.str1.8
                0x80022048       0x45 /n64_toolchain/lib/gcc/mips64-elf/14.2.0/../../../../mips64-elf/lib/libdragon.a(debug.o)
 .rodata.debug_hexdump.str1.8
                0x80022048       0x33 /n64_toolchain/lib/gcc/mips64-elf/14.2.0/../../../../mips64-elf/lib/libdragon.a(debug.o)
 .rodata.__debug_backtrace.str1.8
                0x80022048        0xc /n64_toolchain/lib/gcc/mips64-elf/14.2.0/../../../../mips64-elf/lib/libdragon.a(debug.o)
 .rodata.display_show.part.0.str1.8
                0x80022048       0xf9 /n64_toolchain/lib/gcc/mips64-elf/14.2.0/../../../../mips64-elf/lib/libdragon.a(display.o)
 .rodata.display_init.str1.8
                0x80022048      0x251 /n64_toolchain/lib/gcc/mips64-elf/14.2.0/../../../../mips64-elf/lib/libdragon.a(display.o)
 .rodata.display_init
                0x80022048       0x14 /n64_toolchain/lib/gcc/mips64-elf/14.2.0/../../../../mips64-elf/lib/libdragon.a(display.o)
 .rodata.display_get.str1.8
                0x8002205c       0x1c /n64_toolchain/lib/gcc/mips64-elf/14.2.0/../../../../mips64-elf/lib/libdragon.a(display.o)
 *fill*         0x8002205c        0x4 
 .rodata.__func__.0
                0x80022060        0xd /n64_toolchain/lib/gcc/mips64-elf/14.2.0/../../../../mips64-elf/lib/libdragon.a(display.o)
 *fill*         0x8002206d        0x3 
 .rodata.__func__.1
                0x80022070        0xc /n64_toolchain/lib/gcc/mips64-elf/14.2.0/../../../../mips64-elf/lib/libdragon.a(display.o)
 *fill*         0x8002207c        0x4 
 .rodata.__func__.4
                0x80022080        0xd /n64_toolchain/lib/gcc/mips64-elf/14.2.0/../../../../mips64-elf/lib/libdragon.a(display.o)
 *fill*         0x8002208d        0x3 
 .rodata.vi_config_presets
                0x80022090      0x150 /n64_toolchain/lib/gcc/mips64-elf/14.2.0/../../../../mips64-elf/lib/libdragon.a(display.o)
 .rodata.surface_alloc.str1.8
                0x800221e0       0x62 /n64_toolchain/lib/gcc/mips64-elf/14.2.0/../../../../mips64-elf/lib/libdragon.a(surface.o)
 .rodata.__func__.1
                0x800221e0        0xe /n64_toolchain/lib/gcc/mips64-elf/14.2.0/../../../../mips64-elf/lib/libdragon.a(surface.o)
 *fill*         0x800221ee        0x2 
 .rodata.__font_data
                0x800221f0      0x800 /n64_toolchain/lib/gcc/mips64-elf/14.2.0/../../../../mips64-elf/lib/libdragon.a(graphics.o)
 .rodata.rsp_load_code.str1.8
                0x800229f0       0x47 /n64_toolchain/lib/gcc/mips64-elf/14.2.0/../../../../mips64-elf/lib/libdragon.a(rsp.o)
 .rodata.rsp_load_data.str1.8
                0x800229f0       0x17 /n64_toolchain/lib/gcc/mips64-elf/14.2.0/../../../../mips64-elf/lib/libdragon.a(rsp.o)
 .rodata.__rsp_crash.str1.8
                0x800229f0      0x7ef /n64_toolchain/lib/gcc/mips64-elf/14.2.0/../../../../mips64-elf/lib/libdragon.a(rsp.o)
 .rodata.rsp_wait.str1.8
                0x800229f0       0x1c /n64_toolchain/lib/gcc/mips64-elf/14.2.0/../../../../mips64-elf/lib/libdragon.a(rsp.o)
 .rodata.__func__.0
                0x800229f0        0x9 /n64_toolchain/lib/gcc/mips64-elf/14.2.0/../../../../mips64-elf/lib/libdragon.a(rsp.o)
 *fill*         0x800229f9        0x7 
 .rodata.__func__.1
                0x80022a00        0xe /n64_toolchain/lib/gcc/mips64-elf/14.2.0/../../../../mips64-elf/lib/libdragon.a(rsp.o)
 *fill*         0x80022a0e        0x2 
 .rodata.__func__.2
                0x80022a10        0xe /n64_toolchain/lib/gcc/mips64-elf/14.2.0/../../../../mips64-elf/lib/libdragon.a(rsp.o)
 *fill*         0x80022a1e        0x2 
 .rodata.__func__.3
                0x80022a20        0xe /n64_toolchain/lib/gcc/mips64-elf/14.2.0/../../../../mips64-elf/lib/libdragon.a(rsp.o)
 *fill*         0x80022a2e        0x2 
 .rodata.__func__.4
                0x80022a30        0xe /n64_toolchain/lib/gcc/mips64-elf/14.2.0/../../../../mips64-elf/lib/libdragon.a(rsp.o)
 .rodata.str1.8
                0x80022a3e        0xa /n64_toolchain/lib/gcc/mips64-elf/14.2.0/../../../../mips64-elf/lib/libdragon.a(rsp.o)
 .rodata.cb.2.str1.8
                0x80022a3e       0x22 /n64_toolchain/lib/gcc/mips64-elf/14.2.0/../../../../mips64-elf/lib/libdragon.a(inspector.o)
 .rodata.cb.1.str1.8
                0x80022a3e        0xc /n64_toolchain/lib/gcc/mips64-elf/14.2.0/../../../../mips64-elf/lib/libdragon.a(inspector.o)
 .rodata.cb.0.str1.8
                0x80022a3e       0x27 /n64_toolchain/lib/gcc/mips64-elf/14.2.0/../../../../mips64-elf/lib/libdragon.a(inspector.o)
 .rodata.cb.3.str1.8
                0x80022a3e       0x2a /n64_toolchain/lib/gcc/mips64-elf/14.2.0/../../../../mips64-elf/lib/libdragon.a(inspector.o)
 *fill*         0x80022a3e        0x2 
 .rodata.inspector_stdout
                0x80022a40       0x54 /n64_toolchain/lib/gcc/mips64-elf/14.2.0/../../../../mips64-elf/lib/libdragon.a(inspector.o)
 .rodata.mips_disasm.str1.8
                0x80022a94      0x216 /n64_toolchain/lib/gcc/mips64-elf/14.2.0/../../../../mips64-elf/lib/libdragon.a(inspector.o)
 .rodata.mips_disasm
                0x80022a94      0x124 /n64_toolchain/lib/gcc/mips64-elf/14.2.0/../../../../mips64-elf/lib/libdragon.a(inspector.o)
 .rodata.inspector.str1.8
                0x80022bb8      0x22c /n64_toolchain/lib/gcc/mips64-elf/14.2.0/../../../../mips64-elf/lib/libdragon.a(inspector.o)
 .rodata.inspector
                0x80022bb8       0x14 /n64_toolchain/lib/gcc/mips64-elf/14.2.0/../../../../mips64-elf/lib/libdragon.a(inspector.o)
 .rodata.str1.8
                0x80022bcc      0x843 /n64_toolchain/lib/gcc/mips64-elf/14.2.0/../../../../mips64-elf/lib/libdragon.a(inspector.o)
 *fill*         0x80022bcc        0x4 
 .rodata.CSWTCH.136
                0x80022bd0       0x14 /n64_toolchain/lib/gcc/mips64-elf/14.2.0/../../../../mips64-elf/lib/libdragon.a(inspector.o)
 *fill*         0x80022be4        0x4 
 .rodata.cop0_regname.7
                0x80022be8       0x80 /n64_toolchain/lib/gcc/mips64-elf/14.2.0/../../../../mips64-elf/lib/libdragon.a(inspector.o)
 .rodata.fpu_ops.8
                0x80022c68      0x100 /n64_toolchain/lib/gcc/mips64-elf/14.2.0/../../../../mips64-elf/lib/libdragon.a(inspector.o)
 .rodata.special.9
                0x80022d68      0x100 /n64_toolchain/lib/gcc/mips64-elf/14.2.0/../../../../mips64-elf/lib/libdragon.a(inspector.o)
 .rodata.ops.10
                0x80022e68      0x100 /n64_toolchain/lib/gcc/mips64-elf/14.2.0/../../../../mips64-elf/lib/libdragon.a(inspector.o)
 .rodata.RESOLUTION_640x240
                0x80022f68        0xc /n64_toolchain/lib/gcc/mips64-elf/14.2.0/../../../../mips64-elf/lib/libdragon.a(inspector.o)
 .rodata.dma_write_raw_async.part.0.str1.8
                0x80022f74       0x12 /n64_toolchain/lib/gcc/mips64-elf/14.2.0/../../../../mips64-elf/lib/libdragon.a(dma.o)
 .rodata.dma_read_async.str1.8
                0x80022f74       0x8d /n64_toolchain/lib/gcc/mips64-elf/14.2.0/../../../../mips64-elf/lib/libdragon.a(dma.o)
 *fill*         0x80022f74        0x4 
 .rodata.__func__.0
                0x80022f78        0xf /n64_toolchain/lib/gcc/mips64-elf/14.2.0/../../../../mips64-elf/lib/libdragon.a(dma.o)
 .rodata.cb.0.str1.8
                0x80022f87       0x17 /n64_toolchain/lib/gcc/mips64-elf/14.2.0/../../../../mips64-elf/lib/libdragon.a(exception.o)
 .rodata.cb.1.str1.8
                0x80022f87       0x19 /n64_toolchain/lib/gcc/mips64-elf/14.2.0/../../../../mips64-elf/lib/libdragon.a(exception.o)
 .rodata.__get_exception_name.isra.0.str1.8
                0x80022f87      0x34b /n64_toolchain/lib/gcc/mips64-elf/14.2.0/../../../../mips64-elf/lib/libdragon.a(exception.o)
 *fill*         0x80022f87        0x1 
 .rodata.__get_exception_name.isra.0
                0x80022f88       0x40 /n64_toolchain/lib/gcc/mips64-elf/14.2.0/../../../../mips64-elf/lib/libdragon.a(exception.o)
 .rodata.__exception_dump_header.str1.8
                0x80022fc8      0x1a5 /n64_toolchain/lib/gcc/mips64-elf/14.2.0/../../../../mips64-elf/lib/libdragon.a(exception.o)
 .rodata.__exception_dump_header
                0x80022fc8       0x60 /n64_toolchain/lib/gcc/mips64-elf/14.2.0/../../../../mips64-elf/lib/libdragon.a(exception.o)
 .rodata.__exception_dump_gpr.str1.8
                0x80023028       0x34 /n64_toolchain/lib/gcc/mips64-elf/14.2.0/../../../../mips64-elf/lib/libdragon.a(exception.o)
 .rodata.__exception_dump_fpr.str1.8
                0x80023028       0x3e /n64_toolchain/lib/gcc/mips64-elf/14.2.0/../../../../mips64-elf/lib/libdragon.a(exception.o)
 .rodata.exception_default_handler.str1.8
                0x80023028       0x3e /n64_toolchain/lib/gcc/mips64-elf/14.2.0/../../../../mips64-elf/lib/libdragon.a(exception.o)
 .rodata.register_syscall_handler.str1.8
                0x80023028      0x143 /n64_toolchain/lib/gcc/mips64-elf/14.2.0/../../../../mips64-elf/lib/libdragon.a(exception.o)
 .rodata.__func__.2
                0x80023028       0x19 /n64_toolchain/lib/gcc/mips64-elf/14.2.0/../../../../mips64-elf/lib/libdragon.a(exception.o)
 .rodata.str1.8
                0x80023041      0x166 /n64_toolchain/lib/gcc/mips64-elf/14.2.0/../../../../mips64-elf/lib/libdragon.a(exception.o)
 *fill*         0x80023041        0x7 
 .rodata.exceptionMap.3
                0x80023048       0x80 /n64_toolchain/lib/gcc/mips64-elf/14.2.0/../../../../mips64-elf/lib/libdragon.a(exception.o)
 .rodata.__do_global_ctors.str1.8
                0x800230c8       0xa1 /n64_toolchain/lib/gcc/mips64-elf/14.2.0/../../../../mips64-elf/lib/libdragon.a(do_ctors.o)
 .rodata.__wrap___do_global_ctors.str1.8
                0x800230c8       0xbb /n64_toolchain/lib/gcc/mips64-elf/14.2.0/../../../../mips64-elf/lib/libdragon.a(do_ctors.o)
 .rodata.__func__.0
                0x800230c8       0x19 /n64_toolchain/lib/gcc/mips64-elf/14.2.0/../../../../mips64-elf/lib/libdragon.a(do_ctors.o)
 *fill*         0x800230e1        0x7 
 .rodata.SI_read_con_block.6
                0x800230e8       0x40 /n64_toolchain/lib/gcc/mips64-elf/14.2.0/../../../../mips64-elf/lib/libdragon.a(controller.o)
 .rodata.xor_table.1
                0x80023128       0x20 /n64_toolchain/lib/gcc/mips64-elf/14.2.0/../../../../mips64-elf/lib/libdragon.a(joybus_accessory.o)
 .rodata.joybus_msg_send.str1.8
                0x80023148       0x5c /n64_toolchain/lib/gcc/mips64-elf/14.2.0/../../../../mips64-elf/lib/libdragon.a(joybus.o)
 .rodata.si_interrupt.str1.8
                0x80023148       0x40 /n64_toolchain/lib/gcc/mips64-elf/14.2.0/../../../../mips64-elf/lib/libdragon.a(joybus.o)
 .rodata.joybus_exec_async.str1.8
                0x80023148       0x4a /n64_toolchain/lib/gcc/mips64-elf/14.2.0/../../../../mips64-elf/lib/libdragon.a(joybus.o)
 .rodata.__func__.1
                0x80023148       0x12 /n64_toolchain/lib/gcc/mips64-elf/14.2.0/../../../../mips64-elf/lib/libdragon.a(joybus.o)
 *fill*         0x8002315a        0x6 
 .rodata.__func__.2
                0x80023160       0x10 /n64_toolchain/lib/gcc/mips64-elf/14.2.0/../../../../mips64-elf/lib/libdragon.a(joybus.o)
 .rodata.__func__.3
                0x80023170       0x10 /n64_toolchain/lib/gcc/mips64-elf/14.2.0/../../../../mips64-elf/lib/libdragon.a(joybus.o)
 .rodata.__func__.4
                0x80023180        0xd /n64_toolchain/lib/gcc/mips64-elf/14.2.0/../../../../mips64-elf/lib/libdragon.a(joybus.o)
 .rodata.joypad_get_axis_values.constprop.0.str1.8
                0x8002318d       0xa7 /n64_toolchain/lib/gcc/mips64-elf/14.2.0/../../../../mips64-elf/lib/libdragon.a(joypad.o)
 *fill*         0x8002318d        0x3 
 .rodata.__func__.1
                0x80023190       0x18 /n64_toolchain/lib/gcc/mips64-elf/14.2.0/../../../../mips64-elf/lib/libdragon.a(joypad.o)
 .rodata.__func__.3
                0x800231a8       0x1b /n64_toolchain/lib/gcc/mips64-elf/14.2.0/../../../../mips64-elf/lib/libdragon.a(joypad.o)
 *fill*         0x800231c3        0x5 
 .rodata.__func__.5
                0x800231c8       0x12 /n64_toolchain/lib/gcc/mips64-elf/14.2.0/../../../../mips64-elf/lib/libdragon.a(joypad.o)
 *fill*         0x800231da        0x6 
 .rodata.__func__.9
                0x800231e0       0x1c /n64_toolchain/lib/gcc/mips64-elf/14.2.0/../../../../mips64-elf/lib/libdragon.a(joypad.o)
 *fill*         0x800231fc        0x4 
 .rodata.__func__.16
                0x80023200       0x14 /n64_toolchain/lib/gcc/mips64-elf/14.2.0/../../../../mips64-elf/lib/libdragon.a(joypad.o)
 *fill*         0x80023214        0x4 
 .rodata.__func__.18
                0x80023218        0xc /n64_toolchain/lib/gcc/mips64-elf/14.2.0/../../../../mips64-elf/lib/libdragon.a(joypad.o)
 *fill*         0x80023224        0x4 
 .rodata.__func__.19
                0x80023228        0xc /n64_toolchain/lib/gcc/mips64-elf/14.2.0/../../../../mips64-elf/lib/libdragon.a(joypad.o)
 *fill*         0x80023234        0x4 
 .rodata.__func__.20
                0x80023238        0xd /n64_toolchain/lib/gcc/mips64-elf/14.2.0/../../../../mips64-elf/lib/libdragon.a(joypad.o)
 .rodata.data_cache_hit_invalidate.str1.8
                0x80023245       0x45 /n64_toolchain/lib/gcc/mips64-elf/14.2.0/../../../../mips64-elf/lib/libdragon.a(n64sys.o)
 *fill*         0x80023245        0x3 
 .rodata.__func__.1
                0x80023248       0x1a /n64_toolchain/lib/gcc/mips64-elf/14.2.0/../../../../mips64-elf/lib/libdragon.a(n64sys.o)
 .rodata.__MI_BB_handler.str1.8
                0x80023262      0x18e /n64_toolchain/lib/gcc/mips64-elf/14.2.0/../../../../mips64-elf/lib/libdragon.a(interrupt.o)
 .rodata.__CART_handler.str1.8
                0x80023262       0x7a /n64_toolchain/lib/gcc/mips64-elf/14.2.0/../../../../mips64-elf/lib/libdragon.a(interrupt.o)
 .rodata.register_RESET_handler.str1.8
                0x80023262       0x1b /n64_toolchain/lib/gcc/mips64-elf/14.2.0/../../../../mips64-elf/lib/libdragon.a(interrupt.o)
 .rodata.enable_interrupts.str1.8
                0x80023262       0x3c /n64_toolchain/lib/gcc/mips64-elf/14.2.0/../../../../mips64-elf/lib/libdragon.a(interrupt.o)
 *fill*         0x80023262        0x6 
 .rodata.__func__.0
                0x80023268       0x12 /n64_toolchain/lib/gcc/mips64-elf/14.2.0/../../../../mips64-elf/lib/libdragon.a(interrupt.o)
 *fill*         0x8002327a        0x6 
 .rodata.__func__.2
                0x80023280       0x17 /n64_toolchain/lib/gcc/mips64-elf/14.2.0/../../../../mips64-elf/lib/libdragon.a(interrupt.o)
 *fill*         0x80023297        0x1 
 .rodata.__func__.3
                0x80023298        0xf /n64_toolchain/lib/gcc/mips64-elf/14.2.0/../../../../mips64-elf/lib/libdragon.a(interrupt.o)
 *fill*         0x800232a7        0x1 
 .rodata.__func__.5
                0x800232a8       0x10 /n64_toolchain/lib/gcc/mips64-elf/14.2.0/../../../../mips64-elf/lib/libdragon.a(interrupt.o)
 .rodata.symt_open.str1.8
                0x800232b8       0xc3 /n64_toolchain/lib/gcc/mips64-elf/14.2.0/../../../../mips64-elf/lib/libdragon.a(backtrace.o)
 .rodata.symt_addrtab_entry.isra.0.str1.8
                0x800232b8       0x38 /n64_toolchain/lib/gcc/mips64-elf/14.2.0/../../../../mips64-elf/lib/libdragon.a(backtrace.o)
 .rodata.format_entry.str1.8
                0x800232b8       0x14 /n64_toolchain/lib/gcc/mips64-elf/14.2.0/../../../../mips64-elf/lib/libdragon.a(backtrace.o)
 .rodata.__symbolize.str1.8
                0x800232b8       0x13 /n64_toolchain/lib/gcc/mips64-elf/14.2.0/../../../../mips64-elf/lib/libdragon.a(backtrace.o)
 .rodata.__bt_analyze_func.str1.8
                0x800232b8       0x42 /n64_toolchain/lib/gcc/mips64-elf/14.2.0/../../../../mips64-elf/lib/libdragon.a(backtrace.o)
 .rodata.backtrace_foreach.constprop.0.str1.8
                0x800232b8       0x81 /n64_toolchain/lib/gcc/mips64-elf/14.2.0/../../../../mips64-elf/lib/libdragon.a(backtrace.o)
 .rodata.backtrace_symbols_cb.str1.8
                0x800232b8       0x22 /n64_toolchain/lib/gcc/mips64-elf/14.2.0/../../../../mips64-elf/lib/libdragon.a(backtrace.o)
 .rodata.backtrace_frame_print.str1.8
                0x800232b8       0x35 /n64_toolchain/lib/gcc/mips64-elf/14.2.0/../../../../mips64-elf/lib/libdragon.a(backtrace.o)
 .rodata.backtrace_frame_print_compact.str1.8
                0x800232b8       0x2a /n64_toolchain/lib/gcc/mips64-elf/14.2.0/../../../../mips64-elf/lib/libdragon.a(backtrace.o)
 .rodata.__func__.3
                0x800232b8       0x13 /n64_toolchain/lib/gcc/mips64-elf/14.2.0/../../../../mips64-elf/lib/libdragon.a(backtrace.o)
 .rodata.rompak_search_ext.str1.8
                0x800232cb       0xb7 /n64_toolchain/lib/gcc/mips64-elf/14.2.0/../../../../mips64-elf/lib/libdragon.a(rompak.o)
 *fill*         0x800232cb        0x5 
 .rodata.__func__.0
                0x800232d0       0x12 /n64_toolchain/lib/gcc/mips64-elf/14.2.0/../../../../mips64-elf/lib/libdragon.a(rompak.o)
 *fill*         0x800232e2        0x6 
 .rodata.RESOLUTION_640x240
                0x800232e8        0xc /n64_toolchain/lib/gcc/mips64-elf/14.2.0/../../../../mips64-elf/lib/libdragon.a(console.o)
 .rodata.timer_poll.str1.8
                0x800232f4       0x89 /n64_toolchain/lib/gcc/mips64-elf/14.2.0/../../../../mips64-elf/lib/libdragon.a(timer.o)
 .rodata.new_timer.str1.8
                0x800232f4       0x35 /n64_toolchain/lib/gcc/mips64-elf/14.2.0/../../../../mips64-elf/lib/libdragon.a(timer.o)
 *fill*         0x800232f4        0x4 
 .rodata.__func__.3
                0x800232f8        0xb /n64_toolchain/lib/gcc/mips64-elf/14.2.0/../../../../mips64-elf/lib/libdragon.a(timer.o)
 *fill*         0x80023303        0x5 
 .rodata.__func__.6
                0x80023308       0x12 /n64_toolchain/lib/gcc/mips64-elf/14.2.0/../../../../mips64-elf/lib/libdragon.a(timer.o)
 *fill*         0x8002331a        0x6 
 .rodata.__func__.8
                0x80023320        0xb /n64_toolchain/lib/gcc/mips64-elf/14.2.0/../../../../mips64-elf/lib/libdragon.a(timer.o)
 .rodata.joypad_accessory_check_read_crc_error.str1.8
                0x8002332b       0x57 /n64_toolchain/lib/gcc/mips64-elf/14.2.0/../../../../mips64-elf/lib/libdragon.a(joypad_accessory.o)
 *fill*         0x8002332b        0x1 
 .rodata.joypad_accessory_detect_write_callback
                0x8002332c       0x34 /n64_toolchain/lib/gcc/mips64-elf/14.2.0/../../../../mips64-elf/lib/libdragon.a(joypad_accessory.o)
 .rodata.joypad_transfer_pak_enable_write_callback.str1.8
                0x80023360       0x33 /n64_toolchain/lib/gcc/mips64-elf/14.2.0/../../../../mips64-elf/lib/libdragon.a(joypad_accessory.o)
 .rodata.joypad_accessory_detect_read_callback
                0x80023360       0x2c /n64_toolchain/lib/gcc/mips64-elf/14.2.0/../../../../mips64-elf/lib/libdragon.a(joypad_accessory.o)
 .rodata.joypad_accessory_reset.str1.8
                0x8002338c       0x2a /n64_toolchain/lib/gcc/mips64-elf/14.2.0/../../../../mips64-elf/lib/libdragon.a(joypad_accessory.o)
 *fill*         0x8002338c        0x4 
 .rodata.__func__.8
                0x80023390       0x1e /n64_toolchain/lib/gcc/mips64-elf/14.2.0/../../../../mips64-elf/lib/libdragon.a(joypad_accessory.o)
 *fill*         0x800233ae        0x2 
 .rodata.__func__.9
                0x800233b0       0x27 /n64_toolchain/lib/gcc/mips64-elf/14.2.0/../../../../mips64-elf/lib/libdragon.a(joypad_accessory.o)
 *fill*         0x800233d7        0x1 
 .rodata.__func__.10
                0x800233d8       0x2a /n64_toolchain/lib/gcc/mips64-elf/14.2.0/../../../../mips64-elf/lib/libdragon.a(joypad_accessory.o)
 *fill*         0x80023402        0x6 
 .rodata.__func__.11
                0x80023408       0x26 /n64_toolchain/lib/gcc/mips64-elf/14.2.0/../../../../mips64-elf/lib/libdragon.a(joypad_accessory.o)
 *fill*         0x8002342e        0x2 
 .rodata.__func__.12
                0x80023430       0x24 /n64_toolchain/lib/gcc/mips64-elf/14.2.0/../../../../mips64-elf/lib/libdragon.a(joypad_accessory.o)
 *fill*         0x80023454        0x4 
 .rodata.__func__.13
                0x80023458       0x17 /n64_toolchain/lib/gcc/mips64-elf/14.2.0/../../../../mips64-elf/lib/libdragon.a(joypad_accessory.o)
 .rodata.str1.8
                0x8002346f       0x5a /n64_toolchain/lib/gcc/mips64-elf/14.2.0/../../../../mips64-elf/lib/libc.a(libc_a-vfprintf.o)
 .rodata.str1.8
                0x8002346f       0x5a /n64_toolchain/lib/gcc/mips64-elf/14.2.0/../../../../mips64-elf/lib/libc.a(libc_a-svfprintf.o)
 .rodata.str1.8
                0x8002346f       0x71 /n64_toolchain/lib/gcc/mips64-elf/14.2.0/../../../../mips64-elf/lib/libc.a(libc_a-dtoa.o)
 .rodata.str1.8
                0x8002346f        0x2 /n64_toolchain/lib/gcc/mips64-elf/14.2.0/../../../../mips64-elf/lib/libc.a(libc_a-puts.o)
 .rodata.str1.8
                0x8002346f       0x52 /n64_toolchain/lib/gcc/mips64-elf/14.2.0/../../../../mips64-elf/lib/libc.a(libc_a-mprec.o)
 .rodata.str1.8
                0x8002346f       0x1a /n64_toolchain/lib/gcc/mips64-elf/14.2.0/../../../../mips64-elf/lib/libc.a(libc_a-locale.o)
 *(keep.rodata.*)
 *(.gnu.linkonce.r.*)
                0x800234e0                        . = ALIGN (0x8)
 *fill*         0x8002346f        0x1 

.MIPS.abiflags  0x80023470       0x18
 .MIPS.abiflags
                0x80023470       0x18 /n64_toolchain/lib/gcc/mips64-elf/14.2.0/crti.o

.rel.dyn        0x80023488        0x0
 .rel.dyn       0x80023488        0x0 /n64_toolchain/lib/gcc/mips64-elf/14.2.0/../../../../mips64-elf/lib/libdragon.a(rsp.o)
                0x80023488                        . = ALIGN (0x4)

.ctors          0x80023488       0x18
                0x80023488                        __CTOR_LIST__ = .
 *(.ctors)
 .ctors         0x80023488        0x4 /n64_toolchain/lib/gcc/mips64-elf/14.2.0/crtbegin.o
 .ctors         0x8002348c        0x4 /n64_toolchain/lib/gcc/mips64-elf/14.2.0/../../../../mips64-elf/lib/libdragon.a(inspector.o)
 .ctors         0x80023490        0x4 /n64_toolchain/lib/gcc/mips64-elf/14.2.0/../../../../mips64-elf/lib/libdragon.a(joybus.o)
 .ctors         0x80023494        0x4 /n64_toolchain/lib/gcc/mips64-elf/14.2.0/../../../../mips64-elf/lib/libdragon.a(n64sys.o)
 .ctors         0x80023498        0x4 /n64_toolchain/lib/gcc/mips64-elf/14.2.0/../../../../mips64-elf/lib/libdragon.a(interrupt.o)
 .ctors         0x8002349c        0x4 /n64_toolchain/lib/gcc/mips64-elf/14.2.0/crtend.o
                0x800234a0                        __CTOR_END__ = .
                0x800234a0                        . = ALIGN (0x8)

.data           0x800234a0      0xae8
                0x800234a0                        __data_start = .
 *(.data)
 .data          0x800234a0      0x1c4 /n64_toolchain/lib/gcc/mips64-elf/14.2.0/../../../../mips64-elf/lib/libdragon.a(rsp_crash.o)
                0x800234a0                rsp_crash_text_start
                0x80023660                rsp_crash_data_start
                0x80023660                rsp_crash_text_end
                0x80023664                rsp_crash_data_end
 *fill*         0x80023664        0x4 
 .data          0x80023668      0x120 /n64_toolchain/lib/gcc/mips64-elf/14.2.0/../../../../mips64-elf/lib/libc.a(libc_a-impure.o)
                0x80023668                _impure_data
 .data          0x80023788      0x408 /n64_toolchain/lib/gcc/mips64-elf/14.2.0/../../../../mips64-elf/lib/libc.a(libc_a-mallocr.o)
                0x80023788                __malloc_av_
 .data          0x80023b90        0xc /n64_toolchain/lib/gcc/mips64-elf/14.2.0/../../../../mips64-elf/lib/libc.a(libc_a-findfp.o)
                0x80023b90                __sglue
 *fill*         0x80023b9c        0x4 
 .data          0x80023ba0      0x16c /n64_toolchain/lib/gcc/mips64-elf/14.2.0/../../../../mips64-elf/lib/libc.a(libc_a-locale.o)
                0x80023ba0                __global_locale
 *(.data.*)
 *fill*         0x80023d0c        0x4 
 .data.sprite_font
                0x80023d10        0xc /n64_toolchain/lib/gcc/mips64-elf/14.2.0/../../../../mips64-elf/lib/libdragon.a(graphics.o)
 *fill*         0x80023d1c        0x4 
 .data.rsp_crash
                0x80023d20       0x20 /n64_toolchain/lib/gcc/mips64-elf/14.2.0/../../../../mips64-elf/lib/libdragon.a(rsp.o)
                0x80023d20                rsp_crash
 .data.__mips_fpreg
                0x80023d40       0x80 /n64_toolchain/lib/gcc/mips64-elf/14.2.0/../../../../mips64-elf/lib/libdragon.a(inspector.o)
                0x80023d40                __mips_fpreg
 .data.__mips_gpr
                0x80023dc0       0x88 /n64_toolchain/lib/gcc/mips64-elf/14.2.0/../../../../mips64-elf/lib/libdragon.a(inspector.o)
                0x80023dc0                __mips_gpr
 .data.warning.0
                0x80023e48       0xba /n64_toolchain/lib/gcc/mips64-elf/14.2.0/../../../../mips64-elf/lib/libdragonsys.a(system.o)
 *fill*         0x80023f02        0x6 
 .data.handle_map
                0x80023f08       0x80 /n64_toolchain/lib/gcc/mips64-elf/14.2.0/../../../../mips64-elf/lib/libdragonsys.a(system.o)
 *(keep.data.*)
 *(.gnu.linkonce.d.*)
                0x80023f88                        . = ALIGN (0x8)

.sdata          0x80023f88      0x1c0
                0x8002bf88                        _gp = (. + 0x8000)
 *(.sdata)
 .sdata         0x80023f88       0x28 build/game.o
 .sdata         0x80023fb0       0x30 build/draw.o
 .sdata         0x80023fe0       0x10 /n64_toolchain/lib/gcc/mips64-elf/14.2.0/../../../../mips64-elf/lib/libdragon.a(exception.o)
 .sdata         0x80023ff0        0xc /n64_toolchain/lib/gcc/mips64-elf/14.2.0/../../../../mips64-elf/lib/libm.a(libm_a-sf_floor.o)
 .sdata         0x80023ffc       0x28 /n64_toolchain/lib/gcc/mips64-elf/14.2.0/../../../../mips64-elf/lib/libm.a(libm_a-kf_cos.o)
 .sdata         0x80024024       0x1c /n64_toolchain/lib/gcc/mips64-elf/14.2.0/../../../../mips64-elf/lib/libm.a(libm_a-kf_sin.o)
 .sdata         0x80024040       0x24 /n64_toolchain/lib/gcc/mips64-elf/14.2.0/../../../../mips64-elf/lib/libm.a(libm_a-ef_rem_pio2.o)
 .sdata         0x80024064       0x1c /n64_toolchain/lib/gcc/mips64-elf/14.2.0/../../../../mips64-elf/lib/libm.a(libm_a-kf_rem_pio2.o)
 .sdata         0x80024080       0x18 /n64_toolchain/lib/gcc/mips64-elf/14.2.0/../../../../mips64-elf/lib/libm.a(libm_a-sf_scalbn.o)
 .sdata         0x80024098        0x8 /n64_toolchain/lib/gcc/mips64-elf/14.2.0/../../../../mips64-elf/lib/libc.a(libc_a-vfprintf.o)
 .sdata         0x800240a0        0x8 /n64_toolchain/lib/gcc/mips64-elf/14.2.0/../../../../mips64-elf/lib/libc.a(libc_a-svfprintf.o)
 .sdata         0x800240a8        0x4 /n64_toolchain/lib/gcc/mips64-elf/14.2.0/../../../../mips64-elf/lib/libc.a(libc_a-impure.o)
                0x800240a8                _impure_ptr
 .sdata         0x800240ac        0x8 /n64_toolchain/lib/gcc/mips64-elf/14.2.0/../../../../mips64-elf/lib/libc.a(libc_a-mallocr.o)
                0x800240ac                __malloc_sbrk_base
                0x800240b0                __malloc_trim_threshold
 *fill*         0x800240b4        0x4 
 .sdata         0x800240b8       0x48 /n64_toolchain/lib/gcc/mips64-elf/14.2.0/../../../../mips64-elf/lib/libc.a(libc_a-dtoa.o)
 .sdata         0x80024100       0x10 /n64_toolchain/lib/gcc/mips64-elf/14.2.0/../../../../mips64-elf/lib/libc.a(libc_a-mprec.o)
 *(.sdata.*)
 .sdata.playerFov
                0x80024110        0x4 build/game.o
                0x80024110                playerFov
 .sdata.num_local_players
                0x80024114        0x4 build/game.o
                0x80024114                num_local_players
 .sdata.now_showing
                0x80024118        0x4 /n64_toolchain/lib/gcc/mips64-elf/14.2.0/../../../../mips64-elf/lib/libdragon.a(display.o)
 .sdata.__buffers
                0x8002411c        0x4 /n64_toolchain/lib/gcc/mips64-elf/14.2.0/../../../../mips64-elf/lib/libdragon.a(display.o)
 .sdata.f_color
                0x80024120        0x4 /n64_toolchain/lib/gcc/mips64-elf/14.2.0/../../../../mips64-elf/lib/libdragon.a(graphics.o)
 .sdata.first_backtrace
                0x80024124        0x1 /n64_toolchain/lib/gcc/mips64-elf/14.2.0/../../../../mips64-elf/lib/libdragon.a(inspector.o)
 *fill*         0x80024125        0x3 
 .sdata.fpr_show_mode
                0x80024128        0x4 /n64_toolchain/lib/gcc/mips64-elf/14.2.0/../../../../mips64-elf/lib/libdragon.a(inspector.o)
 .sdata.__exception_handler
                0x8002412c        0x4 /n64_toolchain/lib/gcc/mips64-elf/14.2.0/../../../../mips64-elf/lib/libdragon.a(exception.o)
 .sdata.__interrupt_depth
                0x80024130        0x4 /n64_toolchain/lib/gcc/mips64-elf/14.2.0/../../../../mips64-elf/lib/libdragon.a(interrupt.o)
 .sdata.mainexe_symt.4
                0x80024134        0x4 /n64_toolchain/lib/gcc/mips64-elf/14.2.0/../../../../mips64-elf/lib/libdragon.a(backtrace.o)
 .sdata.SYMT_ROM
                0x80024138        0x4 /n64_toolchain/lib/gcc/mips64-elf/14.2.0/../../../../mips64-elf/lib/libdragon.a(backtrace.o)
 .sdata.console_redirect_debug
                0x8002413c        0x1 /n64_toolchain/lib/gcc/mips64-elf/14.2.0/../../../../mips64-elf/lib/libdragon.a(console.o)
 *fill*         0x8002413d        0x3 
 .sdata.handle_buckets_count
                0x80024140        0x4 /n64_toolchain/lib/gcc/mips64-elf/14.2.0/../../../../mips64-elf/lib/libdragonsys.a(system.o)
 *(.gnu.linkonce.s.*)
                0x80024148                        . = ALIGN (0x8)
 *fill*         0x80024144        0x4 

.lit8           0x80024148        0x0
 *(.lit8)
                0x80024148                        . = ALIGN (0x8)

.lit4           0x80024148        0x0
 *(.lit4)
                0x80024148                        . = ALIGN (0x8)
                0x80024148                        . = ALIGN (0x8)
                0x80024148                        __data_end = .
                0x80024148                        . = ALIGN (0x8)
                0x80024148                        __rom_end = .

.sbss           0x80024148      0x170
                0x80024148                        __bss_start = .
 *(.sbss)
 .sbss          0x80024148        0x4 /n64_toolchain/lib/gcc/mips64-elf/14.2.0/../../../../mips64-elf/lib/libdragon.a(inthandler.o)
                0x80024148                interrupt_exception_frame
 *fill*         0x8002414c        0x4 
 .sbss          0x80024150       0x39 /n64_toolchain/lib/gcc/mips64-elf/14.2.0/../../../../mips64-elf/lib/libc.a(libc_a-lock.o)
                0x80024150                __lock___arc4random_mutex
                0x80024158                __lock___dd_hash_mutex
                0x80024160                __lock___tz_mutex
                0x80024168                __lock___env_recursive_mutex
                0x80024170                __lock___malloc_recursive_mutex
                0x80024178                __lock___at_quick_exit_mutex
                0x80024180                __lock___atexit_recursive_mutex
                0x80024188                __lock___sfp_recursive_mutex
 *fill*         0x80024189        0x3 
 .sbss          0x8002418c        0xc /n64_toolchain/lib/gcc/mips64-elf/14.2.0/../../../../mips64-elf/lib/libc.a(libc_a-mallocr.o)
                0x8002418c                __malloc_max_total_mem
                0x80024190                __malloc_max_sbrked_mem
                0x80024194                __malloc_top_pad
 .sbss          0x80024198        0x4 /n64_toolchain/lib/gcc/mips64-elf/14.2.0/../../../../mips64-elf/lib/libc.a(libc_a-findfp.o)
                0x80024198                __stdio_exit_handler
 .sbss          0x8002419c        0x4 /n64_toolchain/lib/gcc/mips64-elf/14.2.0/../../../../mips64-elf/lib/libc.a(libc_a-reent.o)
                0x8002419c                errno
 *(.sbss.*)
 .sbss.frame_times_duration
                0x800241a0        0x4 /n64_toolchain/lib/gcc/mips64-elf/14.2.0/../../../../mips64-elf/lib/libdragon.a(display.o)
 .sbss.frame_times_index
                0x800241a4        0x4 /n64_toolchain/lib/gcc/mips64-elf/14.2.0/../../../../mips64-elf/lib/libdragon.a(display.o)
 .sbss.ready_mask
                0x800241a8        0x4 /n64_toolchain/lib/gcc/mips64-elf/14.2.0/../../../../mips64-elf/lib/libdragon.a(display.o)
 .sbss.drawing_mask
                0x800241ac        0x4 /n64_toolchain/lib/gcc/mips64-elf/14.2.0/../../../../mips64-elf/lib/libdragon.a(display.o)
 .sbss.__height
                0x800241b0        0x4 /n64_toolchain/lib/gcc/mips64-elf/14.2.0/../../../../mips64-elf/lib/libdragon.a(display.o)
 .sbss.__width  0x800241b4        0x4 /n64_toolchain/lib/gcc/mips64-elf/14.2.0/../../../../mips64-elf/lib/libdragon.a(display.o)
 .sbss.__bitdepth
                0x800241b8        0x4 /n64_toolchain/lib/gcc/mips64-elf/14.2.0/../../../../mips64-elf/lib/libdragon.a(display.o)
 .sbss.surfaces
                0x800241bc        0x4 /n64_toolchain/lib/gcc/mips64-elf/14.2.0/../../../../mips64-elf/lib/libdragon.a(display.o)
 .sbss.b_color  0x800241c0        0x4 /n64_toolchain/lib/gcc/mips64-elf/14.2.0/../../../../mips64-elf/lib/libdragon.a(graphics.o)
 .sbss.cur_ucode
                0x800241c4        0x4 /n64_toolchain/lib/gcc/mips64-elf/14.2.0/../../../../mips64-elf/lib/libdragon.a(rsp.o)
 .sbss.backtrace.5
                0x800241c8        0x1 /n64_toolchain/lib/gcc/mips64-elf/14.2.0/../../../../mips64-elf/lib/libdragon.a(inspector.o)
 .sbss.in_inspector.6
                0x800241c9        0x1 /n64_toolchain/lib/gcc/mips64-elf/14.2.0/../../../../mips64-elf/lib/libdragon.a(inspector.o)
 *fill*         0x800241ca        0x2 
 .sbss.module_offset
                0x800241cc        0x4 /n64_toolchain/lib/gcc/mips64-elf/14.2.0/../../../../mips64-elf/lib/libdragon.a(inspector.o)
 .sbss.disasm_offset
                0x800241d0        0x4 /n64_toolchain/lib/gcc/mips64-elf/14.2.0/../../../../mips64-elf/lib/libdragon.a(inspector.o)
 .sbss.disasm_max_frames
                0x800241d4        0x4 /n64_toolchain/lib/gcc/mips64-elf/14.2.0/../../../../mips64-elf/lib/libdragon.a(inspector.o)
 .sbss.disasm_bt_idx
                0x800241d8        0x4 /n64_toolchain/lib/gcc/mips64-elf/14.2.0/../../../../mips64-elf/lib/libdragon.a(inspector.o)
 .sbss.disp     0x800241dc        0x4 /n64_toolchain/lib/gcc/mips64-elf/14.2.0/../../../../mips64-elf/lib/libdragon.a(inspector.o)
 .sbss.cursor_wordwrap
                0x800241e0        0x4 /n64_toolchain/lib/gcc/mips64-elf/14.2.0/../../../../mips64-elf/lib/libdragon.a(inspector.o)
 .sbss.cursor_columns
                0x800241e4        0x4 /n64_toolchain/lib/gcc/mips64-elf/14.2.0/../../../../mips64-elf/lib/libdragon.a(inspector.o)
 .sbss.cursor_y
                0x800241e8        0x4 /n64_toolchain/lib/gcc/mips64-elf/14.2.0/../../../../mips64-elf/lib/libdragon.a(inspector.o)
 .sbss.cursor_x
                0x800241ec        0x4 /n64_toolchain/lib/gcc/mips64-elf/14.2.0/../../../../mips64-elf/lib/libdragon.a(inspector.o)
 .sbss.backtrace_exception.4
                0x800241f0        0x1 /n64_toolchain/lib/gcc/mips64-elf/14.2.0/../../../../mips64-elf/lib/libdragon.a(exception.o)
 *fill*         0x800241f1        0x3 
 .sbss.__dl_num_loaded_modules
                0x800241f4        0x4 /n64_toolchain/lib/gcc/mips64-elf/14.2.0/../../../../mips64-elf/lib/libdragon.a(dlfcn.o)
                0x800241f4                __dl_num_loaded_modules
 .sbss.__dl_list_head
                0x800241f8        0x4 /n64_toolchain/lib/gcc/mips64-elf/14.2.0/../../../../mips64-elf/lib/libdragon.a(dlfcn.o)
                0x800241f8                __dl_list_head
 .sbss.__dl_lookup_module
                0x800241fc        0x4 /n64_toolchain/lib/gcc/mips64-elf/14.2.0/../../../../mips64-elf/lib/libdragon.a(dlfcn.o)
                0x800241fc                __dl_lookup_module
 .sbss.msgs_ridx
                0x80024200        0x4 /n64_toolchain/lib/gcc/mips64-elf/14.2.0/../../../../mips64-elf/lib/libdragon.a(joybus.o)
 .sbss.msgs_widx
                0x80024204        0x4 /n64_toolchain/lib/gcc/mips64-elf/14.2.0/../../../../mips64-elf/lib/libdragon.a(joybus.o)
 .sbss.joybus_state
                0x80024208        0x4 /n64_toolchain/lib/gcc/mips64-elf/14.2.0/../../../../mips64-elf/lib/libdragon.a(joybus.o)
 .sbss.joypad_init_refcount
                0x8002420c        0x4 /n64_toolchain/lib/gcc/mips64-elf/14.2.0/../../../../mips64-elf/lib/libdragon.a(joypad.o)
 .sbss.joypad_identifiers_hot
                0x80024210        0x8 /n64_toolchain/lib/gcc/mips64-elf/14.2.0/../../../../mips64-elf/lib/libdragon.a(joypad.o)
                0x80024210                joypad_identifiers_hot
 .sbss.joypad_gcn_origin_input_valid
                0x80024218        0x1 /n64_toolchain/lib/gcc/mips64-elf/14.2.0/../../../../mips64-elf/lib/libdragon.a(joypad.o)
 .sbss.joypad_gcn_origin_pending
                0x80024219        0x1 /n64_toolchain/lib/gcc/mips64-elf/14.2.0/../../../../mips64-elf/lib/libdragon.a(joypad.o)
 .sbss.joypad_read_input_valid
                0x8002421a        0x1 /n64_toolchain/lib/gcc/mips64-elf/14.2.0/../../../../mips64-elf/lib/libdragon.a(joypad.o)
 .sbss.joypad_read_pending
                0x8002421b        0x1 /n64_toolchain/lib/gcc/mips64-elf/14.2.0/../../../../mips64-elf/lib/libdragon.a(joypad.o)
 .sbss.joypad_identify_input_valid
                0x8002421c        0x1 /n64_toolchain/lib/gcc/mips64-elf/14.2.0/../../../../mips64-elf/lib/libdragon.a(joypad.o)
 .sbss.joypad_identify_pending
                0x8002421d        0x1 /n64_toolchain/lib/gcc/mips64-elf/14.2.0/../../../../mips64-elf/lib/libdragon.a(joypad.o)
 *fill*         0x8002421e        0x2 
 .sbss.joypad_identify_last_ticks
                0x80024220        0x4 /n64_toolchain/lib/gcc/mips64-elf/14.2.0/../../../../mips64-elf/lib/libdragon.a(joypad.o)
 .sbss.rdpq_trace
                0x80024224        0x4 /n64_toolchain/lib/gcc/mips64-elf/14.2.0/../../../../mips64-elf/lib/libdragon.a(rdpq_debug.o)
                0x80024224                rdpq_trace
 .sbss.ticks64_base
                0x80024228        0x8 /n64_toolchain/lib/gcc/mips64-elf/14.2.0/../../../../mips64-elf/lib/libdragon.a(n64sys.o)
 .sbss.ticks64_base_tick
                0x80024230        0x4 /n64_toolchain/lib/gcc/mips64-elf/14.2.0/../../../../mips64-elf/lib/libdragon.a(n64sys.o)
 .sbss.__expanded_memory_asserted
                0x80024234        0x1 /n64_toolchain/lib/gcc/mips64-elf/14.2.0/../../../../mips64-elf/lib/libdragon.a(n64sys.o)
                0x80024234                __expanded_memory_asserted
 *fill*         0x80024235        0x3 
 .sbss.__boot_consoletype
                0x80024238        0x4 /n64_toolchain/lib/gcc/mips64-elf/14.2.0/../../../../mips64-elf/lib/libdragon.a(n64sys.o)
                0x80024238                __boot_consoletype
 .sbss.__boot_resettype
                0x8002423c        0x4 /n64_toolchain/lib/gcc/mips64-elf/14.2.0/../../../../mips64-elf/lib/libdragon.a(n64sys.o)
                0x8002423c                __boot_resettype
 .sbss.__boot_tvtype
                0x80024240        0x4 /n64_toolchain/lib/gcc/mips64-elf/14.2.0/../../../../mips64-elf/lib/libdragon.a(n64sys.o)
                0x80024240                __boot_tvtype
 .sbss.__boot_memsize
                0x80024244        0x4 /n64_toolchain/lib/gcc/mips64-elf/14.2.0/../../../../mips64-elf/lib/libdragon.a(n64sys.o)
                0x80024244                __boot_memsize
 .sbss.last_cart_interrupt_count.4
                0x80024248        0x4 /n64_toolchain/lib/gcc/mips64-elf/14.2.0/../../../../mips64-elf/lib/libdragon.a(interrupt.o)
 .sbss.__prenmi_tick
                0x8002424c        0x4 /n64_toolchain/lib/gcc/mips64-elf/14.2.0/../../../../mips64-elf/lib/libdragon.a(interrupt.o)
 .sbss.BB_MD_callback
                0x80024250        0x4 /n64_toolchain/lib/gcc/mips64-elf/14.2.0/../../../../mips64-elf/lib/libdragon.a(interrupt.o)
                0x80024250                BB_MD_callback
 .sbss.BB_USB1_callback
                0x80024254        0x4 /n64_toolchain/lib/gcc/mips64-elf/14.2.0/../../../../mips64-elf/lib/libdragon.a(interrupt.o)
                0x80024254                BB_USB1_callback
 .sbss.BB_USB0_callback
                0x80024258        0x4 /n64_toolchain/lib/gcc/mips64-elf/14.2.0/../../../../mips64-elf/lib/libdragon.a(interrupt.o)
                0x80024258                BB_USB0_callback
 .sbss.BB_AES_callback
                0x8002425c        0x4 /n64_toolchain/lib/gcc/mips64-elf/14.2.0/../../../../mips64-elf/lib/libdragon.a(interrupt.o)
                0x8002425c                BB_AES_callback
 .sbss.BB_FLASH_callback
                0x80024260        0x4 /n64_toolchain/lib/gcc/mips64-elf/14.2.0/../../../../mips64-elf/lib/libdragon.a(interrupt.o)
                0x80024260                BB_FLASH_callback
 .sbss.CART_callback
                0x80024264        0x4 /n64_toolchain/lib/gcc/mips64-elf/14.2.0/../../../../mips64-elf/lib/libdragon.a(interrupt.o)
                0x80024264                CART_callback
 .sbss.TI_callback